#-----------------------------------------------------------
# PlanAhead v14.7
# Build 321239 by xbuild on Fri Sep 27 19:31:35 MDT 2013
# Start of session at: Sat Jan 17 02:11:24 2015
# Process ID: 11084
# Log file: C:/Users/cal/Desktop/School/CST345/CST345_lab01/planAhead_run_3/planAhead.log
# Journal file: C:/Users/cal/Desktop/School/CST345/CST345_lab01/planAhead_run_3/planAhead.jou
#-----------------------------------------------------------
start_gui
source C:/Users/cal/Desktop/School/CST345/CST345_lab01/pa.fromHdl.tcl
update_compile_order -fileset sim_1
set_property package_pin "" [get_ports [list  {a[2]}]]
set_property iostandard LVCMOS25 [get_ports [list {a[3]} {a[2]} {a[1]} {a[0]}]]
set_property iostandard {} [get_ports [list {a[3]} {a[2]} {a[1]} {a[0]}]]
startgroup
set_property package_pin N11 [get_ports {a[2]}]
set_property package_pin V12 [get_ports {a[3]}]
set_property package_pin T8 [get_ports {a[0]}]
set_property package_pin T10 [get_ports {a[1]}]
endgroup
startgroup
set_property package_pin T10 [get_ports {a[1]}]
endgroup
startgroup
set_property package_pin N11 [get_ports {a[2]}]
endgroup
startgroup
set_property package_pin M8 [get_ports {a[3]}]
endgroup
startgroup
set_property package_pin V9 [get_ports {a[2]}]
endgroup
startgroup
set_property package_pin T9 [get_ports {a[1]}]
endgroup
startgroup
set_property package_pin T10 [get_ports {a[0]}]
endgroup
startgroup
set_property package_pin T9 [get_ports {a[1]}]
endgroup
startgroup
set_property package_pin V9 [get_ports {a[2]}]
endgroup
startgroup
set_property package_pin T5 [get_ports {b[3]}]
endgroup
startgroup
set_property package_pin V8 [get_ports {b[2]}]
endgroup
startgroup
set_property package_pin U8 [get_ports {b[1]}]
endgroup
startgroup
set_property package_pin N8 [get_ports {b[0]}]
endgroup
startgroup
set_property package_pin A2 [get_ports {b[1]}]
endgroup
startgroup
set_property package_pin N8 [get_ports {b[0]}]
endgroup
startgroup
set_property package_pin U8 [get_ports {b[1]}]
endgroup
startgroup
set_property package_pin V15 [get_ports {sum[3]}]
endgroup
startgroup
set_property package_pin U15 [get_ports {sum[2]}]
endgroup
startgroup
set_property package_pin V16 [get_ports {sum[1]}]
endgroup
startgroup
set_property package_pin U16 [get_ports {sum[0]}]
endgroup
startgroup
set_property package_pin T11 [get_ports cout]
endgroup
startgroup
set_property package_pin U16 [get_ports {sum[0]}]
endgroup
startgroup
set_property package_pin U16 [get_ports {sum[0]}]
endgroup
startgroup
set_property package_pin T11 [get_ports cout]
endgroup
save_constraints
