C:\Users\mainuser\Desktop\School\CST345\FinalTry7\BSB\implementation\system.ngc 1426737280
C:/Users/mainuser/Desktop/School/CST345/FinalTry7/BSB/implementation/system_dip_switches_8bits_wrapper.ngc 1426737168
C:/Users/mainuser/Desktop/School/CST345/FinalTry7/BSB/implementation/system_mykeyboard_0_wrapper.ngc 1426737230
C:/Users/mainuser/Desktop/School/CST345/FinalTry7/BSB/implementation/system_rs232_uart_1_wrapper.ngc 1426737155
C:/Users/mainuser/Desktop/School/CST345/FinalTry7/BSB/implementation/system_clock_generator_0_wrapper.ngc 1426737261
C:/Users/mainuser/Desktop/School/CST345/FinalTry7/BSB/implementation/system_proc_sys_reset_0_wrapper.ngc 1426737190
C:/Users/mainuser/Desktop/School/CST345/FinalTry7/BSB/implementation/system_microblaze_0_wrapper.ngc 1426737248
C:/Users/mainuser/Desktop/School/CST345/FinalTry7/BSB/implementation/system_mb_plb_wrapper.ngc 1426737109
C:/Users/mainuser/Desktop/School/CST345/FinalTry7/BSB/implementation/system_ilmb_wrapper.ngc 1426737252
C:/Users/mainuser/Desktop/School/CST345/FinalTry7/BSB/implementation/system_dlmb_wrapper.ngc 1426737256
C:/Users/mainuser/Desktop/School/CST345/FinalTry7/BSB/implementation/system_dlmb_cntlr_wrapper.ngc 1426737128
C:/Users/mainuser/Desktop/School/CST345/FinalTry7/BSB/implementation/system_ilmb_cntlr_wrapper.ngc 1426737134
C:/Users/mainuser/Desktop/School/CST345/FinalTry7/BSB/implementation/system_mdm_0_wrapper.ngc 1426737184
C:/Users/mainuser/Desktop/School/CST345/FinalTry7/BSB/implementation/system_xps_iic_0_wrapper.ngc 1426737208
C:/Users/mainuser/Desktop/School/CST345/FinalTry7/BSB/implementation/system_mydemoleds_0_wrapper.ngc 1426737219
C:/Users/mainuser/Desktop/School/CST345/FinalTry7/BSB/implementation/system_mymuxeddisplay_0_wrapper.ngc 1426737243
C:/Users/mainuser/Desktop/School/CST345/FinalTry7/BSB/implementation/system_lmb_bram_wrapper.ngc 1426737143
OK
