#-----------------------------------------------------------
# PlanAhead v14.7
# Build 321239 by xbuild on Fri Sep 27 19:31:35 MDT 2013
# Start of session at: Wed Feb 11 00:52:18 2015
# Process ID: 13728
# Log file: C:/Users/cal/Desktop/School/CST345/Lab04/Lab04/planAhead_run_1/planAhead.log
# Journal file: C:/Users/cal/Desktop/School/CST345/Lab04/Lab04/planAhead_run_1/planAhead.jou
#-----------------------------------------------------------
start_gui
source C:/Users/cal/Desktop/School/CST345/Lab04/Lab04/pa.fromHdl.tcl
update_compile_order -fileset sim_1
startgroup
set_property package_pin T17 [get_ports a]
endgroup
startgroup
set_property package_pin T18 [get_ports b]
endgroup
startgroup
set_property package_pin P17 [get_ports an1]
endgroup
startgroup
set_property package_pin P18 [get_ports an2]
endgroup
startgroup
set_property package_pin N15 [get_ports an3]
endgroup
startgroup
set_property package_pin N16 [get_ports an4]
endgroup
startgroup
set_property package_pin U17 [get_ports c]
endgroup
startgroup
set_property package_pin U18 [get_ports d]
endgroup
startgroup
set_property package_pin M13 [get_ports dp]
endgroup
set_property package_pin "" [get_ports [list  dp0]]
set_property package_pin "" [get_ports [list  dp3]]
startgroup
set_property package_pin M14 [get_ports e]
endgroup
startgroup
set_property package_pin N14 [get_ports f]
endgroup
startgroup
set_property package_pin L14 [get_ports g]
endgroup
save_constraints -force
