C:\Users\mainuser\Desktop\School\CST345\FinalTry2\BSB\implementation\system.ngc 1426473765
C:/Users/mainuser/Desktop/School/CST345/FinalTry2/BSB/implementation/system_dip_switches_8bits_wrapper.ngc 1426473724
C:/Users/mainuser/Desktop/School/CST345/FinalTry2/BSB/implementation/system_rs232_uart_1_wrapper.ngc 1426473724
C:/Users/mainuser/Desktop/School/CST345/FinalTry2/BSB/implementation/system_clock_generator_0_wrapper.ngc 1426473748
C:/Users/mainuser/Desktop/School/CST345/FinalTry2/BSB/implementation/system_proc_sys_reset_0_wrapper.ngc 1426473724
C:/Users/mainuser/Desktop/School/CST345/FinalTry2/BSB/implementation/system_microblaze_0_wrapper.ngc 1426473724
C:/Users/mainuser/Desktop/School/CST345/FinalTry2/BSB/implementation/system_mb_plb_wrapper.ngc 1426473724
C:/Users/mainuser/Desktop/School/CST345/FinalTry2/BSB/implementation/system_ilmb_wrapper.ngc 1426473724
C:/Users/mainuser/Desktop/School/CST345/FinalTry2/BSB/implementation/system_dlmb_wrapper.ngc 1426473724
C:/Users/mainuser/Desktop/School/CST345/FinalTry2/BSB/implementation/system_dlmb_cntlr_wrapper.ngc 1426473724
C:/Users/mainuser/Desktop/School/CST345/FinalTry2/BSB/implementation/system_ilmb_cntlr_wrapper.ngc 1426473724
C:/Users/mainuser/Desktop/School/CST345/FinalTry2/BSB/implementation/system_mdm_0_wrapper.ngc 1426473724
C:/Users/mainuser/Desktop/School/CST345/FinalTry2/BSB/implementation/system_mydemoleds_0_wrapper.ngc 1426473744
C:/Users/mainuser/Desktop/School/CST345/FinalTry2/BSB/implementation/system_lmb_bram_wrapper.ngc 1426473724
OK
