00:27:50 **** Build of project Final_bsp ****
make -k all 
libgen -hw ../BSB_hw_platform/system.xml\
	       \
	       -pe microblaze_0 \
	       -log libgen.log \
	       system.mss
libgen
Xilinx EDK 14.7 Build EDK_P.20131013
Copyright (c) 1995-2012 Xilinx, Inc.  All rights reserved.

Command Line: libgen -hw ../BSB_hw_platform/system.xml -pe microblaze_0 -log
libgen.log system.mss 


Staging source files.
Running DRCs.
Running generate.
Running post_generate.
Running include - 'make -s include "COMPILER=mb-gcc" "ARCHIVER=mb-ar"
"COMPILER_FLAGS=-mno-xl-soft-mul -mxl-barrel-shift -mxl-pattern-compare
-mcpu=v8.50.c  -O2 -c" "EXTRA_COMPILER_FLAGS=-g -ffunction-sections
-fdata-sections"'.

Running libs - 'make -s libs "COMPILER=mb-gcc" "ARCHIVER=mb-ar"
"COMPILER_FLAGS=-mno-xl-soft-mul -mxl-barrel-shift -mxl-pattern-compare
-mcpu=v8.50.c  -O2 -c" "EXTRA_COMPILER_FLAGS=-g -ffunction-sections
-fdata-sections"'.
"Compiling common"
"Compiling standalone";
"Compiling gpio"
"Compiling bram"
"Compiling uartlite"
"Compiling iic"
"Compiling cpu"
Running execs_generate.
'Finished building libraries'
00:28:07 **** Build of configuration Debug for project Final ****
make all 
'Building file: ../src/helloworld.c'
'Invoking: MicroBlaze gcc compiler'
mb-gcc -Wall -O0 -g3 -c -fmessage-length=0 -I../../Final_bsp/microblaze_0/include -mxl-barrel-shift -mxl-pattern-compare -mcpu=v8.50.c -mno-xl-soft-mul -Wl,--no-relax -ffunction-sections -fdata-sections -MMD -MP -MF"src/helloworld.d" -MT"src/helloworld.d" -o "src/helloworld.o" "../src/helloworld.c"
../src/helloworld.c: In function 'main':
../src/helloworld.c:128:15: warning: unknown escape sequence: '\c' [enabled by default]
../src/helloworld.c:88:9: warning: unused variable 'RecievedByteCount2' [-Wunused-variable]
../src/helloworld.c:60:9: warning: unused variable 'test' [-Wunused-variable]
../src/helloworld.c:59:17: warning: unused variable 'Iic' [-Wunused-variable]
'Finished building: ../src/helloworld.c'
' '
'Building file: ../src/platform.c'
'Invoking: MicroBlaze gcc compiler'
mb-gcc -Wall -O0 -g3 -c -fmessage-length=0 -I../../Final_bsp/microblaze_0/include -mxl-barrel-shift -mxl-pattern-compare -mcpu=v8.50.c -mno-xl-soft-mul -Wl,--no-relax -ffunction-sections -fdata-sections -MMD -MP -MF"src/platform.d" -MT"src/platform.d" -o "src/platform.o" "../src/platform.c"
'Finished building: ../src/platform.c'
' '
'Building target: Final.elf'
'Invoking: MicroBlaze gcc linker'
mb-gcc -Wl,-T -Wl,../src/lscript.ld -L../../Final_bsp/microblaze_0/lib -mxl-barrel-shift -mxl-pattern-compare -mcpu=v8.50.c -mno-xl-soft-mul -Wl,--no-relax -Wl,--gc-sections -o "Final.elf"  ./src/helloworld.o ./src/platform.o   -Wl,--start-group,-lxil,-lgcc,-lc,--end-group
'Finished building target: Final.elf'
' '
'Invoking: MicroBlaze Print Size'
mb-size Final.elf  |tee "Final.elf.size"
   text	   data	    bss	    dec	    hex	filename
  13530	    272	   2086	  15888	   3e10	Final.elf
'Finished building: Final.elf.size'
' '
'Invoking: Xilinx ELF Check'
elfcheck Final.elf -hw ../../BSB_hw_platform/system.xml -pe microblaze_0  |tee "Final.elf.elfcheck"
elfcheck
Xilinx EDK 14.7 Build EDK_P.20131013
Copyright (c) 1995-2012 Xilinx, Inc.  All rights reserved.

Command Line: elfcheck -hw ../../BSB_hw_platform/system.xml -pe microblaze_0
Final.elf 

ELF file	: Final.elf
elfcheck passed.
'Finished building: Final.elf.elfcheck'
' '
00:28:45 **** Auto Build of project Final_bsp ****
make -k all 
'Finished building libraries'
00:29:00 **** Incremental Build of configuration Debug for project Final ****
make all 
make: Nothing to be done for `all'.
00:29:18 **** Incremental Build of configuration Debug for project Final ****
make all 
make: Nothing to be done for `all'.
