20:33:03 **** Build of project Lab05_bsp ****
make -k all 
libgen -hw ../Lab05_hw_platform/system.xml\
	       \
	       -pe microblaze_0 \
	       -log libgen.log \
	       system.mss
libgen
Xilinx EDK 14.7 Build EDK_P.20131013
Copyright (c) 1995-2012 Xilinx, Inc.  All rights reserved.

Command Line: libgen -hw ../Lab05_hw_platform/system.xml -pe microblaze_0 -log
libgen.log system.mss 


Staging source files.
Running DRCs.
Running generate.
Running post_generate.
Running include - 'make -s include "COMPILER=mb-gcc" "ARCHIVER=mb-ar"
"COMPILER_FLAGS=-mno-xl-soft-mul -mxl-barrel-shift -mxl-pattern-compare
-mcpu=v8.50.c  -O2 -c" "EXTRA_COMPILER_FLAGS=-g -ffunction-sections
-fdata-sections"'.

Running libs - 'make -s libs "COMPILER=mb-gcc" "ARCHIVER=mb-ar"
"COMPILER_FLAGS=-mno-xl-soft-mul -mxl-barrel-shift -mxl-pattern-compare
-mcpu=v8.50.c  -O2 -c" "EXTRA_COMPILER_FLAGS=-g -ffunction-sections
-fdata-sections"'.
"Compiling common"
"Compiling standalone";
"Compiling gpio"
"Compiling bram"
"Compiling uartlite"
"Compiling cpu"
Running execs_generate.
'Finished building libraries'
20:33:56 **** Build of configuration Debug for project Lab05 ****
make all 
'Building file: ../src/helloworld.c'
'Invoking: MicroBlaze gcc compiler'
mb-gcc -Wall -O0 -g3 -c -fmessage-length=0 -I../../Lab05_bsp/microblaze_0/include -mxl-barrel-shift -mxl-pattern-compare -mcpu=v8.50.c -mno-xl-soft-mul -Wl,--no-relax -ffunction-sections -fdata-sections -MMD -MP -MF"src/helloworld.d" -MT"src/helloworld.d" -o "src/helloworld.o" "../src/helloworld.c"
'Finished building: ../src/helloworld.c'
' '
'Building file: ../src/platform.c'
'Invoking: MicroBlaze gcc compiler'
mb-gcc -Wall -O0 -g3 -c -fmessage-length=0 -I../../Lab05_bsp/microblaze_0/include -mxl-barrel-shift -mxl-pattern-compare -mcpu=v8.50.c -mno-xl-soft-mul -Wl,--no-relax -ffunction-sections -fdata-sections -MMD -MP -MF"src/platform.d" -MT"src/platform.d" -o "src/platform.o" "../src/platform.c"
'Finished building: ../src/platform.c'
' '
'Building target: Lab05.elf'
'Invoking: MicroBlaze gcc linker'
mb-gcc -Wl,-T -Wl,../src/lscript.ld -L../../Lab05_bsp/microblaze_0/lib -mxl-barrel-shift -mxl-pattern-compare -mcpu=v8.50.c -mno-xl-soft-mul -Wl,--no-relax -Wl,--gc-sections -o "Lab05.elf"  ./src/helloworld.o ./src/platform.o   -Wl,--start-group,-lxil,-lgcc,-lc,--end-group
'Finished building target: Lab05.elf'
' '
'Invoking: MicroBlaze Print Size'
mb-size Lab05.elf  |tee "Lab05.elf.size"
   text	   data	    bss	    dec	    hex	filename
   2174	    268	   2084	   4526	   11ae	Lab05.elf
'Finished building: Lab05.elf.size'
' '
'Invoking: Xilinx ELF Check'
elfcheck Lab05.elf -hw ../../Lab05_hw_platform/system.xml -pe microblaze_0  |tee "Lab05.elf.elfcheck"
elfcheck
Xilinx EDK 14.7 Build EDK_P.20131013
Copyright (c) 1995-2012 Xilinx, Inc.  All rights reserved.

Command Line: elfcheck -hw ../../Lab05_hw_platform/system.xml -pe microblaze_0
Lab05.elf 

ELF file	: Lab05.elf
elfcheck passed.
'Finished building: Lab05.elf.elfcheck'
' '
20:35:01 **** Auto Build of configuration Debug for project Lab05 ****
make all 
'Building file: ../src/helloworld.c'
'Invoking: MicroBlaze gcc compiler'
mb-gcc -Wall -O0 -g3 -c -fmessage-length=0 -I../../Lab05_bsp/microblaze_0/include -mxl-barrel-shift -mxl-pattern-compare -mcpu=v8.50.c -mno-xl-soft-mul -Wl,--no-relax -ffunction-sections -fdata-sections -MMD -MP -MF"src/helloworld.d" -MT"src/helloworld.d" -o "src/helloworld.o" "../src/helloworld.c"
'Finished building: ../src/helloworld.c'
' '
'Building target: Lab05.elf'
'Invoking: MicroBlaze gcc linker'
mb-gcc -Wl,-T -Wl,../src/lscript.ld -L../../Lab05_bsp/microblaze_0/lib -mxl-barrel-shift -mxl-pattern-compare -mcpu=v8.50.c -mno-xl-soft-mul -Wl,--no-relax -Wl,--gc-sections -o "Lab05.elf"  ./src/helloworld.o ./src/platform.o   -Wl,--start-group,-lxil,-lgcc,-lc,--end-group
'Finished building target: Lab05.elf'
' '
'Invoking: MicroBlaze Print Size'
mb-size Lab05.elf  |tee "Lab05.elf.size"
   text	   data	    bss	    dec	    hex	filename
   2174	    268	   2084	   4526	   11ae	Lab05.elf
'Finished building: Lab05.elf.size'
' '
'Invoking: Xilinx ELF Check'
elfcheck Lab05.elf -hw ../../Lab05_hw_platform/system.xml -pe microblaze_0  |tee "Lab05.elf.elfcheck"
elfcheck
Xilinx EDK 14.7 Build EDK_P.20131013
Copyright (c) 1995-2012 Xilinx, Inc.  All rights reserved.

Command Line: elfcheck -hw ../../Lab05_hw_platform/system.xml -pe microblaze_0
Lab05.elf 

ELF file	: Lab05.elf
elfcheck passed.
'Finished building: Lab05.elf.elfcheck'
' '
20:35:27 **** Auto Build of configuration Debug for project Lab05 ****
make all 
'Building file: ../src/helloworld.c'
'Invoking: MicroBlaze gcc compiler'
mb-gcc -Wall -O0 -g3 -c -fmessage-length=0 -I../../Lab05_bsp/microblaze_0/include -mxl-barrel-shift -mxl-pattern-compare -mcpu=v8.50.c -mno-xl-soft-mul -Wl,--no-relax -ffunction-sections -fdata-sections -MMD -MP -MF"src/helloworld.d" -MT"src/helloworld.d" -o "src/helloworld.o" "../src/helloworld.c"
'Finished building: ../src/helloworld.c'
' '
'Building file: ../src/microblaze_demo.c'
'Invoking: MicroBlaze gcc compiler'
mb-gcc -Wall -O0 -g3 -c -fmessage-length=0 -I../../Lab05_bsp/microblaze_0/include -mxl-barrel-shift -mxl-pattern-compare -mcpu=v8.50.c -mno-xl-soft-mul -Wl,--no-relax -ffunction-sections -fdata-sections -MMD -MP -MF"src/microblaze_demo.d" -MT"src/microblaze_demo.d" -o "src/microblaze_demo.o" "../src/microblaze_demo.c"
'Finished building: ../src/microblaze_demo.c'
' '
'Building target: Lab05.elf'
'Invoking: MicroBlaze gcc linker'
mb-gcc -Wl,-T -Wl,../src/lscript.ld -L../../Lab05_bsp/microblaze_0/lib -mxl-barrel-shift -mxl-pattern-compare -mcpu=v8.50.c -mno-xl-soft-mul -Wl,--no-relax -Wl,--gc-sections -o "Lab05.elf"  ./src/helloworld.o ./src/microblaze_demo.o ./src/platform.o   -Wl,--start-group,-lxil,-lgcc,-lc,--end-group
'Finished building target: Lab05.elf'
' '
'Invoking: MicroBlaze Print Size'
mb-size Lab05.elf  |tee "Lab05.elf.size"
   text	   data	    bss	    dec	    hex	filename
   3210	    320	   2094	   5624	   15f8	Lab05.elf
'Finished building: Lab05.elf.size'
' '
'Invoking: Xilinx ELF Check'
elfcheck Lab05.elf -hw ../../Lab05_hw_platform/system.xml -pe microblaze_0  |tee "Lab05.elf.elfcheck"
elfcheck
Xilinx EDK 14.7 Build EDK_P.20131013
Copyright (c) 1995-2012 Xilinx, Inc.  All rights reserved.

Command Line: elfcheck -hw ../../Lab05_hw_platform/system.xml -pe microblaze_0
Lab05.elf 

ELF file	: Lab05.elf
elfcheck passed.
'Finished building: Lab05.elf.elfcheck'
' '
20:35:53 **** Auto Build of configuration Debug for project Lab05 ****
make all 
'Building file: ../src/microblaze_demo.c'
'Invoking: MicroBlaze gcc compiler'
mb-gcc -Wall -O0 -g3 -c -fmessage-length=0 -I../../Lab05_bsp/microblaze_0/include -mxl-barrel-shift -mxl-pattern-compare -mcpu=v8.50.c -mno-xl-soft-mul -Wl,--no-relax -ffunction-sections -fdata-sections -MMD -MP -MF"src/microblaze_demo.d" -MT"src/microblaze_demo.d" -o "src/microblaze_demo.o" "../src/microblaze_demo.c"
'Finished building: ../src/microblaze_demo.c'
' '
'Building target: Lab05.elf'
'Invoking: MicroBlaze gcc linker'
mb-gcc -Wl,-T -Wl,../src/lscript.ld -L../../Lab05_bsp/microblaze_0/lib -mxl-barrel-shift -mxl-pattern-compare -mcpu=v8.50.c -mno-xl-soft-mul -Wl,--no-relax -Wl,--gc-sections -o "Lab05.elf"  ./src/helloworld.o ./src/microblaze_demo.o ./src/platform.o   -Wl,--start-group,-lxil,-lgcc,-lc,--end-group
'Finished building target: Lab05.elf'
' '
'Invoking: MicroBlaze Print Size'
mb-size Lab05.elf  |tee "Lab05.elf.size"
   text	   data	    bss	    dec	    hex	filename
   3210	    320	   2094	   5624	   15f8	Lab05.elf
'Finished building: Lab05.elf.size'
' '
'Invoking: Xilinx ELF Check'
elfcheck Lab05.elf -hw ../../Lab05_hw_platform/system.xml -pe microblaze_0  |tee "Lab05.elf.elfcheck"
elfcheck
Xilinx EDK 14.7 Build EDK_P.20131013
Copyright (c) 1995-2012 Xilinx, Inc.  All rights reserved.

Command Line: elfcheck -hw ../../Lab05_hw_platform/system.xml -pe microblaze_0
Lab05.elf 

ELF file	: Lab05.elf
elfcheck passed.
'Finished building: Lab05.elf.elfcheck'
' '
20:40:06 **** Auto Build of project Lab05_bsp ****
make -k all 
'Finished building libraries'
20:40:21 **** Incremental Build of configuration Debug for project Lab05 ****
make all 
make: Nothing to be done for `all'.
20:40:56 **** Incremental Build of configuration Debug for project Lab05 ****
make all 
make: Nothing to be done for `all'.
20:47:05 **** Auto Build of project Lab05_bsp ****
make -k all 
'Finished building libraries'
20:49:46 **** Auto Build of project Lab05_bsp ****
make -k all 
'Finished building libraries'
20:52:11 **** Auto Build of project Lab05_bsp ****
make -k all 
'Finished building libraries'
21:26:50 **** Auto Build of project Lab05_bsp ****
make -k all 
'Finished building libraries'
21:28:12 **** Auto Build of project Lab05_bsp ****
make -k all 
libgen -hw ../Lab05_hw_platform/system.xml\
	       \
	       -pe microblaze_0 \
	       -log libgen.log \
	       system.mss
libgen
Xilinx EDK 14.7 Build EDK_P.20131013
Copyright (c) 1995-2012 Xilinx, Inc.  All rights reserved.

Command Line: libgen -hw ../Lab05_hw_platform/system.xml -pe microblaze_0 -log
libgen.log system.mss 


Staging source files.
Running DRCs.
Running generate.
Running post_generate.
Running include - 'make -s include "COMPILER=mb-gcc" "ARCHIVER=mb-ar"
"COMPILER_FLAGS=-mno-xl-soft-mul -mxl-barrel-shift -mxl-pattern-compare
-mcpu=v8.50.c  -O2 -c" "EXTRA_COMPILER_FLAGS=-g -ffunction-sections
-fdata-sections"'.

Running libs - 'make -s libs "COMPILER=mb-gcc" "ARCHIVER=mb-ar"
"COMPILER_FLAGS=-mno-xl-soft-mul -mxl-barrel-shift -mxl-pattern-compare
-mcpu=v8.50.c  -O2 -c" "EXTRA_COMPILER_FLAGS=-g -ffunction-sections
-fdata-sections"'.
"Compiling common"
"Compiling standalone";
"Compiling gpio"
"Compiling bram"
"Compiling uartlite"
"Compiling cpu"
Running execs_generate.
'Finished building libraries'
21:28:45 **** Auto Build of configuration Debug for project Lab05 ****
make all 
make: Nothing to be done for `all'.
22:24:56 **** Auto Build of project Lab05_bsp ****
make -k all 
'Finished building libraries'
22:26:35 **** Auto Build of project Lab05_bsp ****
make -k all 
libgen -hw ../Lab05_hw_platform/system.xml\
	       \
	       -pe microblaze_0 \
	       -log libgen.log \
	       system.mss
libgen
Xilinx EDK 14.7 Build EDK_P.20131013
Copyright (c) 1995-2012 Xilinx, Inc.  All rights reserved.

Command Line: libgen -hw ../Lab05_hw_platform/system.xml -pe microblaze_0 -log
libgen.log system.mss 

ERROR:EDK:410 - gpio -
   C:\Users\mainuser\Desktop\School\CST345\XilinxSDKWorkspace\Lab05_bsp\system.m
   ss line 51 - No IP instance named push_buttons_4bits is present in the
   hardware!
ERROR:EDK:1206 - Errors occured while parsing MSS file.
make: *** [microblaze_0/lib/libxil.a] Error 2
make: Target `all' not remade because of errors.
22:26:44 **** Auto Build of configuration Debug for project Lab05 ****
make all 
make: Nothing to be done for `all'.
22:26:50 **** Incremental Build of configuration Debug for project Lab05 ****
make all 
make: Nothing to be done for `all'.
22:30:27 **** Incremental Build of configuration Debug for project Lab05 ****
make all 
make: Nothing to be done for `all'.
