01:46:50 **** Auto Build of configuration Debug for project demo ****
make all 
'Building file: ../src/microblaze_demo.c'
'Invoking: MicroBlaze gcc compiler'
mb-gcc -Wall -O0 -g3 -c -fmessage-length=0 -I../../demo_bsp/microblaze_0/include -mxl-barrel-shift -mxl-pattern-compare -mcpu=v8.50.c -mno-xl-soft-mul -Wl,--no-relax -ffunction-sections -fdata-sections -MMD -MP -MF"src/microblaze_demo.d" -MT"src/microblaze_demo.d" -o "src/microblaze_demo.o" "../src/microblaze_demo.c"
'Finished building: ../src/microblaze_demo.c'
' '
'Building target: demo.elf'
'Invoking: MicroBlaze gcc linker'
mb-gcc -Wl,-T -Wl,../src/lscript.ld -L../../demo_bsp/microblaze_0/lib -mxl-barrel-shift -mxl-pattern-compare -mcpu=v8.50.c -mno-xl-soft-mul -Wl,--no-relax -Wl,--gc-sections -o "demo.elf"  ./src/microblaze_demo.o ./src/platform.o   -Wl,--start-group,-lxil,-lgcc,-lc,--end-group
'Finished building target: demo.elf'
' '
'Invoking: MicroBlaze Print Size'
mb-size demo.elf  |tee "demo.elf.size"
   text	   data	    bss	    dec	    hex	filename
   8510	    304	   2088	  10902	   2a96	demo.elf
'Finished building: demo.elf.size'
' '
'Invoking: Xilinx ELF Check'
elfcheck demo.elf -hw ../../MicroblazeStuff_hw_platform/system.xml -pe microblaze_0  |tee "demo.elf.elfcheck"
elfcheck
Xilinx EDK 14.7 Build EDK_P.20131013
Copyright (c) 1995-2012 Xilinx, Inc.  All rights reserved.

Command Line: elfcheck -hw ../../MicroblazeStuff_hw_platform/system.xml -pe
microblaze_0 demo.elf 

ELF file	: demo.elf
elfcheck passed.
'Finished building: demo.elf.elfcheck'
' '

01:46:52 Build Finished (took 1s.638ms)

