20:17:38 **** Build of project demo_bsp ****
make -k all 
libgen -hw ../MicroblazeStuff_hw_platform/system.xml\
	       \
	       -pe microblaze_0 \
	       -log libgen.log \
	       system.mss
libgen
Xilinx EDK 14.7 Build EDK_P.20131013
Copyright (c) 1995-2012 Xilinx, Inc.  All rights reserved.

Command Line: libgen -hw ../MicroblazeStuff_hw_platform/system.xml -pe
microblaze_0 -log libgen.log system.mss 


Staging source files.
Running DRCs.
Running generate.
Running post_generate.
Running include - 'make -s include "COMPILER=mb-gcc" "ARCHIVER=mb-ar"
"COMPILER_FLAGS=-mno-xl-soft-mul -mxl-barrel-shift -mxl-pattern-compare
-mcpu=v8.50.c  -O2 -c" "EXTRA_COMPILER_FLAGS=-g -ffunction-sections
-fdata-sections"'.

Running libs - 'make -s libs "COMPILER=mb-gcc" "ARCHIVER=mb-ar"
"COMPILER_FLAGS=-mno-xl-soft-mul -mxl-barrel-shift -mxl-pattern-compare
-mcpu=v8.50.c  -O2 -c" "EXTRA_COMPILER_FLAGS=-g -ffunction-sections
-fdata-sections"'.
"Compiling common"
"Compiling standalone";
"Compiling gpio"
"Compiling bram"
"Compiling uartlite"
"Compiling cpu"
Running execs_generate.
'Finished building libraries'
20:17:44 **** Build of configuration Debug for project demo ****
make all 
'Building file: ../src/helloworld.c'
'Invoking: MicroBlaze gcc compiler'
mb-gcc -Wall -O0 -g3 -c -fmessage-length=0 -I../../demo_bsp/microblaze_0/include -mxl-barrel-shift -mxl-pattern-compare -mcpu=v8.50.c -mno-xl-soft-mul -Wl,--no-relax -ffunction-sections -fdata-sections -MMD -MP -MF"src/helloworld.d" -MT"src/helloworld.d" -o "src/helloworld.o" "../src/helloworld.c"
'Finished building: ../src/helloworld.c'
' '
'Building file: ../src/platform.c'
'Invoking: MicroBlaze gcc compiler'
mb-gcc -Wall -O0 -g3 -c -fmessage-length=0 -I../../demo_bsp/microblaze_0/include -mxl-barrel-shift -mxl-pattern-compare -mcpu=v8.50.c -mno-xl-soft-mul -Wl,--no-relax -ffunction-sections -fdata-sections -MMD -MP -MF"src/platform.d" -MT"src/platform.d" -o "src/platform.o" "../src/platform.c"
'Finished building: ../src/platform.c'
' '
'Building target: demo.elf'
'Invoking: MicroBlaze gcc linker'
mb-gcc -Wl,-T -Wl,../src/lscript.ld -L../../demo_bsp/microblaze_0/lib -mxl-barrel-shift -mxl-pattern-compare -mcpu=v8.50.c -mno-xl-soft-mul -Wl,--no-relax -Wl,--gc-sections -o "demo.elf"  ./src/helloworld.o ./src/platform.o   -Wl,--start-group,-lxil,-lgcc,-lc,--end-group
'Finished building target: demo.elf'
' '
'Invoking: MicroBlaze Print Size'
mb-size demo.elf  |tee "demo.elf.size"
   text	   data	    bss	    dec	    hex	filename
   2174	    268	   2084	   4526	   11ae	demo.elf
'Finished building: demo.elf.size'
' '
'Invoking: Xilinx ELF Check'
elfcheck demo.elf -hw ../../MicroblazeStuff_hw_platform/system.xml -pe microblaze_0  |tee "demo.elf.elfcheck"
elfcheck
Xilinx EDK 14.7 Build EDK_P.20131013
Copyright (c) 1995-2012 Xilinx, Inc.  All rights reserved.

Command Line: elfcheck -hw ../../MicroblazeStuff_hw_platform/system.xml -pe
microblaze_0 demo.elf 

ELF file	: demo.elf
elfcheck passed.
'Finished building: demo.elf.elfcheck'
' '
20:22:15 **** Auto Build of configuration Debug for project demo ****
make all 
'Building file: ../src/helloworld.c'
'Invoking: MicroBlaze gcc compiler'
mb-gcc -Wall -O0 -g3 -c -fmessage-length=0 -I../../demo_bsp/microblaze_0/include -mxl-barrel-shift -mxl-pattern-compare -mcpu=v8.50.c -mno-xl-soft-mul -Wl,--no-relax -ffunction-sections -fdata-sections -MMD -MP -MF"src/helloworld.d" -MT"src/helloworld.d" -o "src/helloworld.o" "../src/helloworld.c"
'Finished building: ../src/helloworld.c'
' '
'Building target: demo.elf'
'Invoking: MicroBlaze gcc linker'
mb-gcc -Wl,-T -Wl,../src/lscript.ld -L../../demo_bsp/microblaze_0/lib -mxl-barrel-shift -mxl-pattern-compare -mcpu=v8.50.c -mno-xl-soft-mul -Wl,--no-relax -Wl,--gc-sections -o "demo.elf"  ./src/helloworld.o ./src/platform.o   -Wl,--start-group,-lxil,-lgcc,-lc,--end-group
'Finished building target: demo.elf'
' '
'Invoking: MicroBlaze Print Size'
mb-size demo.elf  |tee "demo.elf.size"
   text	   data	    bss	    dec	    hex	filename
   3182	    304	   2088	   5574	   15c6	demo.elf
'Finished building: demo.elf.size'
' '
'Invoking: Xilinx ELF Check'
elfcheck demo.elf -hw ../../MicroblazeStuff_hw_platform/system.xml -pe microblaze_0  |tee "demo.elf.elfcheck"
elfcheck
Xilinx EDK 14.7 Build EDK_P.20131013
Copyright (c) 1995-2012 Xilinx, Inc.  All rights reserved.

Command Line: elfcheck -hw ../../MicroblazeStuff_hw_platform/system.xml -pe
microblaze_0 demo.elf 

ELF file	: demo.elf
elfcheck passed.
'Finished building: demo.elf.elfcheck'
' '
20:23:04 **** Auto Build of configuration Debug for project demo ****
make all 
'Building file: ../src/helloworld.c'
'Invoking: MicroBlaze gcc compiler'
mb-gcc -Wall -O0 -g3 -c -fmessage-length=0 -I../../demo_bsp/microblaze_0/include -mxl-barrel-shift -mxl-pattern-compare -mcpu=v8.50.c -mno-xl-soft-mul -Wl,--no-relax -ffunction-sections -fdata-sections -MMD -MP -MF"src/helloworld.d" -MT"src/helloworld.d" -o "src/helloworld.o" "../src/helloworld.c"
'Finished building: ../src/helloworld.c'
' '
'Building file: ../src/microblaze_demo.c'
'Invoking: MicroBlaze gcc compiler'
mb-gcc -Wall -O0 -g3 -c -fmessage-length=0 -I../../demo_bsp/microblaze_0/include -mxl-barrel-shift -mxl-pattern-compare -mcpu=v8.50.c -mno-xl-soft-mul -Wl,--no-relax -ffunction-sections -fdata-sections -MMD -MP -MF"src/microblaze_demo.d" -MT"src/microblaze_demo.d" -o "src/microblaze_demo.o" "../src/microblaze_demo.c"
'Finished building: ../src/microblaze_demo.c'
' '
'Building target: demo.elf'
'Invoking: MicroBlaze gcc linker'
mb-gcc -Wl,-T -Wl,../src/lscript.ld -L../../demo_bsp/microblaze_0/lib -mxl-barrel-shift -mxl-pattern-compare -mcpu=v8.50.c -mno-xl-soft-mul -Wl,--no-relax -Wl,--gc-sections -o "demo.elf"  ./src/helloworld.o ./src/microblaze_demo.o ./src/platform.o   -Wl,--start-group,-lxil,-lgcc,-lc,--end-group
./src/microblaze_demo.o: In function `main':
C:\Users\mainuser\Desktop\School\CST345\MicroblazeStuff\workspace\demo\Debug/../src/microblaze_demo.c:41: multiple definition of `main'
./src/helloworld.o:C:\Users\mainuser\Desktop\School\CST345\MicroblazeStuff\workspace\demo\Debug/../src/helloworld.c:41: first defined here
collect2: ld returned 1 exit status
make: *** [demo.elf] Error 1
20:23:26 **** Clean-only build of configuration Debug for project demo ****
make clean 
rm -rf  ./src/helloworld.o ./src/microblaze_demo.o ./src/platform.o  ./src/helloworld.d ./src/microblaze_demo.d ./src/platform.d  demo.elf.size  demo.elf.elfcheck  demo.elf
' '
20:23:26 **** Auto Build of configuration Debug for project demo ****
make all 
'Building file: ../src/microblaze_demo.c'
'Invoking: MicroBlaze gcc compiler'
mb-gcc -Wall -O0 -g3 -c -fmessage-length=0 -I../../demo_bsp/microblaze_0/include -mxl-barrel-shift -mxl-pattern-compare -mcpu=v8.50.c -mno-xl-soft-mul -Wl,--no-relax -ffunction-sections -fdata-sections -MMD -MP -MF"src/microblaze_demo.d" -MT"src/microblaze_demo.d" -o "src/microblaze_demo.o" "../src/microblaze_demo.c"
'Finished building: ../src/microblaze_demo.c'
' '
'Building file: ../src/platform.c'
'Invoking: MicroBlaze gcc compiler'
mb-gcc -Wall -O0 -g3 -c -fmessage-length=0 -I../../demo_bsp/microblaze_0/include -mxl-barrel-shift -mxl-pattern-compare -mcpu=v8.50.c -mno-xl-soft-mul -Wl,--no-relax -ffunction-sections -fdata-sections -MMD -MP -MF"src/platform.d" -MT"src/platform.d" -o "src/platform.o" "../src/platform.c"
'Finished building: ../src/platform.c'
' '
'Building target: demo.elf'
'Invoking: MicroBlaze gcc linker'
mb-gcc -Wl,-T -Wl,../src/lscript.ld -L../../demo_bsp/microblaze_0/lib -mxl-barrel-shift -mxl-pattern-compare -mcpu=v8.50.c -mno-xl-soft-mul -Wl,--no-relax -Wl,--gc-sections -o "demo.elf"  ./src/microblaze_demo.o ./src/platform.o   -Wl,--start-group,-lxil,-lgcc,-lc,--end-group
'Finished building target: demo.elf'
' '
'Invoking: MicroBlaze Print Size'
mb-size demo.elf  |tee "demo.elf.size"
   text	   data	    bss	    dec	    hex	filename
   3182	    304	   2088	   5574	   15c6	demo.elf
'Finished building: demo.elf.size'
' '
'Invoking: Xilinx ELF Check'
elfcheck demo.elf -hw ../../MicroblazeStuff_hw_platform/system.xml -pe microblaze_0  |tee "demo.elf.elfcheck"
elfcheck
Xilinx EDK 14.7 Build EDK_P.20131013
Copyright (c) 1995-2012 Xilinx, Inc.  All rights reserved.

Command Line: elfcheck -hw ../../MicroblazeStuff_hw_platform/system.xml -pe
microblaze_0 demo.elf 

ELF file	: demo.elf
elfcheck passed.
'Finished building: demo.elf.elfcheck'
' '
20:25:26 **** Auto Build of project demo_bsp ****
make -k all 
'Finished building libraries'
20:25:40 **** Incremental Build of configuration Debug for project demo ****
make all 
make: Nothing to be done for `all'.
20:27:19 **** Incremental Build of configuration Debug for project demo ****
make all 
make: Nothing to be done for `all'.
20:27:48 **** Incremental Build of configuration Debug for project demo ****
make all 
make: Nothing to be done for `all'.
20:28:01 **** Auto Build of configuration Debug for project demo ****
make all 
'Building file: ../src/microblaze_demo.c'
'Invoking: MicroBlaze gcc compiler'
mb-gcc -Wall -O0 -g3 -c -fmessage-length=0 -I../../demo_bsp/microblaze_0/include -mxl-barrel-shift -mxl-pattern-compare -mcpu=v8.50.c -mno-xl-soft-mul -Wl,--no-relax -ffunction-sections -fdata-sections -MMD -MP -MF"src/microblaze_demo.d" -MT"src/microblaze_demo.d" -o "src/microblaze_demo.o" "../src/microblaze_demo.c"
'Finished building: ../src/microblaze_demo.c'
' '
'Building target: demo.elf'
'Invoking: MicroBlaze gcc linker'
mb-gcc -Wl,-T -Wl,../src/lscript.ld -L../../demo_bsp/microblaze_0/lib -mxl-barrel-shift -mxl-pattern-compare -mcpu=v8.50.c -mno-xl-soft-mul -Wl,--no-relax -Wl,--gc-sections -o "demo.elf"  ./src/microblaze_demo.o ./src/platform.o   -Wl,--start-group,-lxil,-lgcc,-lc,--end-group
'Finished building target: demo.elf'
' '
'Invoking: MicroBlaze Print Size'
mb-size demo.elf  |tee "demo.elf.size"
   text	   data	    bss	    dec	    hex	filename
   3182	    304	   2088	   5574	   15c6	demo.elf
'Finished building: demo.elf.size'
' '
'Invoking: Xilinx ELF Check'
elfcheck demo.elf -hw ../../MicroblazeStuff_hw_platform/system.xml -pe microblaze_0  |tee "demo.elf.elfcheck"
elfcheck
Xilinx EDK 14.7 Build EDK_P.20131013
Copyright (c) 1995-2012 Xilinx, Inc.  All rights reserved.

Command Line: elfcheck -hw ../../MicroblazeStuff_hw_platform/system.xml -pe
microblaze_0 demo.elf 

ELF file	: demo.elf
elfcheck passed.
'Finished building: demo.elf.elfcheck'
' '
20:28:07 **** Incremental Build of configuration Debug for project demo ****
make all 
make: Nothing to be done for `all'.
20:28:52 **** Incremental Build of configuration Debug for project demo ****
make all 
make: Nothing to be done for `all'.
20:29:02 **** Auto Build of configuration Debug for project demo ****
make all 
'Building file: ../src/microblaze_demo.c'
'Invoking: MicroBlaze gcc compiler'
mb-gcc -Wall -O0 -g3 -c -fmessage-length=0 -I../../demo_bsp/microblaze_0/include -mxl-barrel-shift -mxl-pattern-compare -mcpu=v8.50.c -mno-xl-soft-mul -Wl,--no-relax -ffunction-sections -fdata-sections -MMD -MP -MF"src/microblaze_demo.d" -MT"src/microblaze_demo.d" -o "src/microblaze_demo.o" "../src/microblaze_demo.c"
'Finished building: ../src/microblaze_demo.c'
' '
'Building target: demo.elf'
'Invoking: MicroBlaze gcc linker'
mb-gcc -Wl,-T -Wl,../src/lscript.ld -L../../demo_bsp/microblaze_0/lib -mxl-barrel-shift -mxl-pattern-compare -mcpu=v8.50.c -mno-xl-soft-mul -Wl,--no-relax -Wl,--gc-sections -o "demo.elf"  ./src/microblaze_demo.o ./src/platform.o   -Wl,--start-group,-lxil,-lgcc,-lc,--end-group
'Finished building target: demo.elf'
' '
'Invoking: MicroBlaze Print Size'
mb-size demo.elf  |tee "demo.elf.size"
   text	   data	    bss	    dec	    hex	filename
   3194	    304	   2094	   5592	   15d8	demo.elf
'Finished building: demo.elf.size'
' '
'Invoking: Xilinx ELF Check'
elfcheck demo.elf -hw ../../MicroblazeStuff_hw_platform/system.xml -pe microblaze_0  |tee "demo.elf.elfcheck"
elfcheck
Xilinx EDK 14.7 Build EDK_P.20131013
Copyright (c) 1995-2012 Xilinx, Inc.  All rights reserved.

Command Line: elfcheck -hw ../../MicroblazeStuff_hw_platform/system.xml -pe
microblaze_0 demo.elf 

ELF file	: demo.elf
elfcheck passed.
'Finished building: demo.elf.elfcheck'
' '
20:29:07 **** Incremental Build of configuration Debug for project demo ****
make all 
make: Nothing to be done for `all'.
21:12:55 **** Build of project demo_bsp ****
make -k all 
'Finished building libraries'
21:12:56 **** Build of configuration Debug for project demo ****
make all 
make: Nothing to be done for `all'.
21:13:29 **** Auto Build of project demo_bsp ****
make -k all 
'Finished building libraries'
21:13:33 **** Incremental Build of configuration Debug for project demo ****
make all 
make: Nothing to be done for `all'.
