20:59:54 **** Build of project hello_bsp ****
make -k all 
libgen -hw ../BSB_hw_platform/system.xml\
	       \
	       -pe microblaze_0 \
	       -log libgen.log \
	       system.mss
libgen
Xilinx EDK 14.7 Build EDK_P.20131013
Copyright (c) 1995-2012 Xilinx, Inc.  All rights reserved.

Command Line: libgen -hw ../BSB_hw_platform/system.xml -pe microblaze_0 -log
libgen.log system.mss 


Staging source files.
Running DRCs.
Running generate.
Running post_generate.
Running include - 'make -s include "COMPILER=mb-gcc" "ARCHIVER=mb-ar"
"COMPILER_FLAGS=-mno-xl-soft-mul -mxl-barrel-shift -mxl-pattern-compare
-mcpu=v8.50.c  -O2 -c" "EXTRA_COMPILER_FLAGS=-g -ffunction-sections
-fdata-sections"'.

Running libs - 'make -s libs "COMPILER=mb-gcc" "ARCHIVER=mb-ar"
"COMPILER_FLAGS=-mno-xl-soft-mul -mxl-barrel-shift -mxl-pattern-compare
-mcpu=v8.50.c  -O2 -c" "EXTRA_COMPILER_FLAGS=-g -ffunction-sections
-fdata-sections"'.
"Compiling common"
"Compiling standalone";
"Compiling gpio"
"Compiling bram"
"Compiling uartlite"
"Compiling cpu"
Running execs_generate.
'Finished building libraries'
21:00:08 **** Build of configuration Debug for project hello ****
make all 
'Building file: ../src/helloworld.c'
'Invoking: MicroBlaze gcc compiler'
mb-gcc -Wall -O0 -g3 -c -fmessage-length=0 -I../../hello_bsp/microblaze_0/include -mxl-barrel-shift -mxl-pattern-compare -mcpu=v8.50.c -mno-xl-soft-mul -Wl,--no-relax -ffunction-sections -fdata-sections -MMD -MP -MF"src/helloworld.d" -MT"src/helloworld.d" -o "src/helloworld.o" "../src/helloworld.c"
'Finished building: ../src/helloworld.c'
' '
'Building file: ../src/platform.c'
'Invoking: MicroBlaze gcc compiler'
mb-gcc -Wall -O0 -g3 -c -fmessage-length=0 -I../../hello_bsp/microblaze_0/include -mxl-barrel-shift -mxl-pattern-compare -mcpu=v8.50.c -mno-xl-soft-mul -Wl,--no-relax -ffunction-sections -fdata-sections -MMD -MP -MF"src/platform.d" -MT"src/platform.d" -o "src/platform.o" "../src/platform.c"
'Finished building: ../src/platform.c'
' '
'Building target: hello.elf'
'Invoking: MicroBlaze gcc linker'
mb-gcc -Wl,-T -Wl,../src/lscript.ld -L../../hello_bsp/microblaze_0/lib -mxl-barrel-shift -mxl-pattern-compare -mcpu=v8.50.c -mno-xl-soft-mul -Wl,--no-relax -Wl,--gc-sections -o "hello.elf"  ./src/helloworld.o ./src/platform.o   -Wl,--start-group,-lxil,-lgcc,-lc,--end-group
'Finished building target: hello.elf'
' '
'Invoking: MicroBlaze Print Size'
mb-size hello.elf  |tee "hello.elf.size"
   text	   data	    bss	    dec	    hex	filename
   2174	    268	   2084	   4526	   11ae	hello.elf
'Finished building: hello.elf.size'
' '
'Invoking: Xilinx ELF Check'
elfcheck hello.elf -hw ../../BSB_hw_platform/system.xml -pe microblaze_0  |tee "hello.elf.elfcheck"
elfcheck
Xilinx EDK 14.7 Build EDK_P.20131013
Copyright (c) 1995-2012 Xilinx, Inc.  All rights reserved.

Command Line: elfcheck -hw ../../BSB_hw_platform/system.xml -pe microblaze_0
hello.elf 

ELF file	: hello.elf
elfcheck passed.
'Finished building: hello.elf.elfcheck'
' '
21:01:09 **** Auto Build of configuration Debug for project hello ****
make all 
'Building file: ../src/helloworld.c'
'Invoking: MicroBlaze gcc compiler'
mb-gcc -Wall -O0 -g3 -c -fmessage-length=0 -I../../hello_bsp/microblaze_0/include -mxl-barrel-shift -mxl-pattern-compare -mcpu=v8.50.c -mno-xl-soft-mul -Wl,--no-relax -ffunction-sections -fdata-sections -MMD -MP -MF"src/helloworld.d" -MT"src/helloworld.d" -o "src/helloworld.o" "../src/helloworld.c"
'Finished building: ../src/helloworld.c'
' '
'Building target: hello.elf'
'Invoking: MicroBlaze gcc linker'
mb-gcc -Wl,-T -Wl,../src/lscript.ld -L../../hello_bsp/microblaze_0/lib -mxl-barrel-shift -mxl-pattern-compare -mcpu=v8.50.c -mno-xl-soft-mul -Wl,--no-relax -Wl,--gc-sections -o "hello.elf"  ./src/helloworld.o ./src/platform.o   -Wl,--start-group,-lxil,-lgcc,-lc,--end-group
'Finished building target: hello.elf'
' '
'Invoking: MicroBlaze Print Size'
mb-size hello.elf  |tee "hello.elf.size"
   text	   data	    bss	    dec	    hex	filename
   5270	    272	   2080	   7622	   1dc6	hello.elf
'Finished building: hello.elf.size'
' '
'Invoking: Xilinx ELF Check'
elfcheck hello.elf -hw ../../BSB_hw_platform/system.xml -pe microblaze_0  |tee "hello.elf.elfcheck"
elfcheck
Xilinx EDK 14.7 Build EDK_P.20131013
Copyright (c) 1995-2012 Xilinx, Inc.  All rights reserved.

Command Line: elfcheck -hw ../../BSB_hw_platform/system.xml -pe microblaze_0
hello.elf 

ELF file	: hello.elf
elfcheck passed.
'Finished building: hello.elf.elfcheck'
' '
21:01:14 **** Auto Build of configuration Debug for project hello ****
make all 
'Building file: ../src/helloworld.c'
'Invoking: MicroBlaze gcc compiler'
mb-gcc -Wall -O0 -g3 -c -fmessage-length=0 -I../../hello_bsp/microblaze_0/include -mxl-barrel-shift -mxl-pattern-compare -mcpu=v8.50.c -mno-xl-soft-mul -Wl,--no-relax -ffunction-sections -fdata-sections -MMD -MP -MF"src/helloworld.d" -MT"src/helloworld.d" -o "src/helloworld.o" "../src/helloworld.c"
'Finished building: ../src/helloworld.c'
' '
'Building target: hello.elf'
'Invoking: MicroBlaze gcc linker'
mb-gcc -Wl,-T -Wl,../src/lscript.ld -L../../hello_bsp/microblaze_0/lib -mxl-barrel-shift -mxl-pattern-compare -mcpu=v8.50.c -mno-xl-soft-mul -Wl,--no-relax -Wl,--gc-sections -o "hello.elf"  ./src/helloworld.o ./src/platform.o   -Wl,--start-group,-lxil,-lgcc,-lc,--end-group
'Finished building target: hello.elf'
' '
'Invoking: MicroBlaze Print Size'
mb-size hello.elf  |tee "hello.elf.size"
   text	   data	    bss	    dec	    hex	filename
   5270	    272	   2080	   7622	   1dc6	hello.elf
'Finished building: hello.elf.size'
' '
'Invoking: Xilinx ELF Check'
elfcheck hello.elf -hw ../../BSB_hw_platform/system.xml -pe microblaze_0  |tee "hello.elf.elfcheck"
elfcheck
Xilinx EDK 14.7 Build EDK_P.20131013
Copyright (c) 1995-2012 Xilinx, Inc.  All rights reserved.

Command Line: elfcheck -hw ../../BSB_hw_platform/system.xml -pe microblaze_0
hello.elf 

ELF file	: hello.elf
elfcheck passed.
'Finished building: hello.elf.elfcheck'
' '
21:03:14 **** Auto Build of project hello_bsp ****
make -k all 
'Finished building libraries'
21:03:46 **** Auto Build of project hello_bsp ****
make -k all 
'Finished building libraries'
21:04:02 **** Incremental Build of configuration Debug for project hello ****
make all 
make: Nothing to be done for `all'.
21:04:31 **** Auto Build of configuration Debug for project hello ****
make all 
'Building file: ../src/helloworld.c'
'Invoking: MicroBlaze gcc compiler'
mb-gcc -Wall -O0 -g3 -c -fmessage-length=0 -I../../hello_bsp/microblaze_0/include -mxl-barrel-shift -mxl-pattern-compare -mcpu=v8.50.c -mno-xl-soft-mul -Wl,--no-relax -ffunction-sections -fdata-sections -MMD -MP -MF"src/helloworld.d" -MT"src/helloworld.d" -o "src/helloworld.o" "../src/helloworld.c"
'Finished building: ../src/helloworld.c'
' '
'Building target: hello.elf'
'Invoking: MicroBlaze gcc linker'
mb-gcc -Wl,-T -Wl,../src/lscript.ld -L../../hello_bsp/microblaze_0/lib -mxl-barrel-shift -mxl-pattern-compare -mcpu=v8.50.c -mno-xl-soft-mul -Wl,--no-relax -Wl,--gc-sections -o "hello.elf"  ./src/helloworld.o ./src/platform.o   -Wl,--start-group,-lxil,-lgcc,-lc,--end-group
'Finished building target: hello.elf'
' '
'Invoking: MicroBlaze Print Size'
mb-size hello.elf  |tee "hello.elf.size"
   text	   data	    bss	    dec	    hex	filename
   5270	    272	   2080	   7622	   1dc6	hello.elf
'Finished building: hello.elf.size'
' '
'Invoking: Xilinx ELF Check'
elfcheck hello.elf -hw ../../BSB_hw_platform/system.xml -pe microblaze_0  |tee "hello.elf.elfcheck"
elfcheck
Xilinx EDK 14.7 Build EDK_P.20131013
Copyright (c) 1995-2012 Xilinx, Inc.  All rights reserved.

Command Line: elfcheck -hw ../../BSB_hw_platform/system.xml -pe microblaze_0
hello.elf 

ELF file	: hello.elf
elfcheck passed.
'Finished building: hello.elf.elfcheck'
' '
21:04:35 **** Incremental Build of configuration Debug for project hello ****
make all 
make: Nothing to be done for `all'.
