--------------------------------------------------------------------------------
Release 14.7 Trace  (nt64)
Copyright (c) 1995-2013 Xilinx, Inc.  All rights reserved.

C:\Xilinx\Xilinx\14.7\ISE_DS\ISE\bin\nt64\unwrapped\trce.exe -intstyle ise -v 3
-s 3 -n 3 -fastpaths -xml Lab02_Toplevel.twx Lab02_Toplevel.ncd -o
Lab02_Toplevel.twr Lab02_Toplevel.pcf -ucf Mux_disp.ucf

Design file:              Lab02_Toplevel.ncd
Physical constraint file: Lab02_Toplevel.pcf
Device,package,speed:     xc6slx16,csg324,C,-3 (PRODUCTION 1.23 2013-10-13)
Report level:             verbose report

Environment Variable      Effect 
--------------------      ------ 
NONE                      No environment variables were set
--------------------------------------------------------------------------------

INFO:Timing:2698 - No timing constraints found, doing default enumeration.
INFO:Timing:3412 - To improve timing, see the Timing Closure User Guide (UG612).
INFO:Timing:2752 - To get complete path coverage, use the unconstrained paths 
   option. All paths that are not constrained will be reported in the 
   unconstrained paths section(s) of the report.
INFO:Timing:3339 - The clock-to-out numbers in this timing report are based on 
   a 50 Ohm transmission line loading model.  For the details of this model, 
   and for more information on accounting for different loading conditions, 
   please see the device datasheet.



Data Sheet report:
-----------------
All values displayed in nanoseconds (ns)

Setup/Hold to clock clk
------------+------------+------------+------------+------------+------------------+--------+
            |Max Setup to|  Process   |Max Hold to |  Process   |                  | Clock  |
Source      | clk (edge) |   Corner   | clk (edge) |   Corner   |Internal Clock(s) | Phase  |
------------+------------+------------+------------+------------+------------------+--------+
DownButton  |    2.778(F)|      SLOW  |   -1.532(F)|      SLOW  |clk_BUFGP         |   0.000|
LeftButton  |    3.453(F)|      SLOW  |   -1.882(F)|      FAST  |clk_BUFGP         |   0.000|
MiddleButton|    2.839(R)|      SLOW  |   -1.798(R)|      FAST  |clk_BUFGP         |   0.000|
            |    3.045(F)|      SLOW  |   -1.419(F)|      FAST  |clk_BUFGP         |   0.000|
RightButton |    3.097(F)|      SLOW  |   -1.724(F)|      FAST  |clk_BUFGP         |   0.000|
UpButton    |    2.598(F)|      SLOW  |   -1.529(F)|      SLOW  |clk_BUFGP         |   0.000|
switches<0> |    2.482(F)|      SLOW  |   -1.590(F)|      FAST  |clk_BUFGP         |   0.000|
switches<1> |    2.059(F)|      SLOW  |   -1.279(F)|      FAST  |clk_BUFGP         |   0.000|
switches<2> |    1.686(F)|      SLOW  |   -0.987(F)|      FAST  |clk_BUFGP         |   0.000|
switches<3> |    2.241(F)|      SLOW  |   -1.338(F)|      FAST  |clk_BUFGP         |   0.000|
switches<4> |    1.841(F)|      SLOW  |   -1.079(F)|      FAST  |clk_BUFGP         |   0.000|
------------+------------+------------+------------+------------+------------------+--------+

Clock clk to Pad
------------+-----------------+------------+-----------------+------------+------------------+--------+
            |Max (slowest) clk|  Process   |Min (fastest) clk|  Process   |                  | Clock  |
Destination |  (edge) to PAD  |   Corner   |  (edge) to PAD  |   Corner   |Internal Clock(s) | Phase  |
------------+-----------------+------------+-----------------+------------+------------------+--------+
a           |        10.247(R)|      SLOW  |         4.943(R)|      FAST  |clk_BUFGP         |   0.000|
            |        10.760(F)|      SLOW  |         4.847(F)|      FAST  |clk_BUFGP         |   0.000|
an1         |         8.575(R)|      SLOW  |         4.472(R)|      FAST  |clk_BUFGP         |   0.000|
an2         |         8.624(R)|      SLOW  |         4.495(R)|      FAST  |clk_BUFGP         |   0.000|
an3         |         8.777(R)|      SLOW  |         4.516(R)|      FAST  |clk_BUFGP         |   0.000|
an4         |         8.826(R)|      SLOW  |         4.539(R)|      FAST  |clk_BUFGP         |   0.000|
b           |        10.169(R)|      SLOW  |         4.878(R)|      FAST  |clk_BUFGP         |   0.000|
            |        10.682(F)|      SLOW  |         4.782(F)|      FAST  |clk_BUFGP         |   0.000|
c           |        10.315(R)|      SLOW  |         5.138(R)|      FAST  |clk_BUFGP         |   0.000|
            |        10.828(F)|      SLOW  |         5.079(F)|      FAST  |clk_BUFGP         |   0.000|
d           |        10.106(R)|      SLOW  |         4.999(R)|      FAST  |clk_BUFGP         |   0.000|
            |        10.586(F)|      SLOW  |         4.903(F)|      FAST  |clk_BUFGP         |   0.000|
dp          |         9.349(R)|      SLOW  |         4.968(R)|      FAST  |clk_BUFGP         |   0.000|
            |         9.686(F)|      SLOW  |         4.691(F)|      FAST  |clk_BUFGP         |   0.000|
e           |        10.291(R)|      SLOW  |         5.171(R)|      FAST  |clk_BUFGP         |   0.000|
            |        10.804(F)|      SLOW  |         5.112(F)|      FAST  |clk_BUFGP         |   0.000|
f           |        10.352(R)|      SLOW  |         5.172(R)|      FAST  |clk_BUFGP         |   0.000|
            |        10.832(F)|      SLOW  |         5.076(F)|      FAST  |clk_BUFGP         |   0.000|
g           |        10.252(R)|      SLOW  |         5.101(R)|      FAST  |clk_BUFGP         |   0.000|
            |        10.732(F)|      SLOW  |         5.033(F)|      FAST  |clk_BUFGP         |   0.000|
------------+-----------------+------------+-----------------+------------+------------------+--------+

Clock to Setup on destination clock clk
---------------+---------+---------+---------+---------+
               | Src:Rise| Src:Fall| Src:Rise| Src:Fall|
Source Clock   |Dest:Rise|Dest:Rise|Dest:Fall|Dest:Fall|
---------------+---------+---------+---------+---------+
clk            |    1.198|         |         |         |
---------------+---------+---------+---------+---------+


Analysis completed Mon Jan 26 22:55:06 2015 
--------------------------------------------------------------------------------

Trace Settings:
-------------------------
Trace Settings 

Peak Memory Usage: 242 MB



