21:01:47 **** Build of project Final_bsp ****
make -k all 
libgen -hw ../BSB_hw_platform/system.xml\
	       \
	       -pe microblaze_0 \
	       -log libgen.log \
	       system.mss
libgen
Xilinx EDK 14.7 Build EDK_P.20131013
Copyright (c) 1995-2012 Xilinx, Inc.  All rights reserved.

Command Line: libgen -hw ../BSB_hw_platform/system.xml -pe microblaze_0 -log
libgen.log system.mss 


Staging source files.
Running DRCs.
Running generate.
Running post_generate.
Running include - 'make -s include "COMPILER=mb-gcc" "ARCHIVER=mb-ar"
"COMPILER_FLAGS=-mno-xl-soft-mul -mxl-barrel-shift -mxl-pattern-compare
-mcpu=v8.50.c  -O2 -c" "EXTRA_COMPILER_FLAGS=-g -ffunction-sections
-fdata-sections"'.

Running libs - 'make -s libs "COMPILER=mb-gcc" "ARCHIVER=mb-ar"
"COMPILER_FLAGS=-mno-xl-soft-mul -mxl-barrel-shift -mxl-pattern-compare
-mcpu=v8.50.c  -O2 -c" "EXTRA_COMPILER_FLAGS=-g -ffunction-sections
-fdata-sections"'.
"Compiling common"
"Compiling standalone";
"Compiling gpio"
"Compiling bram"
"Compiling uartlite"
"Compiling iic"
"Compiling cpu"
Running execs_generate.
'Finished building libraries'
21:02:02 **** Build of configuration Debug for project Final ****
make all 
'Building file: ../src/helloworld.c'
'Invoking: MicroBlaze gcc compiler'
mb-gcc -Wall -O0 -g3 -c -fmessage-length=0 -I../../Final_bsp/microblaze_0/include -mxl-barrel-shift -mxl-pattern-compare -mcpu=v8.50.c -mno-xl-soft-mul -Wl,--no-relax -ffunction-sections -fdata-sections -MMD -MP -MF"src/helloworld.d" -MT"src/helloworld.d" -o "src/helloworld.o" "../src/helloworld.c"
'Finished building: ../src/helloworld.c'
' '
'Building file: ../src/platform.c'
'Invoking: MicroBlaze gcc compiler'
mb-gcc -Wall -O0 -g3 -c -fmessage-length=0 -I../../Final_bsp/microblaze_0/include -mxl-barrel-shift -mxl-pattern-compare -mcpu=v8.50.c -mno-xl-soft-mul -Wl,--no-relax -ffunction-sections -fdata-sections -MMD -MP -MF"src/platform.d" -MT"src/platform.d" -o "src/platform.o" "../src/platform.c"
'Finished building: ../src/platform.c'
' '
'Building target: Final.elf'
'Invoking: MicroBlaze gcc linker'
mb-gcc -Wl,-T -Wl,../src/lscript.ld -L../../Final_bsp/microblaze_0/lib -mxl-barrel-shift -mxl-pattern-compare -mcpu=v8.50.c -mno-xl-soft-mul -Wl,--no-relax -Wl,--gc-sections -o "Final.elf"  ./src/helloworld.o ./src/platform.o   -Wl,--start-group,-lxil,-lgcc,-lc,--end-group
'Finished building target: Final.elf'
' '
'Invoking: MicroBlaze Print Size'
mb-size Final.elf  |tee "Final.elf.size"
   text	   data	    bss	    dec	    hex	filename
   2174	    268	   2084	   4526	   11ae	Final.elf
'Finished building: Final.elf.size'
' '
'Invoking: Xilinx ELF Check'
elfcheck Final.elf -hw ../../BSB_hw_platform/system.xml -pe microblaze_0  |tee "Final.elf.elfcheck"
elfcheck
Xilinx EDK 14.7 Build EDK_P.20131013
Copyright (c) 1995-2012 Xilinx, Inc.  All rights reserved.

Command Line: elfcheck -hw ../../BSB_hw_platform/system.xml -pe microblaze_0
Final.elf 

ELF file	: Final.elf
elfcheck passed.
'Finished building: Final.elf.elfcheck'
' '
21:03:28 **** Auto Build of configuration Debug for project Final ****
make all 
'Building file: ../src/helloworld.c'
'Invoking: MicroBlaze gcc compiler'
mb-gcc -Wall -O0 -g3 -c -fmessage-length=0 -I../../Final_bsp/microblaze_0/include -mxl-barrel-shift -mxl-pattern-compare -mcpu=v8.50.c -mno-xl-soft-mul -Wl,--no-relax -ffunction-sections -fdata-sections -MMD -MP -MF"src/helloworld.d" -MT"src/helloworld.d" -o "src/helloworld.o" "../src/helloworld.c"
../src/helloworld.c: In function 'main':
../src/helloworld.c:128:15: warning: unknown escape sequence: '\c' [enabled by default]
../src/helloworld.c:88:9: warning: unused variable 'RecievedByteCount2' [-Wunused-variable]
../src/helloworld.c:60:9: warning: unused variable 'test' [-Wunused-variable]
../src/helloworld.c:59:17: warning: unused variable 'Iic' [-Wunused-variable]
'Finished building: ../src/helloworld.c'
' '
'Building target: Final.elf'
'Invoking: MicroBlaze gcc linker'
mb-gcc -Wl,-T -Wl,../src/lscript.ld -L../../Final_bsp/microblaze_0/lib -mxl-barrel-shift -mxl-pattern-compare -mcpu=v8.50.c -mno-xl-soft-mul -Wl,--no-relax -Wl,--gc-sections -o "Final.elf"  ./src/helloworld.o ./src/platform.o   -Wl,--start-group,-lxil,-lgcc,-lc,--end-group
'Finished building target: Final.elf'
' '
'Invoking: MicroBlaze Print Size'
mb-size Final.elf  |tee "Final.elf.size"
   text	   data	    bss	    dec	    hex	filename
  13530	    272	   2086	  15888	   3e10	Final.elf
'Finished building: Final.elf.size'
' '
'Invoking: Xilinx ELF Check'
elfcheck Final.elf -hw ../../BSB_hw_platform/system.xml -pe microblaze_0  |tee "Final.elf.elfcheck"
elfcheck
Xilinx EDK 14.7 Build EDK_P.20131013
Copyright (c) 1995-2012 Xilinx, Inc.  All rights reserved.

Command Line: elfcheck -hw ../../BSB_hw_platform/system.xml -pe microblaze_0
Final.elf 

ELF file	: Final.elf
elfcheck passed.
'Finished building: Final.elf.elfcheck'
' '
21:06:16 **** Incremental Build of configuration Debug for project Final ****
make all 
make: Nothing to be done for `all'.
21:06:27 **** Auto Build of project Final_bsp ****
make -k all 
'Finished building libraries'
21:06:32 **** Incremental Build of configuration Debug for project Final ****
make all 
make: Nothing to be done for `all'.
21:07:20 **** Incremental Build of configuration Debug for project Final ****
make all 
make: Nothing to be done for `all'.
21:16:43 **** Auto Build of configuration Debug for project Final ****
make all 
'Building file: ../src/helloworld.c'
'Invoking: MicroBlaze gcc compiler'
mb-gcc -Wall -O0 -g3 -c -fmessage-length=0 -I../../Final_bsp/microblaze_0/include -mxl-barrel-shift -mxl-pattern-compare -mcpu=v8.50.c -mno-xl-soft-mul -Wl,--no-relax -ffunction-sections -fdata-sections -MMD -MP -MF"src/helloworld.d" -MT"src/helloworld.d" -o "src/helloworld.o" "../src/helloworld.c"
../src/helloworld.c: In function 'main':
../src/helloworld.c:128:15: warning: unknown escape sequence: '\c' [enabled by default]
../src/helloworld.c:88:9: warning: unused variable 'RecievedByteCount2' [-Wunused-variable]
../src/helloworld.c:60:9: warning: unused variable 'test' [-Wunused-variable]
../src/helloworld.c:59:17: warning: unused variable 'Iic' [-Wunused-variable]
'Finished building: ../src/helloworld.c'
' '
'Building target: Final.elf'
'Invoking: MicroBlaze gcc linker'
mb-gcc -Wl,-T -Wl,../src/lscript.ld -L../../Final_bsp/microblaze_0/lib -mxl-barrel-shift -mxl-pattern-compare -mcpu=v8.50.c -mno-xl-soft-mul -Wl,--no-relax -Wl,--gc-sections -o "Final.elf"  ./src/helloworld.o ./src/platform.o   -Wl,--start-group,-lxil,-lgcc,-lc,--end-group
'Finished building target: Final.elf'
' '
'Invoking: MicroBlaze Print Size'
mb-size Final.elf  |tee "Final.elf.size"
   text	   data	    bss	    dec	    hex	filename
  13514	    272	   2086	  15872	   3e00	Final.elf
'Finished building: Final.elf.size'
' '
'Invoking: Xilinx ELF Check'
elfcheck Final.elf -hw ../../BSB_hw_platform/system.xml -pe microblaze_0  |tee "Final.elf.elfcheck"
elfcheck
Xilinx EDK 14.7 Build EDK_P.20131013
Copyright (c) 1995-2012 Xilinx, Inc.  All rights reserved.

Command Line: elfcheck -hw ../../BSB_hw_platform/system.xml -pe microblaze_0
Final.elf 

ELF file	: Final.elf
elfcheck passed.
'Finished building: Final.elf.elfcheck'
' '
21:16:46 **** Incremental Build of configuration Debug for project Final ****
make all 
make: Nothing to be done for `all'.
21:17:32 **** Auto Build of configuration Debug for project Final ****
make all 
'Building file: ../src/helloworld.c'
'Invoking: MicroBlaze gcc compiler'
mb-gcc -Wall -O0 -g3 -c -fmessage-length=0 -I../../Final_bsp/microblaze_0/include -mxl-barrel-shift -mxl-pattern-compare -mcpu=v8.50.c -mno-xl-soft-mul -Wl,--no-relax -ffunction-sections -fdata-sections -MMD -MP -MF"src/helloworld.d" -MT"src/helloworld.d" -o "src/helloworld.o" "../src/helloworld.c"
../src/helloworld.c: In function 'main':
../src/helloworld.c:128:15: warning: unknown escape sequence: '\c' [enabled by default]
../src/helloworld.c:88:9: warning: unused variable 'RecievedByteCount2' [-Wunused-variable]
../src/helloworld.c:60:9: warning: unused variable 'test' [-Wunused-variable]
../src/helloworld.c:59:17: warning: unused variable 'Iic' [-Wunused-variable]
'Finished building: ../src/helloworld.c'
' '
'Building target: Final.elf'
'Invoking: MicroBlaze gcc linker'
mb-gcc -Wl,-T -Wl,../src/lscript.ld -L../../Final_bsp/microblaze_0/lib -mxl-barrel-shift -mxl-pattern-compare -mcpu=v8.50.c -mno-xl-soft-mul -Wl,--no-relax -Wl,--gc-sections -o "Final.elf"  ./src/helloworld.o ./src/platform.o   -Wl,--start-group,-lxil,-lgcc,-lc,--end-group
'Finished building target: Final.elf'
' '
'Invoking: MicroBlaze Print Size'
mb-size Final.elf  |tee "Final.elf.size"
   text	   data	    bss	    dec	    hex	filename
  13530	    272	   2086	  15888	   3e10	Final.elf
'Finished building: Final.elf.size'
' '
'Invoking: Xilinx ELF Check'
elfcheck Final.elf -hw ../../BSB_hw_platform/system.xml -pe microblaze_0  |tee "Final.elf.elfcheck"
elfcheck
Xilinx EDK 14.7 Build EDK_P.20131013
Copyright (c) 1995-2012 Xilinx, Inc.  All rights reserved.

Command Line: elfcheck -hw ../../BSB_hw_platform/system.xml -pe microblaze_0
Final.elf 

ELF file	: Final.elf
elfcheck passed.
'Finished building: Final.elf.elfcheck'
' '
21:17:36 **** Incremental Build of configuration Debug for project Final ****
make all 
make: Nothing to be done for `all'.
21:24:01 **** Auto Build of configuration Debug for project Final ****
make all 
'Building file: ../src/helloworld.c'
'Invoking: MicroBlaze gcc compiler'
mb-gcc -Wall -O0 -g3 -c -fmessage-length=0 -I../../Final_bsp/microblaze_0/include -mxl-barrel-shift -mxl-pattern-compare -mcpu=v8.50.c -mno-xl-soft-mul -Wl,--no-relax -ffunction-sections -fdata-sections -MMD -MP -MF"src/helloworld.d" -MT"src/helloworld.d" -o "src/helloworld.o" "../src/helloworld.c"
../src/helloworld.c: In function 'main':
../src/helloworld.c:128:15: warning: unknown escape sequence: '\c' [enabled by default]
../src/helloworld.c:88:9: warning: unused variable 'RecievedByteCount2' [-Wunused-variable]
../src/helloworld.c:60:9: warning: unused variable 'test' [-Wunused-variable]
../src/helloworld.c:59:17: warning: unused variable 'Iic' [-Wunused-variable]
'Finished building: ../src/helloworld.c'
' '
'Building target: Final.elf'
'Invoking: MicroBlaze gcc linker'
mb-gcc -Wl,-T -Wl,../src/lscript.ld -L../../Final_bsp/microblaze_0/lib -mxl-barrel-shift -mxl-pattern-compare -mcpu=v8.50.c -mno-xl-soft-mul -Wl,--no-relax -Wl,--gc-sections -o "Final.elf"  ./src/helloworld.o ./src/platform.o   -Wl,--start-group,-lxil,-lgcc,-lc,--end-group
'Finished building target: Final.elf'
' '
'Invoking: MicroBlaze Print Size'
mb-size Final.elf  |tee "Final.elf.size"
   text	   data	    bss	    dec	    hex	filename
  13542	    272	   2080	  15894	   3e16	Final.elf
'Finished building: Final.elf.size'
' '
'Invoking: Xilinx ELF Check'
elfcheck Final.elf -hw ../../BSB_hw_platform/system.xml -pe microblaze_0  |tee "Final.elf.elfcheck"
elfcheck
Xilinx EDK 14.7 Build EDK_P.20131013
Copyright (c) 1995-2012 Xilinx, Inc.  All rights reserved.

Command Line: elfcheck -hw ../../BSB_hw_platform/system.xml -pe microblaze_0
Final.elf 

ELF file	: Final.elf
elfcheck passed.
'Finished building: Final.elf.elfcheck'
' '
21:24:14 **** Incremental Build of configuration Debug for project Final ****
make all 
make: Nothing to be done for `all'.
21:58:49 **** Auto Build of configuration Debug for project Final ****
make all 
'Building file: ../src/helloworld.c'
'Invoking: MicroBlaze gcc compiler'
mb-gcc -Wall -O0 -g3 -c -fmessage-length=0 -I../../Final_bsp/microblaze_0/include -mxl-barrel-shift -mxl-pattern-compare -mcpu=v8.50.c -mno-xl-soft-mul -Wl,--no-relax -ffunction-sections -fdata-sections -MMD -MP -MF"src/helloworld.d" -MT"src/helloworld.d" -o "src/helloworld.o" "../src/helloworld.c"
../src/helloworld.c: In function 'main':
../src/helloworld.c:128:15: warning: unknown escape sequence: '\c' [enabled by default]
../src/helloworld.c:159:2: error: unknown type name 'XGpio'
../src/helloworld.c:161:2: warning: implicit declaration of function 'XGpio_Initialize' [-Wimplicit-function-declaration]
../src/helloworld.c:165:2: warning: implicit declaration of function 'XGpio_SetDataDirection' [-Wimplicit-function-declaration]
../src/helloworld.c:167:2: error: 'swval' undeclared (first use in this function)
../src/helloworld.c:167:2: note: each undeclared identifier is reported only once for each function it appears in
../src/helloworld.c:167:2: warning: implicit declaration of function 'XGpio_DiscreteRead' [-Wimplicit-function-declaration]
../src/helloworld.c:88:9: warning: unused variable 'RecievedByteCount2' [-Wunused-variable]
../src/helloworld.c:60:9: warning: unused variable 'test' [-Wunused-variable]
../src/helloworld.c:59:17: warning: unused variable 'Iic' [-Wunused-variable]
make: *** [src/helloworld.o] Error 1
21:58:51 **** Incremental Build of configuration Debug for project Final ****
make all 
'Building file: ../src/helloworld.c'
'Invoking: MicroBlaze gcc compiler'
mb-gcc -Wall -O0 -g3 -c -fmessage-length=0 -I../../Final_bsp/microblaze_0/include -mxl-barrel-shift -mxl-pattern-compare -mcpu=v8.50.c -mno-xl-soft-mul -Wl,--no-relax -ffunction-sections -fdata-sections -MMD -MP -MF"src/helloworld.d" -MT"src/helloworld.d" -o "src/helloworld.o" "../src/helloworld.c"
../src/helloworld.c: In function 'main':
../src/helloworld.c:128:15: warning: unknown escape sequence: '\c' [enabled by default]
../src/helloworld.c:159:2: error: unknown type name 'XGpio'
../src/helloworld.c:161:2: warning: implicit declaration of function 'XGpio_Initialize' [-Wimplicit-function-declaration]
../src/helloworld.c:165:2: warning: implicit declaration of function 'XGpio_SetDataDirection' [-Wimplicit-function-declaration]
../src/helloworld.c:167:2: error: 'swval' undeclared (first use in this function)
../src/helloworld.c:167:2: note: each undeclared identifier is reported only once for each function it appears in
../src/helloworld.c:167:2: warning: implicit declaration of function 'XGpio_DiscreteRead' [-Wimplicit-function-declaration]
../src/helloworld.c:88:9: warning: unused variable 'RecievedByteCount2' [-Wunused-variable]
../src/helloworld.c:60:9: warning: unused variable 'test' [-Wunused-variable]
../src/helloworld.c:59:17: warning: unused variable 'Iic' [-Wunused-variable]
make: *** [src/helloworld.o] Error 1
21:59:03 **** Auto Build of configuration Debug for project Final ****
make all 
'Building file: ../src/helloworld.c'
'Invoking: MicroBlaze gcc compiler'
mb-gcc -Wall -O0 -g3 -c -fmessage-length=0 -I../../Final_bsp/microblaze_0/include -mxl-barrel-shift -mxl-pattern-compare -mcpu=v8.50.c -mno-xl-soft-mul -Wl,--no-relax -ffunction-sections -fdata-sections -MMD -MP -MF"src/helloworld.d" -MT"src/helloworld.d" -o "src/helloworld.o" "../src/helloworld.c"
../src/helloworld.c: In function 'main':
../src/helloworld.c:128:15: warning: unknown escape sequence: '\c' [enabled by default]
../src/helloworld.c:159:2: error: unknown type name 'XGpio'
../src/helloworld.c:161:2: warning: implicit declaration of function 'XGpio_Initialize' [-Wimplicit-function-declaration]
../src/helloworld.c:165:2: warning: implicit declaration of function 'XGpio_SetDataDirection' [-Wimplicit-function-declaration]
../src/helloworld.c:167:2: warning: implicit declaration of function 'XGpio_DiscreteRead' [-Wimplicit-function-declaration]
../src/helloworld.c:88:9: warning: unused variable 'RecievedByteCount2' [-Wunused-variable]
../src/helloworld.c:60:9: warning: unused variable 'test' [-Wunused-variable]
../src/helloworld.c:59:17: warning: unused variable 'Iic' [-Wunused-variable]
make: *** [src/helloworld.o] Error 1
21:59:22 **** Auto Build of configuration Debug for project Final ****
make all 
'Building file: ../src/helloworld.c'
'Invoking: MicroBlaze gcc compiler'
mb-gcc -Wall -O0 -g3 -c -fmessage-length=0 -I../../Final_bsp/microblaze_0/include -mxl-barrel-shift -mxl-pattern-compare -mcpu=v8.50.c -mno-xl-soft-mul -Wl,--no-relax -ffunction-sections -fdata-sections -MMD -MP -MF"src/helloworld.d" -MT"src/helloworld.d" -o "src/helloworld.o" "../src/helloworld.c"
../src/helloworld.c: In function 'main':
../src/helloworld.c:128:15: warning: unknown escape sequence: '\c' [enabled by default]
../src/helloworld.c:159:2: error: unknown type name 'XGpio'
../src/helloworld.c:161:2: warning: implicit declaration of function 'XGpio_Initialize' [-Wimplicit-function-declaration]
../src/helloworld.c:165:2: warning: implicit declaration of function 'XGpio_SetDataDirection' [-Wimplicit-function-declaration]
../src/helloworld.c:167:2: warning: implicit declaration of function 'XGpio_DiscreteRead' [-Wimplicit-function-declaration]
../src/helloworld.c:88:9: warning: unused variable 'RecievedByteCount2' [-Wunused-variable]
../src/helloworld.c:60:9: warning: unused variable 'test' [-Wunused-variable]
../src/helloworld.c:59:17: warning: unused variable 'Iic' [-Wunused-variable]
make: *** [src/helloworld.o] Error 1
21:59:48 **** Auto Build of configuration Debug for project Final ****
make all 
'Building file: ../src/helloworld.c'
'Invoking: MicroBlaze gcc compiler'
mb-gcc -Wall -O0 -g3 -c -fmessage-length=0 -I../../Final_bsp/microblaze_0/include -mxl-barrel-shift -mxl-pattern-compare -mcpu=v8.50.c -mno-xl-soft-mul -Wl,--no-relax -ffunction-sections -fdata-sections -MMD -MP -MF"src/helloworld.d" -MT"src/helloworld.d" -o "src/helloworld.o" "../src/helloworld.c"
../src/helloworld.c: In function 'main':
../src/helloworld.c:129:15: warning: unknown escape sequence: '\c' [enabled by default]
../src/helloworld.c:168:8: error: incompatible types when assigning to type 'XGpio' from type 'u32'
../src/helloworld.c:89:9: warning: unused variable 'RecievedByteCount2' [-Wunused-variable]
../src/helloworld.c:61:9: warning: unused variable 'test' [-Wunused-variable]
../src/helloworld.c:60:17: warning: unused variable 'Iic' [-Wunused-variable]
make: *** [src/helloworld.o] Error 1
22:00:23 **** Auto Build of configuration Debug for project Final ****
make all 
'Building file: ../src/helloworld.c'
'Invoking: MicroBlaze gcc compiler'
mb-gcc -Wall -O0 -g3 -c -fmessage-length=0 -I../../Final_bsp/microblaze_0/include -mxl-barrel-shift -mxl-pattern-compare -mcpu=v8.50.c -mno-xl-soft-mul -Wl,--no-relax -ffunction-sections -fdata-sections -MMD -MP -MF"src/helloworld.d" -MT"src/helloworld.d" -o "src/helloworld.o" "../src/helloworld.c"
../src/helloworld.c: In function 'main':
../src/helloworld.c:129:15: warning: unknown escape sequence: '\c' [enabled by default]
../src/helloworld.c:89:9: warning: unused variable 'RecievedByteCount2' [-Wunused-variable]
../src/helloworld.c:61:9: warning: unused variable 'test' [-Wunused-variable]
../src/helloworld.c:60:17: warning: unused variable 'Iic' [-Wunused-variable]
'Finished building: ../src/helloworld.c'
' '
'Building target: Final.elf'
'Invoking: MicroBlaze gcc linker'
mb-gcc -Wl,-T -Wl,../src/lscript.ld -L../../Final_bsp/microblaze_0/lib -mxl-barrel-shift -mxl-pattern-compare -mcpu=v8.50.c -mno-xl-soft-mul -Wl,--no-relax -Wl,--gc-sections -o "Final.elf"  ./src/helloworld.o ./src/platform.o   -Wl,--start-group,-lxil,-lgcc,-lc,--end-group
'Finished building target: Final.elf'
' '
'Invoking: MicroBlaze Print Size'
mb-size Final.elf  |tee "Final.elf.size"
   text	   data	    bss	    dec	    hex	filename
  14426	    292	   2098	  16816	   41b0	Final.elf
'Finished building: Final.elf.size'
' '
'Invoking: Xilinx ELF Check'
elfcheck Final.elf -hw ../../BSB_hw_platform/system.xml -pe microblaze_0  |tee "Final.elf.elfcheck"
elfcheck
Xilinx EDK 14.7 Build EDK_P.20131013
Copyright (c) 1995-2012 Xilinx, Inc.  All rights reserved.

Command Line: elfcheck -hw ../../BSB_hw_platform/system.xml -pe microblaze_0
Final.elf 

ELF file	: Final.elf
elfcheck passed.
'Finished building: Final.elf.elfcheck'
' '
22:00:28 **** Incremental Build of configuration Debug for project Final ****
make all 
make: Nothing to be done for `all'.
22:00:42 **** Auto Build of configuration Debug for project Final ****
make all 
'Building file: ../src/helloworld.c'
'Invoking: MicroBlaze gcc compiler'
mb-gcc -Wall -O0 -g3 -c -fmessage-length=0 -I../../Final_bsp/microblaze_0/include -mxl-barrel-shift -mxl-pattern-compare -mcpu=v8.50.c -mno-xl-soft-mul -Wl,--no-relax -ffunction-sections -fdata-sections -MMD -MP -MF"src/helloworld.d" -MT"src/helloworld.d" -o "src/helloworld.o" "../src/helloworld.c"
../src/helloworld.c: In function 'main':
../src/helloworld.c:129:15: warning: unknown escape sequence: '\c' [enabled by default]
../src/helloworld.c:89:9: warning: unused variable 'RecievedByteCount2' [-Wunused-variable]
../src/helloworld.c:61:9: warning: unused variable 'test' [-Wunused-variable]
../src/helloworld.c:60:17: warning: unused variable 'Iic' [-Wunused-variable]
'Finished building: ../src/helloworld.c'
' '
'Building target: Final.elf'
'Invoking: MicroBlaze gcc linker'
mb-gcc -Wl,-T -Wl,../src/lscript.ld -L../../Final_bsp/microblaze_0/lib -mxl-barrel-shift -mxl-pattern-compare -mcpu=v8.50.c -mno-xl-soft-mul -Wl,--no-relax -Wl,--gc-sections -o "Final.elf"  ./src/helloworld.o ./src/platform.o   -Wl,--start-group,-lxil,-lgcc,-lc,--end-group
'Finished building target: Final.elf'
' '
'Invoking: MicroBlaze Print Size'
mb-size Final.elf  |tee "Final.elf.size"
   text	   data	    bss	    dec	    hex	filename
  14426	    292	   2098	  16816	   41b0	Final.elf
'Finished building: Final.elf.size'
' '
'Invoking: Xilinx ELF Check'
elfcheck Final.elf -hw ../../BSB_hw_platform/system.xml -pe microblaze_0  |tee "Final.elf.elfcheck"
elfcheck
Xilinx EDK 14.7 Build EDK_P.20131013
Copyright (c) 1995-2012 Xilinx, Inc.  All rights reserved.

Command Line: elfcheck -hw ../../BSB_hw_platform/system.xml -pe microblaze_0
Final.elf 

ELF file	: Final.elf
elfcheck passed.
'Finished building: Final.elf.elfcheck'
' '
22:00:46 **** Incremental Build of configuration Debug for project Final ****
make all 
make: Nothing to be done for `all'.
22:01:10 **** Auto Build of configuration Debug for project Final ****
make all 
'Building file: ../src/helloworld.c'
'Invoking: MicroBlaze gcc compiler'
mb-gcc -Wall -O0 -g3 -c -fmessage-length=0 -I../../Final_bsp/microblaze_0/include -mxl-barrel-shift -mxl-pattern-compare -mcpu=v8.50.c -mno-xl-soft-mul -Wl,--no-relax -ffunction-sections -fdata-sections -MMD -MP -MF"src/helloworld.d" -MT"src/helloworld.d" -o "src/helloworld.o" "../src/helloworld.c"
../src/helloworld.c: In function 'main':
../src/helloworld.c:129:15: warning: unknown escape sequence: '\c' [enabled by default]
../src/helloworld.c:89:9: warning: unused variable 'RecievedByteCount2' [-Wunused-variable]
../src/helloworld.c:61:9: warning: unused variable 'test' [-Wunused-variable]
../src/helloworld.c:60:17: warning: unused variable 'Iic' [-Wunused-variable]
'Finished building: ../src/helloworld.c'
' '
'Building target: Final.elf'
'Invoking: MicroBlaze gcc linker'
mb-gcc -Wl,-T -Wl,../src/lscript.ld -L../../Final_bsp/microblaze_0/lib -mxl-barrel-shift -mxl-pattern-compare -mcpu=v8.50.c -mno-xl-soft-mul -Wl,--no-relax -Wl,--gc-sections -o "Final.elf"  ./src/helloworld.o ./src/platform.o   -Wl,--start-group,-lxil,-lgcc,-lc,--end-group
'Finished building target: Final.elf'
' '
'Invoking: MicroBlaze Print Size'
mb-size Final.elf  |tee "Final.elf.size"
   text	   data	    bss	    dec	    hex	filename
  14422	    292	   2092	  16806	   41a6	Final.elf
'Finished building: Final.elf.size'
' '
'Invoking: Xilinx ELF Check'
elfcheck Final.elf -hw ../../BSB_hw_platform/system.xml -pe microblaze_0  |tee "Final.elf.elfcheck"
elfcheck
Xilinx EDK 14.7 Build EDK_P.20131013
Copyright (c) 1995-2012 Xilinx, Inc.  All rights reserved.

Command Line: elfcheck -hw ../../BSB_hw_platform/system.xml -pe microblaze_0
Final.elf 

ELF file	: Final.elf
elfcheck passed.
'Finished building: Final.elf.elfcheck'
' '
22:01:13 **** Incremental Build of configuration Debug for project Final ****
make all 
make: Nothing to be done for `all'.
22:10:48 **** Auto Build of configuration Debug for project Final ****
make all 
'Building file: ../src/helloworld.c'
'Invoking: MicroBlaze gcc compiler'
mb-gcc -Wall -O0 -g3 -c -fmessage-length=0 -I../../Final_bsp/microblaze_0/include -mxl-barrel-shift -mxl-pattern-compare -mcpu=v8.50.c -mno-xl-soft-mul -Wl,--no-relax -ffunction-sections -fdata-sections -MMD -MP -MF"src/helloworld.d" -MT"src/helloworld.d" -o "src/helloworld.o" "../src/helloworld.c"
../src/helloworld.c: In function 'main':
../src/helloworld.c:99:15: warning: unknown escape sequence: '\c' [enabled by default]
../src/helloworld.c:65:9: warning: unused variable 'RecievedByteCount2' [-Wunused-variable]
../src/helloworld.c:60:9: warning: unused variable 'test' [-Wunused-variable]
../src/helloworld.c:59:17: warning: unused variable 'Iic' [-Wunused-variable]
'Finished building: ../src/helloworld.c'
' '
'Building target: Final.elf'
'Invoking: MicroBlaze gcc linker'
mb-gcc -Wl,-T -Wl,../src/lscript.ld -L../../Final_bsp/microblaze_0/lib -mxl-barrel-shift -mxl-pattern-compare -mcpu=v8.50.c -mno-xl-soft-mul -Wl,--no-relax -Wl,--gc-sections -o "Final.elf"  ./src/helloworld.o ./src/platform.o   -Wl,--start-group,-lxil,-lgcc,-lc,--end-group
'Finished building target: Final.elf'
' '
'Invoking: MicroBlaze Print Size'
mb-size Final.elf  |tee "Final.elf.size"
   text	   data	    bss	    dec	    hex	filename
  14422	    292	   2092	  16806	   41a6	Final.elf
'Finished building: Final.elf.size'
' '
'Invoking: Xilinx ELF Check'
elfcheck Final.elf -hw ../../BSB_hw_platform/system.xml -pe microblaze_0  |tee "Final.elf.elfcheck"
elfcheck
Xilinx EDK 14.7 Build EDK_P.20131013
Copyright (c) 1995-2012 Xilinx, Inc.  All rights reserved.

Command Line: elfcheck -hw ../../BSB_hw_platform/system.xml -pe microblaze_0
Final.elf 

ELF file	: Final.elf
elfcheck passed.
'Finished building: Final.elf.elfcheck'
' '
22:22:28 **** Auto Build of configuration Debug for project Final ****
make all 
'Building file: ../src/helloworld.c'
'Invoking: MicroBlaze gcc compiler'
mb-gcc -Wall -O0 -g3 -c -fmessage-length=0 -I../../Final_bsp/microblaze_0/include -mxl-barrel-shift -mxl-pattern-compare -mcpu=v8.50.c -mno-xl-soft-mul -Wl,--no-relax -ffunction-sections -fdata-sections -MMD -MP -MF"src/helloworld.d" -MT"src/helloworld.d" -o "src/helloworld.o" "../src/helloworld.c"
../src/helloworld.c: In function 'main':
../src/helloworld.c:140:2: error: expected ';' before 'xil_printf'
../src/helloworld.c:65:9: warning: unused variable 'RecievedByteCount2' [-Wunused-variable]
../src/helloworld.c:60:9: warning: unused variable 'test' [-Wunused-variable]
../src/helloworld.c:59:17: warning: unused variable 'Iic' [-Wunused-variable]
make: *** [src/helloworld.o] Error 1
22:22:37 **** Auto Build of configuration Debug for project Final ****
make all 
'Building file: ../src/helloworld.c'
'Invoking: MicroBlaze gcc compiler'
mb-gcc -Wall -O0 -g3 -c -fmessage-length=0 -I../../Final_bsp/microblaze_0/include -mxl-barrel-shift -mxl-pattern-compare -mcpu=v8.50.c -mno-xl-soft-mul -Wl,--no-relax -ffunction-sections -fdata-sections -MMD -MP -MF"src/helloworld.d" -MT"src/helloworld.d" -o "src/helloworld.o" "../src/helloworld.c"
../src/helloworld.c: In function 'main':
../src/helloworld.c:65:9: warning: unused variable 'RecievedByteCount2' [-Wunused-variable]
../src/helloworld.c:60:9: warning: unused variable 'test' [-Wunused-variable]
../src/helloworld.c:59:17: warning: unused variable 'Iic' [-Wunused-variable]
'Finished building: ../src/helloworld.c'
' '
'Building target: Final.elf'
'Invoking: MicroBlaze gcc linker'
mb-gcc -Wl,-T -Wl,../src/lscript.ld -L../../Final_bsp/microblaze_0/lib -mxl-barrel-shift -mxl-pattern-compare -mcpu=v8.50.c -mno-xl-soft-mul -Wl,--no-relax -Wl,--gc-sections -o "Final.elf"  ./src/helloworld.o ./src/platform.o   -Wl,--start-group,-lxil,-lgcc,-lc,--end-group
'Finished building target: Final.elf'
' '
'Invoking: MicroBlaze Print Size'
mb-size Final.elf  |tee "Final.elf.size"
   text	   data	    bss	    dec	    hex	filename
  14414	    292	   2092	  16798	   419e	Final.elf
'Finished building: Final.elf.size'
' '
'Invoking: Xilinx ELF Check'
elfcheck Final.elf -hw ../../BSB_hw_platform/system.xml -pe microblaze_0  |tee "Final.elf.elfcheck"
elfcheck
Xilinx EDK 14.7 Build EDK_P.20131013
Copyright (c) 1995-2012 Xilinx, Inc.  All rights reserved.

Command Line: elfcheck -hw ../../BSB_hw_platform/system.xml -pe microblaze_0
Final.elf 

ELF file	: Final.elf
elfcheck passed.
'Finished building: Final.elf.elfcheck'
' '
22:22:45 **** Incremental Build of configuration Debug for project Final ****
make all 
make: Nothing to be done for `all'.
22:23:52 **** Auto Build of configuration Debug for project Final ****
make all 
'Building file: ../src/helloworld.c'
'Invoking: MicroBlaze gcc compiler'
mb-gcc -Wall -O0 -g3 -c -fmessage-length=0 -I../../Final_bsp/microblaze_0/include -mxl-barrel-shift -mxl-pattern-compare -mcpu=v8.50.c -mno-xl-soft-mul -Wl,--no-relax -ffunction-sections -fdata-sections -MMD -MP -MF"src/helloworld.d" -MT"src/helloworld.d" -o "src/helloworld.o" "../src/helloworld.c"
../src/helloworld.c: In function 'main':
../src/helloworld.c:65:9: warning: unused variable 'RecievedByteCount2' [-Wunused-variable]
../src/helloworld.c:60:9: warning: unused variable 'test' [-Wunused-variable]
../src/helloworld.c:59:17: warning: unused variable 'Iic' [-Wunused-variable]
'Finished building: ../src/helloworld.c'
' '
'Building target: Final.elf'
'Invoking: MicroBlaze gcc linker'
mb-gcc -Wl,-T -Wl,../src/lscript.ld -L../../Final_bsp/microblaze_0/lib -mxl-barrel-shift -mxl-pattern-compare -mcpu=v8.50.c -mno-xl-soft-mul -Wl,--no-relax -Wl,--gc-sections -o "Final.elf"  ./src/helloworld.o ./src/platform.o   -Wl,--start-group,-lxil,-lgcc,-lc,--end-group
'Finished building target: Final.elf'
' '
'Invoking: MicroBlaze Print Size'
mb-size Final.elf  |tee "Final.elf.size"
   text	   data	    bss	    dec	    hex	filename
  14414	    292	   2092	  16798	   419e	Final.elf
'Finished building: Final.elf.size'
' '
'Invoking: Xilinx ELF Check'
elfcheck Final.elf -hw ../../BSB_hw_platform/system.xml -pe microblaze_0  |tee "Final.elf.elfcheck"
elfcheck
Xilinx EDK 14.7 Build EDK_P.20131013
Copyright (c) 1995-2012 Xilinx, Inc.  All rights reserved.

Command Line: elfcheck -hw ../../BSB_hw_platform/system.xml -pe microblaze_0
Final.elf 

ELF file	: Final.elf
elfcheck passed.
'Finished building: Final.elf.elfcheck'
' '
22:23:56 **** Incremental Build of configuration Debug for project Final ****
make all 
make: Nothing to be done for `all'.
22:24:18 **** Auto Build of configuration Debug for project Final ****
make all 
'Building file: ../src/helloworld.c'
'Invoking: MicroBlaze gcc compiler'
mb-gcc -Wall -O0 -g3 -c -fmessage-length=0 -I../../Final_bsp/microblaze_0/include -mxl-barrel-shift -mxl-pattern-compare -mcpu=v8.50.c -mno-xl-soft-mul -Wl,--no-relax -ffunction-sections -fdata-sections -MMD -MP -MF"src/helloworld.d" -MT"src/helloworld.d" -o "src/helloworld.o" "../src/helloworld.c"
../src/helloworld.c: In function 'main':
../src/helloworld.c:65:9: warning: unused variable 'RecievedByteCount2' [-Wunused-variable]
../src/helloworld.c:60:9: warning: unused variable 'test' [-Wunused-variable]
../src/helloworld.c:59:17: warning: unused variable 'Iic' [-Wunused-variable]
'Finished building: ../src/helloworld.c'
' '
'Building target: Final.elf'
'Invoking: MicroBlaze gcc linker'
mb-gcc -Wl,-T -Wl,../src/lscript.ld -L../../Final_bsp/microblaze_0/lib -mxl-barrel-shift -mxl-pattern-compare -mcpu=v8.50.c -mno-xl-soft-mul -Wl,--no-relax -Wl,--gc-sections -o "Final.elf"  ./src/helloworld.o ./src/platform.o   -Wl,--start-group,-lxil,-lgcc,-lc,--end-group
'Finished building target: Final.elf'
' '
'Invoking: MicroBlaze Print Size'
mb-size Final.elf  |tee "Final.elf.size"
   text	   data	    bss	    dec	    hex	filename
  14410	    292	   2098	  16800	   41a0	Final.elf
'Finished building: Final.elf.size'
' '
'Invoking: Xilinx ELF Check'
elfcheck Final.elf -hw ../../BSB_hw_platform/system.xml -pe microblaze_0  |tee "Final.elf.elfcheck"
elfcheck
Xilinx EDK 14.7 Build EDK_P.20131013
Copyright (c) 1995-2012 Xilinx, Inc.  All rights reserved.

Command Line: elfcheck -hw ../../BSB_hw_platform/system.xml -pe microblaze_0
Final.elf 

ELF file	: Final.elf
elfcheck passed.
'Finished building: Final.elf.elfcheck'
' '
22:24:22 **** Incremental Build of configuration Debug for project Final ****
make all 
make: Nothing to be done for `all'.
22:24:45 **** Auto Build of configuration Debug for project Final ****
make all 
'Building file: ../src/helloworld.c'
'Invoking: MicroBlaze gcc compiler'
mb-gcc -Wall -O0 -g3 -c -fmessage-length=0 -I../../Final_bsp/microblaze_0/include -mxl-barrel-shift -mxl-pattern-compare -mcpu=v8.50.c -mno-xl-soft-mul -Wl,--no-relax -ffunction-sections -fdata-sections -MMD -MP -MF"src/helloworld.d" -MT"src/helloworld.d" -o "src/helloworld.o" "../src/helloworld.c"
../src/helloworld.c: In function 'main':
../src/helloworld.c:65:9: warning: unused variable 'RecievedByteCount2' [-Wunused-variable]
../src/helloworld.c:60:9: warning: unused variable 'test' [-Wunused-variable]
../src/helloworld.c:59:17: warning: unused variable 'Iic' [-Wunused-variable]
'Finished building: ../src/helloworld.c'
' '
'Building target: Final.elf'
'Invoking: MicroBlaze gcc linker'
mb-gcc -Wl,-T -Wl,../src/lscript.ld -L../../Final_bsp/microblaze_0/lib -mxl-barrel-shift -mxl-pattern-compare -mcpu=v8.50.c -mno-xl-soft-mul -Wl,--no-relax -Wl,--gc-sections -o "Final.elf"  ./src/helloworld.o ./src/platform.o   -Wl,--start-group,-lxil,-lgcc,-lc,--end-group
'Finished building target: Final.elf'
' '
'Invoking: MicroBlaze Print Size'
mb-size Final.elf  |tee "Final.elf.size"
   text	   data	    bss	    dec	    hex	filename
  14410	    292	   2098	  16800	   41a0	Final.elf
'Finished building: Final.elf.size'
' '
'Invoking: Xilinx ELF Check'
elfcheck Final.elf -hw ../../BSB_hw_platform/system.xml -pe microblaze_0  |tee "Final.elf.elfcheck"
elfcheck
Xilinx EDK 14.7 Build EDK_P.20131013
Copyright (c) 1995-2012 Xilinx, Inc.  All rights reserved.

Command Line: elfcheck -hw ../../BSB_hw_platform/system.xml -pe microblaze_0
Final.elf 

ELF file	: Final.elf
elfcheck passed.
'Finished building: Final.elf.elfcheck'
' '
22:24:49 **** Incremental Build of configuration Debug for project Final ****
make all 
make: Nothing to be done for `all'.
22:25:17 **** Incremental Build of configuration Debug for project Final ****
make all 
make: Nothing to be done for `all'.
22:27:36 **** Auto Build of configuration Debug for project Final ****
make all 
'Building file: ../src/helloworld.c'
'Invoking: MicroBlaze gcc compiler'
mb-gcc -Wall -O0 -g3 -c -fmessage-length=0 -I../../Final_bsp/microblaze_0/include -mxl-barrel-shift -mxl-pattern-compare -mcpu=v8.50.c -mno-xl-soft-mul -Wl,--no-relax -ffunction-sections -fdata-sections -MMD -MP -MF"src/helloworld.d" -MT"src/helloworld.d" -o "src/helloworld.o" "../src/helloworld.c"
../src/helloworld.c: In function 'main':
../src/helloworld.c:133:16: warning: variable 'sw3' set but not used [-Wunused-but-set-variable]
../src/helloworld.c:132:16: warning: variable 'sw2' set but not used [-Wunused-but-set-variable]
../src/helloworld.c:131:16: warning: variable 'sw1' set but not used [-Wunused-but-set-variable]
../src/helloworld.c:65:9: warning: unused variable 'RecievedByteCount2' [-Wunused-variable]
../src/helloworld.c:60:9: warning: unused variable 'test' [-Wunused-variable]
../src/helloworld.c:59:17: warning: unused variable 'Iic' [-Wunused-variable]
'Finished building: ../src/helloworld.c'
' '
'Building target: Final.elf'
'Invoking: MicroBlaze gcc linker'
mb-gcc -Wl,-T -Wl,../src/lscript.ld -L../../Final_bsp/microblaze_0/lib -mxl-barrel-shift -mxl-pattern-compare -mcpu=v8.50.c -mno-xl-soft-mul -Wl,--no-relax -Wl,--gc-sections -o "Final.elf"  ./src/helloworld.o ./src/platform.o   -Wl,--start-group,-lxil,-lgcc,-lc,--end-group
'Finished building target: Final.elf'
' '
'Invoking: MicroBlaze Print Size'
mb-size Final.elf  |tee "Final.elf.size"
   text	   data	    bss	    dec	    hex	filename
  14458	    292	   2098	  16848	   41d0	Final.elf
'Finished building: Final.elf.size'
' '
'Invoking: Xilinx ELF Check'
elfcheck Final.elf -hw ../../BSB_hw_platform/system.xml -pe microblaze_0  |tee "Final.elf.elfcheck"
elfcheck
Xilinx EDK 14.7 Build EDK_P.20131013
Copyright (c) 1995-2012 Xilinx, Inc.  All rights reserved.

Command Line: elfcheck -hw ../../BSB_hw_platform/system.xml -pe microblaze_0
Final.elf 

ELF file	: Final.elf
elfcheck passed.
'Finished building: Final.elf.elfcheck'
' '
22:28:07 **** Auto Build of configuration Debug for project Final ****
make all 
'Building file: ../src/helloworld.c'
'Invoking: MicroBlaze gcc compiler'
mb-gcc -Wall -O0 -g3 -c -fmessage-length=0 -I../../Final_bsp/microblaze_0/include -mxl-barrel-shift -mxl-pattern-compare -mcpu=v8.50.c -mno-xl-soft-mul -Wl,--no-relax -ffunction-sections -fdata-sections -MMD -MP -MF"src/helloworld.d" -MT"src/helloworld.d" -o "src/helloworld.o" "../src/helloworld.c"
../src/helloworld.c: In function 'main':
../src/helloworld.c:65:9: warning: unused variable 'RecievedByteCount2' [-Wunused-variable]
../src/helloworld.c:60:9: warning: unused variable 'test' [-Wunused-variable]
../src/helloworld.c:59:17: warning: unused variable 'Iic' [-Wunused-variable]
'Finished building: ../src/helloworld.c'
' '
'Building target: Final.elf'
'Invoking: MicroBlaze gcc linker'
mb-gcc -Wl,-T -Wl,../src/lscript.ld -L../../Final_bsp/microblaze_0/lib -mxl-barrel-shift -mxl-pattern-compare -mcpu=v8.50.c -mno-xl-soft-mul -Wl,--no-relax -Wl,--gc-sections -o "Final.elf"  ./src/helloworld.o ./src/platform.o   -Wl,--start-group,-lxil,-lgcc,-lc,--end-group
'Finished building target: Final.elf'
' '
'Invoking: MicroBlaze Print Size'
mb-size Final.elf  |tee "Final.elf.size"
   text	   data	    bss	    dec	    hex	filename
  14578	    292	   2098	  16968	   4248	Final.elf
'Finished building: Final.elf.size'
' '
'Invoking: Xilinx ELF Check'
elfcheck Final.elf -hw ../../BSB_hw_platform/system.xml -pe microblaze_0  |tee "Final.elf.elfcheck"
elfcheck
Xilinx EDK 14.7 Build EDK_P.20131013
Copyright (c) 1995-2012 Xilinx, Inc.  All rights reserved.

Command Line: elfcheck -hw ../../BSB_hw_platform/system.xml -pe microblaze_0
Final.elf 

ELF file	: Final.elf
elfcheck passed.
'Finished building: Final.elf.elfcheck'
' '
22:28:11 **** Incremental Build of configuration Debug for project Final ****
make all 
make: Nothing to be done for `all'.
22:30:15 **** Incremental Build of configuration Debug for project Final ****
make all 
make: Nothing to be done for `all'.
22:33:56 **** Auto Build of configuration Debug for project Final ****
make all 
'Building file: ../src/helloworld.c'
'Invoking: MicroBlaze gcc compiler'
mb-gcc -Wall -O0 -g3 -c -fmessage-length=0 -I../../Final_bsp/microblaze_0/include -mxl-barrel-shift -mxl-pattern-compare -mcpu=v8.50.c -mno-xl-soft-mul -Wl,--no-relax -ffunction-sections -fdata-sections -MMD -MP -MF"src/helloworld.d" -MT"src/helloworld.d" -o "src/helloworld.o" "../src/helloworld.c"
../src/helloworld.c: In function 'main':
../src/helloworld.c:163:8: error: expected ':' or '...' before ';' token
../src/helloworld.c:65:9: warning: unused variable 'RecievedByteCount2' [-Wunused-variable]
../src/helloworld.c:60:9: warning: unused variable 'test' [-Wunused-variable]
../src/helloworld.c:59:17: warning: unused variable 'Iic' [-Wunused-variable]
make: *** [src/helloworld.o] Error 1
22:34:01 **** Auto Build of configuration Debug for project Final ****
make all 
'Building file: ../src/helloworld.c'
'Invoking: MicroBlaze gcc compiler'
mb-gcc -Wall -O0 -g3 -c -fmessage-length=0 -I../../Final_bsp/microblaze_0/include -mxl-barrel-shift -mxl-pattern-compare -mcpu=v8.50.c -mno-xl-soft-mul -Wl,--no-relax -ffunction-sections -fdata-sections -MMD -MP -MF"src/helloworld.d" -MT"src/helloworld.d" -o "src/helloworld.o" "../src/helloworld.c"
../src/helloworld.c: In function 'main':
../src/helloworld.c:65:9: warning: unused variable 'RecievedByteCount2' [-Wunused-variable]
../src/helloworld.c:60:9: warning: unused variable 'test' [-Wunused-variable]
../src/helloworld.c:59:17: warning: unused variable 'Iic' [-Wunused-variable]
'Finished building: ../src/helloworld.c'
' '
'Building target: Final.elf'
'Invoking: MicroBlaze gcc linker'
mb-gcc -Wl,-T -Wl,../src/lscript.ld -L../../Final_bsp/microblaze_0/lib -mxl-barrel-shift -mxl-pattern-compare -mcpu=v8.50.c -mno-xl-soft-mul -Wl,--no-relax -Wl,--gc-sections -o "Final.elf"  ./src/helloworld.o ./src/platform.o   -Wl,--start-group,-lxil,-lgcc,-lc,--end-group
'Finished building target: Final.elf'
' '
'Invoking: MicroBlaze Print Size'
mb-size Final.elf  |tee "Final.elf.size"
   text	   data	    bss	    dec	    hex	filename
  14622	    292	   2092	  17006	   426e	Final.elf
'Finished building: Final.elf.size'
' '
'Invoking: Xilinx ELF Check'
elfcheck Final.elf -hw ../../BSB_hw_platform/system.xml -pe microblaze_0  |tee "Final.elf.elfcheck"
elfcheck
Xilinx EDK 14.7 Build EDK_P.20131013
Copyright (c) 1995-2012 Xilinx, Inc.  All rights reserved.

Command Line: elfcheck -hw ../../BSB_hw_platform/system.xml -pe microblaze_0
Final.elf 

ELF file	: Final.elf
elfcheck passed.
'Finished building: Final.elf.elfcheck'
' '
22:34:08 **** Auto Build of configuration Debug for project Final ****
make all 
'Building file: ../src/helloworld.c'
'Invoking: MicroBlaze gcc compiler'
mb-gcc -Wall -O0 -g3 -c -fmessage-length=0 -I../../Final_bsp/microblaze_0/include -mxl-barrel-shift -mxl-pattern-compare -mcpu=v8.50.c -mno-xl-soft-mul -Wl,--no-relax -ffunction-sections -fdata-sections -MMD -MP -MF"src/helloworld.d" -MT"src/helloworld.d" -o "src/helloworld.o" "../src/helloworld.c"
../src/helloworld.c: In function 'main':
../src/helloworld.c:65:9: warning: unused variable 'RecievedByteCount2' [-Wunused-variable]
../src/helloworld.c:60:9: warning: unused variable 'test' [-Wunused-variable]
../src/helloworld.c:59:17: warning: unused variable 'Iic' [-Wunused-variable]
'Finished building: ../src/helloworld.c'
' '
'Building target: Final.elf'
'Invoking: MicroBlaze gcc linker'
mb-gcc -Wl,-T -Wl,../src/lscript.ld -L../../Final_bsp/microblaze_0/lib -mxl-barrel-shift -mxl-pattern-compare -mcpu=v8.50.c -mno-xl-soft-mul -Wl,--no-relax -Wl,--gc-sections -o "Final.elf"  ./src/helloworld.o ./src/platform.o   -Wl,--start-group,-lxil,-lgcc,-lc,--end-group
'Finished building target: Final.elf'
' '
'Invoking: MicroBlaze Print Size'
mb-size Final.elf  |tee "Final.elf.size"
   text	   data	    bss	    dec	    hex	filename
  14662	    292	   2092	  17046	   4296	Final.elf
'Finished building: Final.elf.size'
' '
'Invoking: Xilinx ELF Check'
elfcheck Final.elf -hw ../../BSB_hw_platform/system.xml -pe microblaze_0  |tee "Final.elf.elfcheck"
elfcheck
Xilinx EDK 14.7 Build EDK_P.20131013
Copyright (c) 1995-2012 Xilinx, Inc.  All rights reserved.

Command Line: elfcheck -hw ../../BSB_hw_platform/system.xml -pe microblaze_0
Final.elf 

ELF file	: Final.elf
elfcheck passed.
'Finished building: Final.elf.elfcheck'
' '
22:36:28 **** Auto Build of configuration Debug for project Final ****
make all 
'Building file: ../src/helloworld.c'
'Invoking: MicroBlaze gcc compiler'
mb-gcc -Wall -O0 -g3 -c -fmessage-length=0 -I../../Final_bsp/microblaze_0/include -mxl-barrel-shift -mxl-pattern-compare -mcpu=v8.50.c -mno-xl-soft-mul -Wl,--no-relax -ffunction-sections -fdata-sections -MMD -MP -MF"src/helloworld.d" -MT"src/helloworld.d" -o "src/helloworld.o" "../src/helloworld.c"
../src/helloworld.c: In function 'main':
../src/helloworld.c:165:2: error: label at end of compound statement
../src/helloworld.c:65:9: warning: unused variable 'RecievedByteCount2' [-Wunused-variable]
../src/helloworld.c:60:9: warning: unused variable 'test' [-Wunused-variable]
../src/helloworld.c:59:17: warning: unused variable 'Iic' [-Wunused-variable]
make: *** [src/helloworld.o] Error 1
22:36:41 **** Auto Build of configuration Debug for project Final ****
make all 
'Building file: ../src/helloworld.c'
'Invoking: MicroBlaze gcc compiler'
mb-gcc -Wall -O0 -g3 -c -fmessage-length=0 -I../../Final_bsp/microblaze_0/include -mxl-barrel-shift -mxl-pattern-compare -mcpu=v8.50.c -mno-xl-soft-mul -Wl,--no-relax -ffunction-sections -fdata-sections -MMD -MP -MF"src/helloworld.d" -MT"src/helloworld.d" -o "src/helloworld.o" "../src/helloworld.c"
../src/helloworld.c: In function 'main':
../src/helloworld.c:167:2: error: label at end of compound statement
../src/helloworld.c:67:9: warning: unused variable 'RecievedByteCount2' [-Wunused-variable]
../src/helloworld.c:62:9: warning: unused variable 'test' [-Wunused-variable]
../src/helloworld.c:61:17: warning: unused variable 'Iic' [-Wunused-variable]
../src/helloworld.c:46:10: warning: unused variable 'my_state' [-Wunused-variable]
make: *** [src/helloworld.o] Error 1
22:37:23 **** Auto Build of configuration Debug for project Final ****
make all 
'Building file: ../src/helloworld.c'
'Invoking: MicroBlaze gcc compiler'
mb-gcc -Wall -O0 -g3 -c -fmessage-length=0 -I../../Final_bsp/microblaze_0/include -mxl-barrel-shift -mxl-pattern-compare -mcpu=v8.50.c -mno-xl-soft-mul -Wl,--no-relax -ffunction-sections -fdata-sections -MMD -MP -MF"src/helloworld.d" -MT"src/helloworld.d" -o "src/helloworld.o" "../src/helloworld.c"
../src/helloworld.c: In function 'main':
../src/helloworld.c:169:2: error: label at end of compound statement
../src/helloworld.c:67:9: warning: unused variable 'RecievedByteCount2' [-Wunused-variable]
../src/helloworld.c:62:9: warning: unused variable 'test' [-Wunused-variable]
../src/helloworld.c:61:17: warning: unused variable 'Iic' [-Wunused-variable]
../src/helloworld.c:46:10: warning: unused variable 'my_state' [-Wunused-variable]
make: *** [src/helloworld.o] Error 1
22:38:01 **** Auto Build of configuration Debug for project Final ****
make all 
'Building file: ../src/helloworld.c'
'Invoking: MicroBlaze gcc compiler'
mb-gcc -Wall -O0 -g3 -c -fmessage-length=0 -I../../Final_bsp/microblaze_0/include -mxl-barrel-shift -mxl-pattern-compare -mcpu=v8.50.c -mno-xl-soft-mul -Wl,--no-relax -ffunction-sections -fdata-sections -MMD -MP -MF"src/helloworld.d" -MT"src/helloworld.d" -o "src/helloworld.o" "../src/helloworld.c"
../src/helloworld.c: In function 'main':
../src/helloworld.c:131:9: error: conflicting types for 'state'
../src/helloworld.c:46:10: note: previous definition of 'state' was here
../src/helloworld.c:169:2: error: label at end of compound statement
../src/helloworld.c:67:9: warning: unused variable 'RecievedByteCount2' [-Wunused-variable]
../src/helloworld.c:62:9: warning: unused variable 'test' [-Wunused-variable]
../src/helloworld.c:61:17: warning: unused variable 'Iic' [-Wunused-variable]
make: *** [src/helloworld.o] Error 1
22:40:10 **** Auto Build of configuration Debug for project Final ****
make all 
'Building file: ../src/helloworld.c'
'Invoking: MicroBlaze gcc compiler'
mb-gcc -Wall -O0 -g3 -c -fmessage-length=0 -I../../Final_bsp/microblaze_0/include -mxl-barrel-shift -mxl-pattern-compare -mcpu=v8.50.c -mno-xl-soft-mul -Wl,--no-relax -ffunction-sections -fdata-sections -MMD -MP -MF"src/helloworld.d" -MT"src/helloworld.d" -o "src/helloworld.o" "../src/helloworld.c"
../src/helloworld.c: In function 'main':
../src/helloworld.c:67:9: warning: unused variable 'RecievedByteCount2' [-Wunused-variable]
../src/helloworld.c:62:9: warning: unused variable 'test' [-Wunused-variable]
../src/helloworld.c:61:17: warning: unused variable 'Iic' [-Wunused-variable]
'Finished building: ../src/helloworld.c'
' '
'Building target: Final.elf'
'Invoking: MicroBlaze gcc linker'
mb-gcc -Wl,-T -Wl,../src/lscript.ld -L../../Final_bsp/microblaze_0/lib -mxl-barrel-shift -mxl-pattern-compare -mcpu=v8.50.c -mno-xl-soft-mul -Wl,--no-relax -Wl,--gc-sections -o "Final.elf"  ./src/helloworld.o ./src/platform.o   -Wl,--start-group,-lxil,-lgcc,-lc,--end-group
'Finished building target: Final.elf'
' '
'Invoking: MicroBlaze Print Size'
mb-size Final.elf  |tee "Final.elf.size"
   text	   data	    bss	    dec	    hex	filename
  14656	    292	   2092	  17040	   4290	Final.elf
'Finished building: Final.elf.size'
' '
'Invoking: Xilinx ELF Check'
elfcheck Final.elf -hw ../../BSB_hw_platform/system.xml -pe microblaze_0  |tee "Final.elf.elfcheck"
elfcheck
Xilinx EDK 14.7 Build EDK_P.20131013
Copyright (c) 1995-2012 Xilinx, Inc.  All rights reserved.

Command Line: elfcheck -hw ../../BSB_hw_platform/system.xml -pe microblaze_0
Final.elf 

ELF file	: Final.elf
elfcheck passed.
'Finished building: Final.elf.elfcheck'
' '
22:49:08 **** Auto Build of configuration Debug for project Final ****
make all 
'Building file: ../src/helloworld.c'
'Invoking: MicroBlaze gcc compiler'
mb-gcc -Wall -O0 -g3 -c -fmessage-length=0 -I../../Final_bsp/microblaze_0/include -mxl-barrel-shift -mxl-pattern-compare -mcpu=v8.50.c -mno-xl-soft-mul -Wl,--no-relax -ffunction-sections -fdata-sections -MMD -MP -MF"src/helloworld.d" -MT"src/helloworld.d" -o "src/helloworld.o" "../src/helloworld.c"
../src/helloworld.c: In function 'main':
../src/helloworld.c:104:19: warning: unused variable 'dps' [-Wunused-variable]
../src/helloworld.c:103:19: warning: unused variable 'char3' [-Wunused-variable]
../src/helloworld.c:102:19: warning: unused variable 'char2' [-Wunused-variable]
../src/helloworld.c:101:19: warning: unused variable 'char1' [-Wunused-variable]
../src/helloworld.c:100:19: warning: unused variable 'char0' [-Wunused-variable]
../src/helloworld.c:67:9: warning: unused variable 'RecievedByteCount2' [-Wunused-variable]
../src/helloworld.c:62:9: warning: unused variable 'test' [-Wunused-variable]
../src/helloworld.c:61:17: warning: unused variable 'Iic' [-Wunused-variable]
'Finished building: ../src/helloworld.c'
' '
'Building target: Final.elf'
'Invoking: MicroBlaze gcc linker'
mb-gcc -Wl,-T -Wl,../src/lscript.ld -L../../Final_bsp/microblaze_0/lib -mxl-barrel-shift -mxl-pattern-compare -mcpu=v8.50.c -mno-xl-soft-mul -Wl,--no-relax -Wl,--gc-sections -o "Final.elf"  ./src/helloworld.o ./src/platform.o   -Wl,--start-group,-lxil,-lgcc,-lc,--end-group
'Finished building target: Final.elf'
' '
'Invoking: MicroBlaze Print Size'
mb-size Final.elf  |tee "Final.elf.size"
   text	   data	    bss	    dec	    hex	filename
  14756	    292	   2096	  17144	   42f8	Final.elf
'Finished building: Final.elf.size'
' '
'Invoking: Xilinx ELF Check'
elfcheck Final.elf -hw ../../BSB_hw_platform/system.xml -pe microblaze_0  |tee "Final.elf.elfcheck"
elfcheck
Xilinx EDK 14.7 Build EDK_P.20131013
Copyright (c) 1995-2012 Xilinx, Inc.  All rights reserved.

Command Line: elfcheck -hw ../../BSB_hw_platform/system.xml -pe microblaze_0
Final.elf 

ELF file	: Final.elf
elfcheck passed.
'Finished building: Final.elf.elfcheck'
' '
22:49:19 **** Auto Build of configuration Debug for project Final ****
make all 
'Building file: ../src/helloworld.c'
'Invoking: MicroBlaze gcc compiler'
mb-gcc -Wall -O0 -g3 -c -fmessage-length=0 -I../../Final_bsp/microblaze_0/include -mxl-barrel-shift -mxl-pattern-compare -mcpu=v8.50.c -mno-xl-soft-mul -Wl,--no-relax -ffunction-sections -fdata-sections -MMD -MP -MF"src/helloworld.d" -MT"src/helloworld.d" -o "src/helloworld.o" "../src/helloworld.c"
../src/helloworld.c: In function 'main':
../src/helloworld.c:105:5: warning: large integer implicitly truncated to unsigned type [-Woverflow]
../src/helloworld.c:104:19: warning: unused variable 'dps' [-Wunused-variable]
../src/helloworld.c:103:19: warning: unused variable 'char3' [-Wunused-variable]
../src/helloworld.c:102:19: warning: unused variable 'char2' [-Wunused-variable]
../src/helloworld.c:101:19: warning: unused variable 'char1' [-Wunused-variable]
../src/helloworld.c:100:19: warning: unused variable 'char0' [-Wunused-variable]
../src/helloworld.c:67:9: warning: unused variable 'RecievedByteCount2' [-Wunused-variable]
../src/helloworld.c:62:9: warning: unused variable 'test' [-Wunused-variable]
../src/helloworld.c:61:17: warning: unused variable 'Iic' [-Wunused-variable]
'Finished building: ../src/helloworld.c'
' '
'Building target: Final.elf'
'Invoking: MicroBlaze gcc linker'
mb-gcc -Wl,-T -Wl,../src/lscript.ld -L../../Final_bsp/microblaze_0/lib -mxl-barrel-shift -mxl-pattern-compare -mcpu=v8.50.c -mno-xl-soft-mul -Wl,--no-relax -Wl,--gc-sections -o "Final.elf"  ./src/helloworld.o ./src/platform.o   -Wl,--start-group,-lxil,-lgcc,-lc,--end-group
'Finished building target: Final.elf'
' '
'Invoking: MicroBlaze Print Size'
mb-size Final.elf  |tee "Final.elf.size"
   text	   data	    bss	    dec	    hex	filename
  14760	    292	   2092	  17144	   42f8	Final.elf
'Finished building: Final.elf.size'
' '
'Invoking: Xilinx ELF Check'
elfcheck Final.elf -hw ../../BSB_hw_platform/system.xml -pe microblaze_0  |tee "Final.elf.elfcheck"
elfcheck
Xilinx EDK 14.7 Build EDK_P.20131013
Copyright (c) 1995-2012 Xilinx, Inc.  All rights reserved.

Command Line: elfcheck -hw ../../BSB_hw_platform/system.xml -pe microblaze_0
Final.elf 

ELF file	: Final.elf
elfcheck passed.
'Finished building: Final.elf.elfcheck'
' '
22:50:07 **** Auto Build of configuration Debug for project Final ****
make all 
'Building file: ../src/helloworld.c'
'Invoking: MicroBlaze gcc compiler'
mb-gcc -Wall -O0 -g3 -c -fmessage-length=0 -I../../Final_bsp/microblaze_0/include -mxl-barrel-shift -mxl-pattern-compare -mcpu=v8.50.c -mno-xl-soft-mul -Wl,--no-relax -ffunction-sections -fdata-sections -MMD -MP -MF"src/helloworld.d" -MT"src/helloworld.d" -o "src/helloworld.o" "../src/helloworld.c"
../src/helloworld.c: In function 'main':
../src/helloworld.c:104:19: warning: unused variable 'dps' [-Wunused-variable]
../src/helloworld.c:103:19: warning: unused variable 'char3' [-Wunused-variable]
../src/helloworld.c:102:19: warning: unused variable 'char2' [-Wunused-variable]
../src/helloworld.c:101:19: warning: unused variable 'char1' [-Wunused-variable]
../src/helloworld.c:100:19: warning: unused variable 'char0' [-Wunused-variable]
../src/helloworld.c:67:9: warning: unused variable 'RecievedByteCount2' [-Wunused-variable]
../src/helloworld.c:62:9: warning: unused variable 'test' [-Wunused-variable]
../src/helloworld.c:61:17: warning: unused variable 'Iic' [-Wunused-variable]
'Finished building: ../src/helloworld.c'
' '
'Building target: Final.elf'
'Invoking: MicroBlaze gcc linker'
mb-gcc -Wl,-T -Wl,../src/lscript.ld -L../../Final_bsp/microblaze_0/lib -mxl-barrel-shift -mxl-pattern-compare -mcpu=v8.50.c -mno-xl-soft-mul -Wl,--no-relax -Wl,--gc-sections -o "Final.elf"  ./src/helloworld.o ./src/platform.o   -Wl,--start-group,-lxil,-lgcc,-lc,--end-group
'Finished building target: Final.elf'
' '
'Invoking: MicroBlaze Print Size'
mb-size Final.elf  |tee "Final.elf.size"
   text	   data	    bss	    dec	    hex	filename
  15068	    292	   2096	  17456	   4430	Final.elf
'Finished building: Final.elf.size'
' '
'Invoking: Xilinx ELF Check'
elfcheck Final.elf -hw ../../BSB_hw_platform/system.xml -pe microblaze_0  |tee "Final.elf.elfcheck"
elfcheck
Xilinx EDK 14.7 Build EDK_P.20131013
Copyright (c) 1995-2012 Xilinx, Inc.  All rights reserved.

Command Line: elfcheck -hw ../../BSB_hw_platform/system.xml -pe microblaze_0
Final.elf 

ELF file	: Final.elf
elfcheck passed.
'Finished building: Final.elf.elfcheck'
' '
22:50:33 **** Auto Build of configuration Debug for project Final ****
make all 
'Building file: ../src/helloworld.c'
'Invoking: MicroBlaze gcc compiler'
mb-gcc -Wall -O0 -g3 -c -fmessage-length=0 -I../../Final_bsp/microblaze_0/include -mxl-barrel-shift -mxl-pattern-compare -mcpu=v8.50.c -mno-xl-soft-mul -Wl,--no-relax -ffunction-sections -fdata-sections -MMD -MP -MF"src/helloworld.d" -MT"src/helloworld.d" -o "src/helloworld.o" "../src/helloworld.c"
../src/helloworld.c: In function 'main':
../src/helloworld.c:104:19: warning: unused variable 'dps' [-Wunused-variable]
../src/helloworld.c:103:19: warning: unused variable 'char3' [-Wunused-variable]
../src/helloworld.c:102:19: warning: unused variable 'char2' [-Wunused-variable]
../src/helloworld.c:101:19: warning: unused variable 'char1' [-Wunused-variable]
../src/helloworld.c:100:19: warning: unused variable 'char0' [-Wunused-variable]
../src/helloworld.c:67:9: warning: unused variable 'RecievedByteCount2' [-Wunused-variable]
../src/helloworld.c:62:9: warning: unused variable 'test' [-Wunused-variable]
../src/helloworld.c:61:17: warning: unused variable 'Iic' [-Wunused-variable]
'Finished building: ../src/helloworld.c'
' '
'Building target: Final.elf'
'Invoking: MicroBlaze gcc linker'
mb-gcc -Wl,-T -Wl,../src/lscript.ld -L../../Final_bsp/microblaze_0/lib -mxl-barrel-shift -mxl-pattern-compare -mcpu=v8.50.c -mno-xl-soft-mul -Wl,--no-relax -Wl,--gc-sections -o "Final.elf"  ./src/helloworld.o ./src/platform.o   -Wl,--start-group,-lxil,-lgcc,-lc,--end-group
'Finished building target: Final.elf'
' '
'Invoking: MicroBlaze Print Size'
mb-size Final.elf  |tee "Final.elf.size"
   text	   data	    bss	    dec	    hex	filename
  15104	    292	   2092	  17488	   4450	Final.elf
'Finished building: Final.elf.size'
' '
'Invoking: Xilinx ELF Check'
elfcheck Final.elf -hw ../../BSB_hw_platform/system.xml -pe microblaze_0  |tee "Final.elf.elfcheck"
elfcheck
Xilinx EDK 14.7 Build EDK_P.20131013
Copyright (c) 1995-2012 Xilinx, Inc.  All rights reserved.

Command Line: elfcheck -hw ../../BSB_hw_platform/system.xml -pe microblaze_0
Final.elf 

ELF file	: Final.elf
elfcheck passed.
'Finished building: Final.elf.elfcheck'
' '
22:50:42 **** Incremental Build of configuration Debug for project Final ****
make all 
make: Nothing to be done for `all'.
22:52:39 **** Auto Build of configuration Debug for project Final ****
make all 
'Building file: ../src/helloworld.c'
'Invoking: MicroBlaze gcc compiler'
mb-gcc -Wall -O0 -g3 -c -fmessage-length=0 -I../../Final_bsp/microblaze_0/include -mxl-barrel-shift -mxl-pattern-compare -mcpu=v8.50.c -mno-xl-soft-mul -Wl,--no-relax -ffunction-sections -fdata-sections -MMD -MP -MF"src/helloworld.d" -MT"src/helloworld.d" -o "src/helloworld.o" "../src/helloworld.c"
../src/helloworld.c: In function 'main':
../src/helloworld.c:104:19: warning: unused variable 'dps' [-Wunused-variable]
../src/helloworld.c:103:19: warning: variable 'char3' set but not used [-Wunused-but-set-variable]
../src/helloworld.c:102:19: warning: variable 'char2' set but not used [-Wunused-but-set-variable]
../src/helloworld.c:101:19: warning: variable 'char1' set but not used [-Wunused-but-set-variable]
../src/helloworld.c:100:19: warning: variable 'char0' set but not used [-Wunused-but-set-variable]
../src/helloworld.c:67:9: warning: unused variable 'RecievedByteCount2' [-Wunused-variable]
../src/helloworld.c:62:9: warning: unused variable 'test' [-Wunused-variable]
../src/helloworld.c:61:17: warning: unused variable 'Iic' [-Wunused-variable]
'Finished building: ../src/helloworld.c'
' '
'Building target: Final.elf'
'Invoking: MicroBlaze gcc linker'
mb-gcc -Wl,-T -Wl,../src/lscript.ld -L../../Final_bsp/microblaze_0/lib -mxl-barrel-shift -mxl-pattern-compare -mcpu=v8.50.c -mno-xl-soft-mul -Wl,--no-relax -Wl,--gc-sections -o "Final.elf"  ./src/helloworld.o ./src/platform.o   -Wl,--start-group,-lxil,-lgcc,-lc,--end-group
'Finished building target: Final.elf'
' '
'Invoking: MicroBlaze Print Size'
mb-size Final.elf  |tee "Final.elf.size"
   text	   data	    bss	    dec	    hex	filename
  15328	    292	   2092	  17712	   4530	Final.elf
'Finished building: Final.elf.size'
' '
'Invoking: Xilinx ELF Check'
elfcheck Final.elf -hw ../../BSB_hw_platform/system.xml -pe microblaze_0  |tee "Final.elf.elfcheck"
elfcheck
Xilinx EDK 14.7 Build EDK_P.20131013
Copyright (c) 1995-2012 Xilinx, Inc.  All rights reserved.

Command Line: elfcheck -hw ../../BSB_hw_platform/system.xml -pe microblaze_0
Final.elf 

ELF file	: Final.elf
elfcheck passed.
'Finished building: Final.elf.elfcheck'
' '
22:52:44 **** Auto Build of configuration Debug for project Final ****
make all 
'Building file: ../src/helloworld.c'
'Invoking: MicroBlaze gcc compiler'
mb-gcc -Wall -O0 -g3 -c -fmessage-length=0 -I../../Final_bsp/microblaze_0/include -mxl-barrel-shift -mxl-pattern-compare -mcpu=v8.50.c -mno-xl-soft-mul -Wl,--no-relax -ffunction-sections -fdata-sections -MMD -MP -MF"src/helloworld.d" -MT"src/helloworld.d" -o "src/helloworld.o" "../src/helloworld.c"
../src/helloworld.c: In function 'main':
../src/helloworld.c:104:19: warning: unused variable 'dps' [-Wunused-variable]
../src/helloworld.c:103:19: warning: variable 'char3' set but not used [-Wunused-but-set-variable]
../src/helloworld.c:102:19: warning: variable 'char2' set but not used [-Wunused-but-set-variable]
../src/helloworld.c:101:19: warning: variable 'char1' set but not used [-Wunused-but-set-variable]
../src/helloworld.c:100:19: warning: variable 'char0' set but not used [-Wunused-but-set-variable]
../src/helloworld.c:67:9: warning: unused variable 'RecievedByteCount2' [-Wunused-variable]
../src/helloworld.c:62:9: warning: unused variable 'test' [-Wunused-variable]
../src/helloworld.c:61:17: warning: unused variable 'Iic' [-Wunused-variable]
'Finished building: ../src/helloworld.c'
' '
'Building target: Final.elf'
'Invoking: MicroBlaze gcc linker'
mb-gcc -Wl,-T -Wl,../src/lscript.ld -L../../Final_bsp/microblaze_0/lib -mxl-barrel-shift -mxl-pattern-compare -mcpu=v8.50.c -mno-xl-soft-mul -Wl,--no-relax -Wl,--gc-sections -o "Final.elf"  ./src/helloworld.o ./src/platform.o   -Wl,--start-group,-lxil,-lgcc,-lc,--end-group
'Finished building target: Final.elf'
' '
'Invoking: MicroBlaze Print Size'
mb-size Final.elf  |tee "Final.elf.size"
   text	   data	    bss	    dec	    hex	filename
  15300	    292	   2096	  17688	   4518	Final.elf
'Finished building: Final.elf.size'
' '
'Invoking: Xilinx ELF Check'
elfcheck Final.elf -hw ../../BSB_hw_platform/system.xml -pe microblaze_0  |tee "Final.elf.elfcheck"
elfcheck
Xilinx EDK 14.7 Build EDK_P.20131013
Copyright (c) 1995-2012 Xilinx, Inc.  All rights reserved.

Command Line: elfcheck -hw ../../BSB_hw_platform/system.xml -pe microblaze_0
Final.elf 

ELF file	: Final.elf
elfcheck passed.
'Finished building: Final.elf.elfcheck'
' '
22:53:39 **** Auto Build of configuration Debug for project Final ****
make all 
'Building file: ../src/helloworld.c'
'Invoking: MicroBlaze gcc compiler'
mb-gcc -Wall -O0 -g3 -c -fmessage-length=0 -I../../Final_bsp/microblaze_0/include -mxl-barrel-shift -mxl-pattern-compare -mcpu=v8.50.c -mno-xl-soft-mul -Wl,--no-relax -ffunction-sections -fdata-sections -MMD -MP -MF"src/helloworld.d" -MT"src/helloworld.d" -o "src/helloworld.o" "../src/helloworld.c"
../src/helloworld.c: In function 'main':
../src/helloworld.c:104:19: warning: unused variable 'dps' [-Wunused-variable]
../src/helloworld.c:103:19: warning: variable 'char3' set but not used [-Wunused-but-set-variable]
../src/helloworld.c:102:19: warning: variable 'char2' set but not used [-Wunused-but-set-variable]
../src/helloworld.c:101:19: warning: variable 'char1' set but not used [-Wunused-but-set-variable]
../src/helloworld.c:67:9: warning: unused variable 'RecievedByteCount2' [-Wunused-variable]
../src/helloworld.c:62:9: warning: unused variable 'test' [-Wunused-variable]
../src/helloworld.c:61:17: warning: unused variable 'Iic' [-Wunused-variable]
'Finished building: ../src/helloworld.c'
' '
'Building target: Final.elf'
'Invoking: MicroBlaze gcc linker'
mb-gcc -Wl,-T -Wl,../src/lscript.ld -L../../Final_bsp/microblaze_0/lib -mxl-barrel-shift -mxl-pattern-compare -mcpu=v8.50.c -mno-xl-soft-mul -Wl,--no-relax -Wl,--gc-sections -o "Final.elf"  ./src/helloworld.o ./src/platform.o   -Wl,--start-group,-lxil,-lgcc,-lc,--end-group
'Finished building target: Final.elf'
' '
'Invoking: MicroBlaze Print Size'
mb-size Final.elf  |tee "Final.elf.size"
   text	   data	    bss	    dec	    hex	filename
  15244	    292	   2096	  17632	   44e0	Final.elf
'Finished building: Final.elf.size'
' '
'Invoking: Xilinx ELF Check'
elfcheck Final.elf -hw ../../BSB_hw_platform/system.xml -pe microblaze_0  |tee "Final.elf.elfcheck"
elfcheck
Xilinx EDK 14.7 Build EDK_P.20131013
Copyright (c) 1995-2012 Xilinx, Inc.  All rights reserved.

Command Line: elfcheck -hw ../../BSB_hw_platform/system.xml -pe microblaze_0
Final.elf 

ELF file	: Final.elf
elfcheck passed.
'Finished building: Final.elf.elfcheck'
' '
22:53:56 **** Auto Build of configuration Debug for project Final ****
make all 
'Building file: ../src/helloworld.c'
'Invoking: MicroBlaze gcc compiler'
mb-gcc -Wall -O0 -g3 -c -fmessage-length=0 -I../../Final_bsp/microblaze_0/include -mxl-barrel-shift -mxl-pattern-compare -mcpu=v8.50.c -mno-xl-soft-mul -Wl,--no-relax -ffunction-sections -fdata-sections -MMD -MP -MF"src/helloworld.d" -MT"src/helloworld.d" -o "src/helloworld.o" "../src/helloworld.c"
../src/helloworld.c: In function 'main':
../src/helloworld.c:104:19: warning: unused variable 'dps' [-Wunused-variable]
../src/helloworld.c:67:9: warning: unused variable 'RecievedByteCount2' [-Wunused-variable]
../src/helloworld.c:62:9: warning: unused variable 'test' [-Wunused-variable]
../src/helloworld.c:61:17: warning: unused variable 'Iic' [-Wunused-variable]
'Finished building: ../src/helloworld.c'
' '
'Building target: Final.elf'
'Invoking: MicroBlaze gcc linker'
mb-gcc -Wl,-T -Wl,../src/lscript.ld -L../../Final_bsp/microblaze_0/lib -mxl-barrel-shift -mxl-pattern-compare -mcpu=v8.50.c -mno-xl-soft-mul -Wl,--no-relax -Wl,--gc-sections -o "Final.elf"  ./src/helloworld.o ./src/platform.o   -Wl,--start-group,-lxil,-lgcc,-lc,--end-group
'Finished building target: Final.elf'
' '
'Invoking: MicroBlaze Print Size'
mb-size Final.elf  |tee "Final.elf.size"
   text	   data	    bss	    dec	    hex	filename
  15328	    292	   2092	  17712	   4530	Final.elf
'Finished building: Final.elf.size'
' '
'Invoking: Xilinx ELF Check'
elfcheck Final.elf -hw ../../BSB_hw_platform/system.xml -pe microblaze_0  |tee "Final.elf.elfcheck"
elfcheck
Xilinx EDK 14.7 Build EDK_P.20131013
Copyright (c) 1995-2012 Xilinx, Inc.  All rights reserved.

Command Line: elfcheck -hw ../../BSB_hw_platform/system.xml -pe microblaze_0
Final.elf 

ELF file	: Final.elf
elfcheck passed.
'Finished building: Final.elf.elfcheck'
' '
22:54:02 **** Incremental Build of configuration Debug for project Final ****
make all 
make: Nothing to be done for `all'.
22:54:34 **** Auto Build of configuration Debug for project Final ****
make all 
'Building file: ../src/helloworld.c'
'Invoking: MicroBlaze gcc compiler'
mb-gcc -Wall -O0 -g3 -c -fmessage-length=0 -I../../Final_bsp/microblaze_0/include -mxl-barrel-shift -mxl-pattern-compare -mcpu=v8.50.c -mno-xl-soft-mul -Wl,--no-relax -ffunction-sections -fdata-sections -MMD -MP -MF"src/helloworld.d" -MT"src/helloworld.d" -o "src/helloworld.o" "../src/helloworld.c"
../src/helloworld.c: In function 'main':
../src/helloworld.c:105:9: warning: unused variable 'score' [-Wunused-variable]
../src/helloworld.c:104:19: warning: unused variable 'dps' [-Wunused-variable]
../src/helloworld.c:67:9: warning: unused variable 'RecievedByteCount2' [-Wunused-variable]
../src/helloworld.c:62:9: warning: unused variable 'test' [-Wunused-variable]
../src/helloworld.c:61:17: warning: unused variable 'Iic' [-Wunused-variable]
'Finished building: ../src/helloworld.c'
' '
'Building target: Final.elf'
'Invoking: MicroBlaze gcc linker'
mb-gcc -Wl,-T -Wl,../src/lscript.ld -L../../Final_bsp/microblaze_0/lib -mxl-barrel-shift -mxl-pattern-compare -mcpu=v8.50.c -mno-xl-soft-mul -Wl,--no-relax -Wl,--gc-sections -o "Final.elf"  ./src/helloworld.o ./src/platform.o   -Wl,--start-group,-lxil,-lgcc,-lc,--end-group
'Finished building target: Final.elf'
' '
'Invoking: MicroBlaze Print Size'
mb-size Final.elf  |tee "Final.elf.size"
   text	   data	    bss	    dec	    hex	filename
  15016	    292	   2092	  17400	   43f8	Final.elf
'Finished building: Final.elf.size'
' '
'Invoking: Xilinx ELF Check'
elfcheck Final.elf -hw ../../BSB_hw_platform/system.xml -pe microblaze_0  |tee "Final.elf.elfcheck"
elfcheck
Xilinx EDK 14.7 Build EDK_P.20131013
Copyright (c) 1995-2012 Xilinx, Inc.  All rights reserved.

Command Line: elfcheck -hw ../../BSB_hw_platform/system.xml -pe microblaze_0
Final.elf 

ELF file	: Final.elf
elfcheck passed.
'Finished building: Final.elf.elfcheck'
' '
22:54:39 **** Auto Build of configuration Debug for project Final ****
make all 
'Building file: ../src/helloworld.c'
'Invoking: MicroBlaze gcc compiler'
mb-gcc -Wall -O0 -g3 -c -fmessage-length=0 -I../../Final_bsp/microblaze_0/include -mxl-barrel-shift -mxl-pattern-compare -mcpu=v8.50.c -mno-xl-soft-mul -Wl,--no-relax -ffunction-sections -fdata-sections -MMD -MP -MF"src/helloworld.d" -MT"src/helloworld.d" -o "src/helloworld.o" "../src/helloworld.c"
../src/helloworld.c: In function 'main':
../src/helloworld.c:104:19: warning: unused variable 'dps' [-Wunused-variable]
../src/helloworld.c:67:9: warning: unused variable 'RecievedByteCount2' [-Wunused-variable]
../src/helloworld.c:62:9: warning: unused variable 'test' [-Wunused-variable]
../src/helloworld.c:61:17: warning: unused variable 'Iic' [-Wunused-variable]
'Finished building: ../src/helloworld.c'
' '
'Building target: Final.elf'
'Invoking: MicroBlaze gcc linker'
mb-gcc -Wl,-T -Wl,../src/lscript.ld -L../../Final_bsp/microblaze_0/lib -mxl-barrel-shift -mxl-pattern-compare -mcpu=v8.50.c -mno-xl-soft-mul -Wl,--no-relax -Wl,--gc-sections -o "Final.elf"  ./src/helloworld.o ./src/platform.o   -Wl,--start-group,-lxil,-lgcc,-lc,--end-group
'Finished building target: Final.elf'
' '
'Invoking: MicroBlaze Print Size'
mb-size Final.elf  |tee "Final.elf.size"
   text	   data	    bss	    dec	    hex	filename
  15008	    292	   2092	  17392	   43f0	Final.elf
'Finished building: Final.elf.size'
' '
'Invoking: Xilinx ELF Check'
elfcheck Final.elf -hw ../../BSB_hw_platform/system.xml -pe microblaze_0  |tee "Final.elf.elfcheck"
elfcheck
Xilinx EDK 14.7 Build EDK_P.20131013
Copyright (c) 1995-2012 Xilinx, Inc.  All rights reserved.

Command Line: elfcheck -hw ../../BSB_hw_platform/system.xml -pe microblaze_0
Final.elf 

ELF file	: Final.elf
elfcheck passed.
'Finished building: Final.elf.elfcheck'
' '
22:54:42 **** Incremental Build of configuration Debug for project Final ****
make all 
make: Nothing to be done for `all'.
22:57:53 **** Auto Build of configuration Debug for project Final ****
make all 
'Building file: ../src/helloworld.c'
'Invoking: MicroBlaze gcc compiler'
mb-gcc -Wall -O0 -g3 -c -fmessage-length=0 -I../../Final_bsp/microblaze_0/include -mxl-barrel-shift -mxl-pattern-compare -mcpu=v8.50.c -mno-xl-soft-mul -Wl,--no-relax -ffunction-sections -fdata-sections -MMD -MP -MF"src/helloworld.d" -MT"src/helloworld.d" -o "src/helloworld.o" "../src/helloworld.c"
../src/helloworld.c: In function 'main':
../src/helloworld.c:104:19: warning: unused variable 'dps' [-Wunused-variable]
../src/helloworld.c:67:9: warning: unused variable 'RecievedByteCount2' [-Wunused-variable]
../src/helloworld.c:62:9: warning: unused variable 'test' [-Wunused-variable]
../src/helloworld.c:61:17: warning: unused variable 'Iic' [-Wunused-variable]
'Finished building: ../src/helloworld.c'
' '
'Building target: Final.elf'
'Invoking: MicroBlaze gcc linker'
mb-gcc -Wl,-T -Wl,../src/lscript.ld -L../../Final_bsp/microblaze_0/lib -mxl-barrel-shift -mxl-pattern-compare -mcpu=v8.50.c -mno-xl-soft-mul -Wl,--no-relax -Wl,--gc-sections -o "Final.elf"  ./src/helloworld.o ./src/platform.o   -Wl,--start-group,-lxil,-lgcc,-lc,--end-group
'Finished building target: Final.elf'
' '
'Invoking: MicroBlaze Print Size'
mb-size Final.elf  |tee "Final.elf.size"
   text	   data	    bss	    dec	    hex	filename
  15012	    292	   2096	  17400	   43f8	Final.elf
'Finished building: Final.elf.size'
' '
'Invoking: Xilinx ELF Check'
elfcheck Final.elf -hw ../../BSB_hw_platform/system.xml -pe microblaze_0  |tee "Final.elf.elfcheck"
elfcheck
Xilinx EDK 14.7 Build EDK_P.20131013
Copyright (c) 1995-2012 Xilinx, Inc.  All rights reserved.

Command Line: elfcheck -hw ../../BSB_hw_platform/system.xml -pe microblaze_0
Final.elf 

ELF file	: Final.elf
elfcheck passed.
'Finished building: Final.elf.elfcheck'
' '
22:57:57 **** Incremental Build of configuration Debug for project Final ****
make all 
make: Nothing to be done for `all'.
23:04:50 **** Auto Build of configuration Debug for project Final ****
make all 
'Building file: ../src/helloworld.c'
'Invoking: MicroBlaze gcc compiler'
mb-gcc -Wall -O0 -g3 -c -fmessage-length=0 -I../../Final_bsp/microblaze_0/include -mxl-barrel-shift -mxl-pattern-compare -mcpu=v8.50.c -mno-xl-soft-mul -Wl,--no-relax -ffunction-sections -fdata-sections -MMD -MP -MF"src/helloworld.d" -MT"src/helloworld.d" -o "src/helloworld.o" "../src/helloworld.c"
../src/helloworld.c: In function 'main':
../src/helloworld.c:104:19: warning: unused variable 'dps' [-Wunused-variable]
../src/helloworld.c:67:9: warning: unused variable 'RecievedByteCount2' [-Wunused-variable]
../src/helloworld.c:62:9: warning: unused variable 'test' [-Wunused-variable]
../src/helloworld.c:61:17: warning: unused variable 'Iic' [-Wunused-variable]
'Finished building: ../src/helloworld.c'
' '
'Building target: Final.elf'
'Invoking: MicroBlaze gcc linker'
mb-gcc -Wl,-T -Wl,../src/lscript.ld -L../../Final_bsp/microblaze_0/lib -mxl-barrel-shift -mxl-pattern-compare -mcpu=v8.50.c -mno-xl-soft-mul -Wl,--no-relax -Wl,--gc-sections -o "Final.elf"  ./src/helloworld.o ./src/platform.o   -Wl,--start-group,-lxil,-lgcc,-lc,--end-group
'Finished building target: Final.elf'
' '
'Invoking: MicroBlaze Print Size'
mb-size Final.elf  |tee "Final.elf.size"
   text	   data	    bss	    dec	    hex	filename
  15136	    292	   2092	  17520	   4470	Final.elf
'Finished building: Final.elf.size'
' '
'Invoking: Xilinx ELF Check'
elfcheck Final.elf -hw ../../BSB_hw_platform/system.xml -pe microblaze_0  |tee "Final.elf.elfcheck"
elfcheck
Xilinx EDK 14.7 Build EDK_P.20131013
Copyright (c) 1995-2012 Xilinx, Inc.  All rights reserved.

Command Line: elfcheck -hw ../../BSB_hw_platform/system.xml -pe microblaze_0
Final.elf 

ELF file	: Final.elf
elfcheck passed.
'Finished building: Final.elf.elfcheck'
' '
23:04:54 **** Incremental Build of configuration Debug for project Final ****
make all 
make: Nothing to be done for `all'.
23:06:53 **** Auto Build of configuration Debug for project Final ****
make all 
'Building file: ../src/helloworld.c'
'Invoking: MicroBlaze gcc compiler'
mb-gcc -Wall -O0 -g3 -c -fmessage-length=0 -I../../Final_bsp/microblaze_0/include -mxl-barrel-shift -mxl-pattern-compare -mcpu=v8.50.c -mno-xl-soft-mul -Wl,--no-relax -ffunction-sections -fdata-sections -MMD -MP -MF"src/helloworld.d" -MT"src/helloworld.d" -o "src/helloworld.o" "../src/helloworld.c"
../src/helloworld.c: In function 'main':
../src/helloworld.c:104:19: warning: unused variable 'dps' [-Wunused-variable]
../src/helloworld.c:67:9: warning: unused variable 'RecievedByteCount2' [-Wunused-variable]
../src/helloworld.c:62:9: warning: unused variable 'test' [-Wunused-variable]
../src/helloworld.c:61:17: warning: unused variable 'Iic' [-Wunused-variable]
'Finished building: ../src/helloworld.c'
' '
'Building target: Final.elf'
'Invoking: MicroBlaze gcc linker'
mb-gcc -Wl,-T -Wl,../src/lscript.ld -L../../Final_bsp/microblaze_0/lib -mxl-barrel-shift -mxl-pattern-compare -mcpu=v8.50.c -mno-xl-soft-mul -Wl,--no-relax -Wl,--gc-sections -o "Final.elf"  ./src/helloworld.o ./src/platform.o   -Wl,--start-group,-lxil,-lgcc,-lc,--end-group
'Finished building target: Final.elf'
' '
'Invoking: MicroBlaze Print Size'
mb-size Final.elf  |tee "Final.elf.size"
   text	   data	    bss	    dec	    hex	filename
  15136	    292	   2092	  17520	   4470	Final.elf
'Finished building: Final.elf.size'
' '
'Invoking: Xilinx ELF Check'
elfcheck Final.elf -hw ../../BSB_hw_platform/system.xml -pe microblaze_0  |tee "Final.elf.elfcheck"
elfcheck
Xilinx EDK 14.7 Build EDK_P.20131013
Copyright (c) 1995-2012 Xilinx, Inc.  All rights reserved.

Command Line: elfcheck -hw ../../BSB_hw_platform/system.xml -pe microblaze_0
Final.elf 

ELF file	: Final.elf
elfcheck passed.
'Finished building: Final.elf.elfcheck'
' '
23:06:57 **** Incremental Build of configuration Debug for project Final ****
make all 
make: Nothing to be done for `all'.
23:07:43 **** Auto Build of configuration Debug for project Final ****
make all 
'Building file: ../src/helloworld.c'
'Invoking: MicroBlaze gcc compiler'
mb-gcc -Wall -O0 -g3 -c -fmessage-length=0 -I../../Final_bsp/microblaze_0/include -mxl-barrel-shift -mxl-pattern-compare -mcpu=v8.50.c -mno-xl-soft-mul -Wl,--no-relax -ffunction-sections -fdata-sections -MMD -MP -MF"src/helloworld.d" -MT"src/helloworld.d" -o "src/helloworld.o" "../src/helloworld.c"
../src/helloworld.c: In function 'main':
../src/helloworld.c:104:19: warning: unused variable 'dps' [-Wunused-variable]
../src/helloworld.c:67:9: warning: unused variable 'RecievedByteCount2' [-Wunused-variable]
../src/helloworld.c:62:9: warning: unused variable 'test' [-Wunused-variable]
../src/helloworld.c:61:17: warning: unused variable 'Iic' [-Wunused-variable]
'Finished building: ../src/helloworld.c'
' '
'Building target: Final.elf'
'Invoking: MicroBlaze gcc linker'
mb-gcc -Wl,-T -Wl,../src/lscript.ld -L../../Final_bsp/microblaze_0/lib -mxl-barrel-shift -mxl-pattern-compare -mcpu=v8.50.c -mno-xl-soft-mul -Wl,--no-relax -Wl,--gc-sections -o "Final.elf"  ./src/helloworld.o ./src/platform.o   -Wl,--start-group,-lxil,-lgcc,-lc,--end-group
'Finished building target: Final.elf'
' '
'Invoking: MicroBlaze Print Size'
mb-size Final.elf  |tee "Final.elf.size"
   text	   data	    bss	    dec	    hex	filename
  15028	    292	   2096	  17416	   4408	Final.elf
'Finished building: Final.elf.size'
' '
'Invoking: Xilinx ELF Check'
elfcheck Final.elf -hw ../../BSB_hw_platform/system.xml -pe microblaze_0  |tee "Final.elf.elfcheck"
elfcheck
Xilinx EDK 14.7 Build EDK_P.20131013
Copyright (c) 1995-2012 Xilinx, Inc.  All rights reserved.

Command Line: elfcheck -hw ../../BSB_hw_platform/system.xml -pe microblaze_0
Final.elf 

ELF file	: Final.elf
elfcheck passed.
'Finished building: Final.elf.elfcheck'
' '
23:07:55 **** Auto Build of configuration Debug for project Final ****
make all 
'Building file: ../src/helloworld.c'
'Invoking: MicroBlaze gcc compiler'
mb-gcc -Wall -O0 -g3 -c -fmessage-length=0 -I../../Final_bsp/microblaze_0/include -mxl-barrel-shift -mxl-pattern-compare -mcpu=v8.50.c -mno-xl-soft-mul -Wl,--no-relax -ffunction-sections -fdata-sections -MMD -MP -MF"src/helloworld.d" -MT"src/helloworld.d" -o "src/helloworld.o" "../src/helloworld.c"
../src/helloworld.c: In function 'main':
../src/helloworld.c:104:19: warning: unused variable 'dps' [-Wunused-variable]
../src/helloworld.c:67:9: warning: unused variable 'RecievedByteCount2' [-Wunused-variable]
../src/helloworld.c:62:9: warning: unused variable 'test' [-Wunused-variable]
../src/helloworld.c:61:17: warning: unused variable 'Iic' [-Wunused-variable]
'Finished building: ../src/helloworld.c'
' '
'Building target: Final.elf'
'Invoking: MicroBlaze gcc linker'
mb-gcc -Wl,-T -Wl,../src/lscript.ld -L../../Final_bsp/microblaze_0/lib -mxl-barrel-shift -mxl-pattern-compare -mcpu=v8.50.c -mno-xl-soft-mul -Wl,--no-relax -Wl,--gc-sections -o "Final.elf"  ./src/helloworld.o ./src/platform.o   -Wl,--start-group,-lxil,-lgcc,-lc,--end-group
'Finished building target: Final.elf'
' '
'Invoking: MicroBlaze Print Size'
mb-size Final.elf  |tee "Final.elf.size"
   text	   data	    bss	    dec	    hex	filename
  15028	    292	   2096	  17416	   4408	Final.elf
'Finished building: Final.elf.size'
' '
'Invoking: Xilinx ELF Check'
elfcheck Final.elf -hw ../../BSB_hw_platform/system.xml -pe microblaze_0  |tee "Final.elf.elfcheck"
elfcheck
Xilinx EDK 14.7 Build EDK_P.20131013
Copyright (c) 1995-2012 Xilinx, Inc.  All rights reserved.

Command Line: elfcheck -hw ../../BSB_hw_platform/system.xml -pe microblaze_0
Final.elf 

ELF file	: Final.elf
elfcheck passed.
'Finished building: Final.elf.elfcheck'
' '
23:07:58 **** Incremental Build of configuration Debug for project Final ****
make all 
make: Nothing to be done for `all'.
23:08:37 **** Auto Build of configuration Debug for project Final ****
make all 
'Building file: ../src/helloworld.c'
[...]
Final.elf 

ELF file	: Final.elf
elfcheck passed.
'Finished building: Final.elf.elfcheck'
' '
00:00:57 **** Auto Build of configuration Debug for project Final ****
make all 
'Building file: ../src/helloworld.c'
'Invoking: MicroBlaze gcc compiler'
mb-gcc -Wall -O0 -g3 -c -fmessage-length=0 -I../../Final_bsp/microblaze_0/include -mxl-barrel-shift -mxl-pattern-compare -mcpu=v8.50.c -mno-xl-soft-mul -Wl,--no-relax -ffunction-sections -fdata-sections -MMD -MP -MF"src/helloworld.d" -MT"src/helloworld.d" -o "src/helloworld.o" "../src/helloworld.c"
../src/helloworld.c: In function 'main':
../src/helloworld.c:67:9: warning: unused variable 'RecievedByteCount2' [-Wunused-variable]
../src/helloworld.c:62:9: warning: unused variable 'test' [-Wunused-variable]
../src/helloworld.c:61:17: warning: unused variable 'Iic' [-Wunused-variable]
../src/helloworld.c:57:6: warning: unused variable 'i' [-Wunused-variable]
'Finished building: ../src/helloworld.c'
' '
'Building target: Final.elf'
'Invoking: MicroBlaze gcc linker'
mb-gcc -Wl,-T -Wl,../src/lscript.ld -L../../Final_bsp/microblaze_0/lib -mxl-barrel-shift -mxl-pattern-compare -mcpu=v8.50.c -mno-xl-soft-mul -Wl,--no-relax -Wl,--gc-sections -o "Final.elf"  ./src/helloworld.o ./src/platform.o   -Wl,--start-group,-lxil,-lgcc,-lc,--end-group
'Finished building target: Final.elf'
' '
'Invoking: MicroBlaze Print Size'
mb-size Final.elf  |tee "Final.elf.size"
   text	   data	    bss	    dec	    hex	filename
  15380	    292	   2096	  17768	   4568	Final.elf
'Finished building: Final.elf.size'
' '
'Invoking: Xilinx ELF Check'
elfcheck Final.elf -hw ../../BSB_hw_platform/system.xml -pe microblaze_0  |tee "Final.elf.elfcheck"
elfcheck
Xilinx EDK 14.7 Build EDK_P.20131013
Copyright (c) 1995-2012 Xilinx, Inc.  All rights reserved.

Command Line: elfcheck -hw ../../BSB_hw_platform/system.xml -pe microblaze_0
Final.elf 

ELF file	: Final.elf
elfcheck passed.
'Finished building: Final.elf.elfcheck'
' '
00:01:01 **** Incremental Build of configuration Debug for project Final ****
make all 
make: Nothing to be done for `all'.
00:03:33 **** Auto Build of configuration Debug for project Final ****
make all 
'Building file: ../src/helloworld.c'
'Invoking: MicroBlaze gcc compiler'
mb-gcc -Wall -O0 -g3 -c -fmessage-length=0 -I../../Final_bsp/microblaze_0/include -mxl-barrel-shift -mxl-pattern-compare -mcpu=v8.50.c -mno-xl-soft-mul -Wl,--no-relax -ffunction-sections -fdata-sections -MMD -MP -MF"src/helloworld.d" -MT"src/helloworld.d" -o "src/helloworld.o" "../src/helloworld.c"
../src/helloworld.c: In function 'main':
../src/helloworld.c:67:9: warning: unused variable 'RecievedByteCount2' [-Wunused-variable]
../src/helloworld.c:62:9: warning: unused variable 'test' [-Wunused-variable]
../src/helloworld.c:61:17: warning: unused variable 'Iic' [-Wunused-variable]
../src/helloworld.c:57:6: warning: unused variable 'i' [-Wunused-variable]
'Finished building: ../src/helloworld.c'
' '
'Building target: Final.elf'
'Invoking: MicroBlaze gcc linker'
mb-gcc -Wl,-T -Wl,../src/lscript.ld -L../../Final_bsp/microblaze_0/lib -mxl-barrel-shift -mxl-pattern-compare -mcpu=v8.50.c -mno-xl-soft-mul -Wl,--no-relax -Wl,--gc-sections -o "Final.elf"  ./src/helloworld.o ./src/platform.o   -Wl,--start-group,-lxil,-lgcc,-lc,--end-group
'Finished building target: Final.elf'
' '
'Invoking: MicroBlaze Print Size'
mb-size Final.elf  |tee "Final.elf.size"
   text	   data	    bss	    dec	    hex	filename
  16404	    292	   2096	  18792	   4968	Final.elf
'Finished building: Final.elf.size'
' '
'Invoking: Xilinx ELF Check'
elfcheck Final.elf -hw ../../BSB_hw_platform/system.xml -pe microblaze_0  |tee "Final.elf.elfcheck"
elfcheck
Xilinx EDK 14.7 Build EDK_P.20131013
Copyright (c) 1995-2012 Xilinx, Inc.  All rights reserved.

Command Line: elfcheck -hw ../../BSB_hw_platform/system.xml -pe microblaze_0
Final.elf 

ELF file	: Final.elf
elfcheck passed.
'Finished building: Final.elf.elfcheck'
' '
00:03:37 **** Incremental Build of configuration Debug for project Final ****
make all 
make: Nothing to be done for `all'.
00:07:51 **** Auto Build of configuration Debug for project Final ****
make all 
'Building file: ../src/helloworld.c'
'Invoking: MicroBlaze gcc compiler'
mb-gcc -Wall -O0 -g3 -c -fmessage-length=0 -I../../Final_bsp/microblaze_0/include -mxl-barrel-shift -mxl-pattern-compare -mcpu=v8.50.c -mno-xl-soft-mul -Wl,--no-relax -ffunction-sections -fdata-sections -MMD -MP -MF"src/helloworld.d" -MT"src/helloworld.d" -o "src/helloworld.o" "../src/helloworld.c"
../src/helloworld.c: In function 'main':
../src/helloworld.c:67:9: warning: unused variable 'RecievedByteCount2' [-Wunused-variable]
../src/helloworld.c:62:9: warning: unused variable 'test' [-Wunused-variable]
../src/helloworld.c:61:17: warning: unused variable 'Iic' [-Wunused-variable]
../src/helloworld.c:57:6: warning: unused variable 'i' [-Wunused-variable]
'Finished building: ../src/helloworld.c'
' '
'Building target: Final.elf'
'Invoking: MicroBlaze gcc linker'
mb-gcc -Wl,-T -Wl,../src/lscript.ld -L../../Final_bsp/microblaze_0/lib -mxl-barrel-shift -mxl-pattern-compare -mcpu=v8.50.c -mno-xl-soft-mul -Wl,--no-relax -Wl,--gc-sections -o "Final.elf"  ./src/helloworld.o ./src/platform.o   -Wl,--start-group,-lxil,-lgcc,-lc,--end-group
'Finished building target: Final.elf'
' '
'Invoking: MicroBlaze Print Size'
mb-size Final.elf  |tee "Final.elf.size"
   text	   data	    bss	    dec	    hex	filename
  16404	    292	   2096	  18792	   4968	Final.elf
'Finished building: Final.elf.size'
' '
'Invoking: Xilinx ELF Check'
elfcheck Final.elf -hw ../../BSB_hw_platform/system.xml -pe microblaze_0  |tee "Final.elf.elfcheck"
elfcheck
Xilinx EDK 14.7 Build EDK_P.20131013
Copyright (c) 1995-2012 Xilinx, Inc.  All rights reserved.

Command Line: elfcheck -hw ../../BSB_hw_platform/system.xml -pe microblaze_0
Final.elf 

ELF file	: Final.elf
elfcheck passed.
'Finished building: Final.elf.elfcheck'
' '
00:08:22 **** Auto Build of configuration Debug for project Final ****
make all 
'Building file: ../src/helloworld.c'
'Invoking: MicroBlaze gcc compiler'
mb-gcc -Wall -O0 -g3 -c -fmessage-length=0 -I../../Final_bsp/microblaze_0/include -mxl-barrel-shift -mxl-pattern-compare -mcpu=v8.50.c -mno-xl-soft-mul -Wl,--no-relax -ffunction-sections -fdata-sections -MMD -MP -MF"src/helloworld.d" -MT"src/helloworld.d" -o "src/helloworld.o" "../src/helloworld.c"
../src/helloworld.c: In function 'main':
../src/helloworld.c:70:9: warning: unused variable 'RecievedByteCount2' [-Wunused-variable]
../src/helloworld.c:65:9: warning: unused variable 'lowtemp' [-Wunused-variable]
../src/helloworld.c:64:9: warning: unused variable 'hightemp' [-Wunused-variable]
../src/helloworld.c:62:9: warning: unused variable 'test' [-Wunused-variable]
../src/helloworld.c:61:17: warning: unused variable 'Iic' [-Wunused-variable]
../src/helloworld.c:57:6: warning: unused variable 'i' [-Wunused-variable]
'Finished building: ../src/helloworld.c'
' '
'Building target: Final.elf'
'Invoking: MicroBlaze gcc linker'
mb-gcc -Wl,-T -Wl,../src/lscript.ld -L../../Final_bsp/microblaze_0/lib -mxl-barrel-shift -mxl-pattern-compare -mcpu=v8.50.c -mno-xl-soft-mul -Wl,--no-relax -Wl,--gc-sections -o "Final.elf"  ./src/helloworld.o ./src/platform.o   -Wl,--start-group,-lxil,-lgcc,-lc,--end-group
'Finished building target: Final.elf'
' '
'Invoking: MicroBlaze Print Size'
mb-size Final.elf  |tee "Final.elf.size"
   text	   data	    bss	    dec	    hex	filename
  16404	    292	   2096	  18792	   4968	Final.elf
'Finished building: Final.elf.size'
' '
'Invoking: Xilinx ELF Check'
elfcheck Final.elf -hw ../../BSB_hw_platform/system.xml -pe microblaze_0  |tee "Final.elf.elfcheck"
elfcheck
Xilinx EDK 14.7 Build EDK_P.20131013
Copyright (c) 1995-2012 Xilinx, Inc.  All rights reserved.

Command Line: elfcheck -hw ../../BSB_hw_platform/system.xml -pe microblaze_0
Final.elf 

ELF file	: Final.elf
elfcheck passed.
'Finished building: Final.elf.elfcheck'
' '
00:08:44 **** Auto Build of configuration Debug for project Final ****
make all 
'Building file: ../src/helloworld.c'
'Invoking: MicroBlaze gcc compiler'
mb-gcc -Wall -O0 -g3 -c -fmessage-length=0 -I../../Final_bsp/microblaze_0/include -mxl-barrel-shift -mxl-pattern-compare -mcpu=v8.50.c -mno-xl-soft-mul -Wl,--no-relax -ffunction-sections -fdata-sections -MMD -MP -MF"src/helloworld.d" -MT"src/helloworld.d" -o "src/helloworld.o" "../src/helloworld.c"
../src/helloworld.c: In function 'main':
../src/helloworld.c:70:9: warning: unused variable 'RecievedByteCount2' [-Wunused-variable]
../src/helloworld.c:65:9: warning: unused variable 'lowtemp' [-Wunused-variable]
../src/helloworld.c:64:9: warning: unused variable 'hightemp' [-Wunused-variable]
../src/helloworld.c:62:9: warning: unused variable 'test' [-Wunused-variable]
../src/helloworld.c:61:17: warning: unused variable 'Iic' [-Wunused-variable]
../src/helloworld.c:57:6: warning: unused variable 'i' [-Wunused-variable]
'Finished building: ../src/helloworld.c'
' '
'Building target: Final.elf'
'Invoking: MicroBlaze gcc linker'
mb-gcc -Wl,-T -Wl,../src/lscript.ld -L../../Final_bsp/microblaze_0/lib -mxl-barrel-shift -mxl-pattern-compare -mcpu=v8.50.c -mno-xl-soft-mul -Wl,--no-relax -Wl,--gc-sections -o "Final.elf"  ./src/helloworld.o ./src/platform.o   -Wl,--start-group,-lxil,-lgcc,-lc,--end-group
'Finished building target: Final.elf'
' '
'Invoking: MicroBlaze Print Size'
mb-size Final.elf  |tee "Final.elf.size"
   text	   data	    bss	    dec	    hex	filename
  16420	    292	   2096	  18808	   4978	Final.elf
'Finished building: Final.elf.size'
' '
'Invoking: Xilinx ELF Check'
elfcheck Final.elf -hw ../../BSB_hw_platform/system.xml -pe microblaze_0  |tee "Final.elf.elfcheck"
elfcheck
Xilinx EDK 14.7 Build EDK_P.20131013
Copyright (c) 1995-2012 Xilinx, Inc.  All rights reserved.

Command Line: elfcheck -hw ../../BSB_hw_platform/system.xml -pe microblaze_0
Final.elf 

ELF file	: Final.elf
elfcheck passed.
'Finished building: Final.elf.elfcheck'
' '
00:09:21 **** Auto Build of configuration Debug for project Final ****
make all 
'Building file: ../src/helloworld.c'
'Invoking: MicroBlaze gcc compiler'
mb-gcc -Wall -O0 -g3 -c -fmessage-length=0 -I../../Final_bsp/microblaze_0/include -mxl-barrel-shift -mxl-pattern-compare -mcpu=v8.50.c -mno-xl-soft-mul -Wl,--no-relax -ffunction-sections -fdata-sections -MMD -MP -MF"src/helloworld.d" -MT"src/helloworld.d" -o "src/helloworld.o" "../src/helloworld.c"
../src/helloworld.c: In function 'main':
../src/helloworld.c:70:9: warning: unused variable 'RecievedByteCount2' [-Wunused-variable]
../src/helloworld.c:65:9: warning: unused variable 'lowtemp' [-Wunused-variable]
../src/helloworld.c:64:9: warning: unused variable 'hightemp' [-Wunused-variable]
../src/helloworld.c:62:9: warning: unused variable 'test' [-Wunused-variable]
../src/helloworld.c:61:17: warning: unused variable 'Iic' [-Wunused-variable]
../src/helloworld.c:57:6: warning: unused variable 'i' [-Wunused-variable]
'Finished building: ../src/helloworld.c'
' '
'Building target: Final.elf'
'Invoking: MicroBlaze gcc linker'
mb-gcc -Wl,-T -Wl,../src/lscript.ld -L../../Final_bsp/microblaze_0/lib -mxl-barrel-shift -mxl-pattern-compare -mcpu=v8.50.c -mno-xl-soft-mul -Wl,--no-relax -Wl,--gc-sections -o "Final.elf"  ./src/helloworld.o ./src/platform.o   -Wl,--start-group,-lxil,-lgcc,-lc,--end-group
'Finished building target: Final.elf'
' '
'Invoking: MicroBlaze Print Size'
mb-size Final.elf  |tee "Final.elf.size"
   text	   data	    bss	    dec	    hex	filename
  16420	    292	   2096	  18808	   4978	Final.elf
'Finished building: Final.elf.size'
' '
'Invoking: Xilinx ELF Check'
elfcheck Final.elf -hw ../../BSB_hw_platform/system.xml -pe microblaze_0  |tee "Final.elf.elfcheck"
elfcheck
Xilinx EDK 14.7 Build EDK_P.20131013
Copyright (c) 1995-2012 Xilinx, Inc.  All rights reserved.

Command Line: elfcheck -hw ../../BSB_hw_platform/system.xml -pe microblaze_0
Final.elf 

ELF file	: Final.elf
elfcheck passed.
'Finished building: Final.elf.elfcheck'
' '
00:09:49 **** Auto Build of configuration Debug for project Final ****
make all 
'Building file: ../src/helloworld.c'
'Invoking: MicroBlaze gcc compiler'
mb-gcc -Wall -O0 -g3 -c -fmessage-length=0 -I../../Final_bsp/microblaze_0/include -mxl-barrel-shift -mxl-pattern-compare -mcpu=v8.50.c -mno-xl-soft-mul -Wl,--no-relax -ffunction-sections -fdata-sections -MMD -MP -MF"src/helloworld.d" -MT"src/helloworld.d" -o "src/helloworld.o" "../src/helloworld.c"
../src/helloworld.c: In function 'main':
../src/helloworld.c:72:9: warning: unused variable 'RecievedByteCount2' [-Wunused-variable]
../src/helloworld.c:67:9: warning: unused variable 'l_t' [-Wunused-variable]
../src/helloworld.c:66:9: warning: unused variable 'h_t' [-Wunused-variable]
../src/helloworld.c:62:9: warning: unused variable 'test' [-Wunused-variable]
../src/helloworld.c:61:17: warning: unused variable 'Iic' [-Wunused-variable]
../src/helloworld.c:57:6: warning: unused variable 'i' [-Wunused-variable]
'Finished building: ../src/helloworld.c'
' '
'Building target: Final.elf'
'Invoking: MicroBlaze gcc linker'
mb-gcc -Wl,-T -Wl,../src/lscript.ld -L../../Final_bsp/microblaze_0/lib -mxl-barrel-shift -mxl-pattern-compare -mcpu=v8.50.c -mno-xl-soft-mul -Wl,--no-relax -Wl,--gc-sections -o "Final.elf"  ./src/helloworld.o ./src/platform.o   -Wl,--start-group,-lxil,-lgcc,-lc,--end-group
'Finished building target: Final.elf'
' '
'Invoking: MicroBlaze Print Size'
mb-size Final.elf  |tee "Final.elf.size"
   text	   data	    bss	    dec	    hex	filename
  16436	    292	   2096	  18824	   4988	Final.elf
'Finished building: Final.elf.size'
' '
'Invoking: Xilinx ELF Check'
elfcheck Final.elf -hw ../../BSB_hw_platform/system.xml -pe microblaze_0  |tee "Final.elf.elfcheck"
elfcheck
Xilinx EDK 14.7 Build EDK_P.20131013
Copyright (c) 1995-2012 Xilinx, Inc.  All rights reserved.

Command Line: elfcheck -hw ../../BSB_hw_platform/system.xml -pe microblaze_0
Final.elf 

ELF file	: Final.elf
elfcheck passed.
'Finished building: Final.elf.elfcheck'
' '
00:10:51 **** Auto Build of configuration Debug for project Final ****
make all 
'Building file: ../src/helloworld.c'
'Invoking: MicroBlaze gcc compiler'
mb-gcc -Wall -O0 -g3 -c -fmessage-length=0 -I../../Final_bsp/microblaze_0/include -mxl-barrel-shift -mxl-pattern-compare -mcpu=v8.50.c -mno-xl-soft-mul -Wl,--no-relax -ffunction-sections -fdata-sections -MMD -MP -MF"src/helloworld.d" -MT"src/helloworld.d" -o "src/helloworld.o" "../src/helloworld.c"
../src/helloworld.c: In function 'main':
../src/helloworld.c:72:9: warning: unused variable 'RecievedByteCount2' [-Wunused-variable]
../src/helloworld.c:67:9: warning: unused variable 'l_t' [-Wunused-variable]
../src/helloworld.c:62:9: warning: unused variable 'test' [-Wunused-variable]
../src/helloworld.c:61:17: warning: unused variable 'Iic' [-Wunused-variable]
../src/helloworld.c:57:6: warning: unused variable 'i' [-Wunused-variable]
'Finished building: ../src/helloworld.c'
' '
'Building target: Final.elf'
'Invoking: MicroBlaze gcc linker'
mb-gcc -Wl,-T -Wl,../src/lscript.ld -L../../Final_bsp/microblaze_0/lib -mxl-barrel-shift -mxl-pattern-compare -mcpu=v8.50.c -mno-xl-soft-mul -Wl,--no-relax -Wl,--gc-sections -o "Final.elf"  ./src/helloworld.o ./src/platform.o   -Wl,--start-group,-lxil,-lgcc,-lc,--end-group
'Finished building target: Final.elf'
' '
'Invoking: MicroBlaze Print Size'
mb-size Final.elf  |tee "Final.elf.size"
   text	   data	    bss	    dec	    hex	filename
  16920	    292	   2092	  19304	   4b68	Final.elf
'Finished building: Final.elf.size'
' '
'Invoking: Xilinx ELF Check'
elfcheck Final.elf -hw ../../BSB_hw_platform/system.xml -pe microblaze_0  |tee "Final.elf.elfcheck"
elfcheck
Xilinx EDK 14.7 Build EDK_P.20131013
Copyright (c) 1995-2012 Xilinx, Inc.  All rights reserved.

Command Line: elfcheck -hw ../../BSB_hw_platform/system.xml -pe microblaze_0
Final.elf 

ELF file	: Final.elf
elfcheck passed.
'Finished building: Final.elf.elfcheck'
' '
00:11:27 **** Auto Build of configuration Debug for project Final ****
make all 
'Building file: ../src/helloworld.c'
'Invoking: MicroBlaze gcc compiler'
mb-gcc -Wall -O0 -g3 -c -fmessage-length=0 -I../../Final_bsp/microblaze_0/include -mxl-barrel-shift -mxl-pattern-compare -mcpu=v8.50.c -mno-xl-soft-mul -Wl,--no-relax -ffunction-sections -fdata-sections -MMD -MP -MF"src/helloworld.d" -MT"src/helloworld.d" -o "src/helloworld.o" "../src/helloworld.c"
../src/helloworld.c: In function 'main':
../src/helloworld.c:72:9: warning: unused variable 'RecievedByteCount2' [-Wunused-variable]
../src/helloworld.c:62:9: warning: unused variable 'test' [-Wunused-variable]
../src/helloworld.c:61:17: warning: unused variable 'Iic' [-Wunused-variable]
../src/helloworld.c:57:6: warning: unused variable 'i' [-Wunused-variable]
'Finished building: ../src/helloworld.c'
' '
'Building target: Final.elf'
'Invoking: MicroBlaze gcc linker'
mb-gcc -Wl,-T -Wl,../src/lscript.ld -L../../Final_bsp/microblaze_0/lib -mxl-barrel-shift -mxl-pattern-compare -mcpu=v8.50.c -mno-xl-soft-mul -Wl,--no-relax -Wl,--gc-sections -o "Final.elf"  ./src/helloworld.o ./src/platform.o   -Wl,--start-group,-lxil,-lgcc,-lc,--end-group
'Finished building target: Final.elf'
' '
'Invoking: MicroBlaze Print Size'
mb-size Final.elf  |tee "Final.elf.size"
   text	   data	    bss	    dec	    hex	filename
  17092	    292	   2096	  19480	   4c18	Final.elf
'Finished building: Final.elf.size'
' '
'Invoking: Xilinx ELF Check'
elfcheck Final.elf -hw ../../BSB_hw_platform/system.xml -pe microblaze_0  |tee "Final.elf.elfcheck"
elfcheck
Xilinx EDK 14.7 Build EDK_P.20131013
Copyright (c) 1995-2012 Xilinx, Inc.  All rights reserved.

Command Line: elfcheck -hw ../../BSB_hw_platform/system.xml -pe microblaze_0
Final.elf 

ELF file	: Final.elf
elfcheck passed.
'Finished building: Final.elf.elfcheck'
' '
00:11:31 **** Incremental Build of configuration Debug for project Final ****
make all 
make: Nothing to be done for `all'.
00:12:18 **** Auto Build of configuration Debug for project Final ****
make all 
'Building file: ../src/helloworld.c'
'Invoking: MicroBlaze gcc compiler'
mb-gcc -Wall -O0 -g3 -c -fmessage-length=0 -I../../Final_bsp/microblaze_0/include -mxl-barrel-shift -mxl-pattern-compare -mcpu=v8.50.c -mno-xl-soft-mul -Wl,--no-relax -ffunction-sections -fdata-sections -MMD -MP -MF"src/helloworld.d" -MT"src/helloworld.d" -o "src/helloworld.o" "../src/helloworld.c"
../src/helloworld.c: In function 'main':
../src/helloworld.c:72:9: warning: unused variable 'RecievedByteCount2' [-Wunused-variable]
../src/helloworld.c:62:9: warning: unused variable 'test' [-Wunused-variable]
../src/helloworld.c:61:17: warning: unused variable 'Iic' [-Wunused-variable]
../src/helloworld.c:57:6: warning: unused variable 'i' [-Wunused-variable]
'Finished building: ../src/helloworld.c'
' '
'Building target: Final.elf'
'Invoking: MicroBlaze gcc linker'
mb-gcc -Wl,-T -Wl,../src/lscript.ld -L../../Final_bsp/microblaze_0/lib -mxl-barrel-shift -mxl-pattern-compare -mcpu=v8.50.c -mno-xl-soft-mul -Wl,--no-relax -Wl,--gc-sections -o "Final.elf"  ./src/helloworld.o ./src/platform.o   -Wl,--start-group,-lxil,-lgcc,-lc,--end-group
'Finished building target: Final.elf'
' '
'Invoking: MicroBlaze Print Size'
mb-size Final.elf  |tee "Final.elf.size"
   text	   data	    bss	    dec	    hex	filename
  17108	    292	   2096	  19496	   4c28	Final.elf
'Finished building: Final.elf.size'
' '
'Invoking: Xilinx ELF Check'
elfcheck Final.elf -hw ../../BSB_hw_platform/system.xml -pe microblaze_0  |tee "Final.elf.elfcheck"
elfcheck
Xilinx EDK 14.7 Build EDK_P.20131013
Copyright (c) 1995-2012 Xilinx, Inc.  All rights reserved.

Command Line: elfcheck -hw ../../BSB_hw_platform/system.xml -pe microblaze_0
Final.elf 

ELF file	: Final.elf
elfcheck passed.
'Finished building: Final.elf.elfcheck'
' '
00:12:22 **** Incremental Build of configuration Debug for project Final ****
make all 
make: Nothing to be done for `all'.
