19:47:55 **** Build of project ledsdemo_bsp ****
make -k all 
libgen -hw ../BSB_hw_platform/system.xml\
	       \
	       -pe microblaze_0 \
	       -log libgen.log \
	       system.mss
libgen
Xilinx EDK 14.7 Build EDK_P.20131013
Copyright (c) 1995-2012 Xilinx, Inc.  All rights reserved.

Command Line: libgen -hw ../BSB_hw_platform/system.xml -pe microblaze_0 -log
libgen.log system.mss 


Staging source files.
Running DRCs.
Running generate.
Running post_generate.
Running include - 'make -s include "COMPILER=mb-gcc" "ARCHIVER=mb-ar"
"COMPILER_FLAGS=-mno-xl-soft-mul -mxl-barrel-shift -mxl-pattern-compare
-mcpu=v8.50.c  -O2 -c" "EXTRA_COMPILER_FLAGS=-g -ffunction-sections
-fdata-sections"'.

Running libs - 'make -s libs "COMPILER=mb-gcc" "ARCHIVER=mb-ar"
"COMPILER_FLAGS=-mno-xl-soft-mul -mxl-barrel-shift -mxl-pattern-compare
-mcpu=v8.50.c  -O2 -c" "EXTRA_COMPILER_FLAGS=-g -ffunction-sections
-fdata-sections"'.
"Compiling common"
"Compiling standalone";
"Compiling gpio"
"Compiling bram"
"Compiling uartlite"
"Compiling cpu"
Running execs_generate.
'Finished building libraries'
19:48:09 **** Build of configuration Debug for project ledsdemo ****
make all 
'Building file: ../src/helloworld.c'
'Invoking: MicroBlaze gcc compiler'
mb-gcc -Wall -O0 -g3 -c -fmessage-length=0 -I../../ledsdemo_bsp/microblaze_0/include -mxl-barrel-shift -mxl-pattern-compare -mcpu=v8.50.c -mno-xl-soft-mul -Wl,--no-relax -ffunction-sections -fdata-sections -MMD -MP -MF"src/helloworld.d" -MT"src/helloworld.d" -o "src/helloworld.o" "../src/helloworld.c"
'Finished building: ../src/helloworld.c'
' '
'Building file: ../src/platform.c'
'Invoking: MicroBlaze gcc compiler'
mb-gcc -Wall -O0 -g3 -c -fmessage-length=0 -I../../ledsdemo_bsp/microblaze_0/include -mxl-barrel-shift -mxl-pattern-compare -mcpu=v8.50.c -mno-xl-soft-mul -Wl,--no-relax -ffunction-sections -fdata-sections -MMD -MP -MF"src/platform.d" -MT"src/platform.d" -o "src/platform.o" "../src/platform.c"
'Finished building: ../src/platform.c'
' '
'Building target: ledsdemo.elf'
'Invoking: MicroBlaze gcc linker'
mb-gcc -Wl,-T -Wl,../src/lscript.ld -L../../ledsdemo_bsp/microblaze_0/lib -mxl-barrel-shift -mxl-pattern-compare -mcpu=v8.50.c -mno-xl-soft-mul -Wl,--no-relax -Wl,--gc-sections -o "ledsdemo.elf"  ./src/helloworld.o ./src/platform.o   -Wl,--start-group,-lxil,-lgcc,-lc,--end-group
'Finished building target: ledsdemo.elf'
' '
'Invoking: MicroBlaze Print Size'
mb-size ledsdemo.elf  |tee "ledsdemo.elf.size"
   text	   data	    bss	    dec	    hex	filename
   2174	    268	   2084	   4526	   11ae	ledsdemo.elf
'Finished building: ledsdemo.elf.size'
' '
'Invoking: Xilinx ELF Check'
elfcheck ledsdemo.elf -hw ../../BSB_hw_platform/system.xml -pe microblaze_0  |tee "ledsdemo.elf.elfcheck"
elfcheck
Xilinx EDK 14.7 Build EDK_P.20131013
Copyright (c) 1995-2012 Xilinx, Inc.  All rights reserved.

Command Line: elfcheck -hw ../../BSB_hw_platform/system.xml -pe microblaze_0
ledsdemo.elf 

ELF file	: ledsdemo.elf
elfcheck passed.
'Finished building: ledsdemo.elf.elfcheck'
' '
19:48:18 **** Auto Build of configuration Debug for project ledsdemo ****
make all 
'Building file: ../src/helloworld.c'
'Invoking: MicroBlaze gcc compiler'
mb-gcc -Wall -O0 -g3 -c -fmessage-length=0 -I../../ledsdemo_bsp/microblaze_0/include -mxl-barrel-shift -mxl-pattern-compare -mcpu=v8.50.c -mno-xl-soft-mul -Wl,--no-relax -ffunction-sections -fdata-sections -MMD -MP -MF"src/helloworld.d" -MT"src/helloworld.d" -o "src/helloworld.o" "../src/helloworld.c"
'Finished building: ../src/helloworld.c'
' '
'Building target: ledsdemo.elf'
'Invoking: MicroBlaze gcc linker'
mb-gcc -Wl,-T -Wl,../src/lscript.ld -L../../ledsdemo_bsp/microblaze_0/lib -mxl-barrel-shift -mxl-pattern-compare -mcpu=v8.50.c -mno-xl-soft-mul -Wl,--no-relax -Wl,--gc-sections -o "ledsdemo.elf"  ./src/helloworld.o ./src/platform.o   -Wl,--start-group,-lxil,-lgcc,-lc,--end-group
'Finished building target: ledsdemo.elf'
' '
'Invoking: MicroBlaze Print Size'
mb-size ledsdemo.elf  |tee "ledsdemo.elf.size"
   text	   data	    bss	    dec	    hex	filename
   2174	    268	   2084	   4526	   11ae	ledsdemo.elf
'Finished building: ledsdemo.elf.size'
' '
'Invoking: Xilinx ELF Check'
elfcheck ledsdemo.elf -hw ../../BSB_hw_platform/system.xml -pe microblaze_0  |tee "ledsdemo.elf.elfcheck"
elfcheck
Xilinx EDK 14.7 Build EDK_P.20131013
Copyright (c) 1995-2012 Xilinx, Inc.  All rights reserved.

Command Line: elfcheck -hw ../../BSB_hw_platform/system.xml -pe microblaze_0
ledsdemo.elf 

ELF file	: ledsdemo.elf
elfcheck passed.
'Finished building: ledsdemo.elf.elfcheck'
' '
19:48:27 **** Auto Build of configuration Debug for project ledsdemo ****
make all 
'Building file: ../src/helloworld.c'
'Invoking: MicroBlaze gcc compiler'
mb-gcc -Wall -O0 -g3 -c -fmessage-length=0 -I../../ledsdemo_bsp/microblaze_0/include -mxl-barrel-shift -mxl-pattern-compare -mcpu=v8.50.c -mno-xl-soft-mul -Wl,--no-relax -ffunction-sections -fdata-sections -MMD -MP -MF"src/helloworld.d" -MT"src/helloworld.d" -o "src/helloworld.o" "../src/helloworld.c"
'Finished building: ../src/helloworld.c'
' '
'Building target: ledsdemo.elf'
'Invoking: MicroBlaze gcc linker'
mb-gcc -Wl,-T -Wl,../src/lscript.ld -L../../ledsdemo_bsp/microblaze_0/lib -mxl-barrel-shift -mxl-pattern-compare -mcpu=v8.50.c -mno-xl-soft-mul -Wl,--no-relax -Wl,--gc-sections -o "ledsdemo.elf"  ./src/helloworld.o ./src/platform.o   -Wl,--start-group,-lxil,-lgcc,-lc,--end-group
'Finished building target: ledsdemo.elf'
' '
'Invoking: MicroBlaze Print Size'
mb-size ledsdemo.elf  |tee "ledsdemo.elf.size"
   text	   data	    bss	    dec	    hex	filename
   2174	    268	   2084	   4526	   11ae	ledsdemo.elf
'Finished building: ledsdemo.elf.size'
' '
'Invoking: Xilinx ELF Check'
elfcheck ledsdemo.elf -hw ../../BSB_hw_platform/system.xml -pe microblaze_0  |tee "ledsdemo.elf.elfcheck"
elfcheck
Xilinx EDK 14.7 Build EDK_P.20131013
Copyright (c) 1995-2012 Xilinx, Inc.  All rights reserved.

Command Line: elfcheck -hw ../../BSB_hw_platform/system.xml -pe microblaze_0
ledsdemo.elf 

ELF file	: ledsdemo.elf
elfcheck passed.
'Finished building: ledsdemo.elf.elfcheck'
' '
19:51:12 **** Auto Build of configuration Debug for project ledsdemo ****
make all 
'Building file: ../src/helloworld.c'
'Invoking: MicroBlaze gcc compiler'
mb-gcc -Wall -O0 -g3 -c -fmessage-length=0 -I../../ledsdemo_bsp/microblaze_0/include -mxl-barrel-shift -mxl-pattern-compare -mcpu=v8.50.c -mno-xl-soft-mul -Wl,--no-relax -ffunction-sections -fdata-sections -MMD -MP -MF"src/helloworld.d" -MT"src/helloworld.d" -o "src/helloworld.o" "../src/helloworld.c"
../src/helloworld.c: In function 'main':
../src/helloworld.c:43:34: error: 'XPAR_MY_CUSTOM_IP_REG_0_BASEADDR' undeclared (first use in this function)
../src/helloworld.c:43:34: note: each undeclared identifier is reported only once for each function it appears in
make: *** [src/helloworld.o] Error 1
19:51:30 **** Auto Build of configuration Debug for project ledsdemo ****
make all 
'Building file: ../src/helloworld.c'
'Invoking: MicroBlaze gcc compiler'
mb-gcc -Wall -O0 -g3 -c -fmessage-length=0 -I../../ledsdemo_bsp/microblaze_0/include -mxl-barrel-shift -mxl-pattern-compare -mcpu=v8.50.c -mno-xl-soft-mul -Wl,--no-relax -ffunction-sections -fdata-sections -MMD -MP -MF"src/helloworld.d" -MT"src/helloworld.d" -o "src/helloworld.o" "../src/helloworld.c"
../src/helloworld.c: In function 'main':
../src/helloworld.c:43:34: error: 'XPAR_MY_CUSTOM_IP_REG_0_BASEADDR' undeclared (first use in this function)
../src/helloworld.c:43:34: note: each undeclared identifier is reported only once for each function it appears in
make: *** [src/helloworld.o] Error 1
19:51:55 **** Auto Build of configuration Debug for project ledsdemo ****
make all 
'Building file: ../src/helloworld.c'
'Invoking: MicroBlaze gcc compiler'
mb-gcc -Wall -O0 -g3 -c -fmessage-length=0 -I../../ledsdemo_bsp/microblaze_0/include -mxl-barrel-shift -mxl-pattern-compare -mcpu=v8.50.c -mno-xl-soft-mul -Wl,--no-relax -ffunction-sections -fdata-sections -MMD -MP -MF"src/helloworld.d" -MT"src/helloworld.d" -o "src/helloworld.o" "../src/helloworld.c"
'Finished building: ../src/helloworld.c'
' '
'Building target: ledsdemo.elf'
'Invoking: MicroBlaze gcc linker'
mb-gcc -Wl,-T -Wl,../src/lscript.ld -L../../ledsdemo_bsp/microblaze_0/lib -mxl-barrel-shift -mxl-pattern-compare -mcpu=v8.50.c -mno-xl-soft-mul -Wl,--no-relax -Wl,--gc-sections -o "ledsdemo.elf"  ./src/helloworld.o ./src/platform.o   -Wl,--start-group,-lxil,-lgcc,-lc,--end-group
'Finished building target: ledsdemo.elf'
' '
'Invoking: MicroBlaze Print Size'
mb-size ledsdemo.elf  |tee "ledsdemo.elf.size"
   text	   data	    bss	    dec	    hex	filename
   5378	    272	   2086	   7736	   1e38	ledsdemo.elf
'Finished building: ledsdemo.elf.size'
' '
'Invoking: Xilinx ELF Check'
elfcheck ledsdemo.elf -hw ../../BSB_hw_platform/system.xml -pe microblaze_0  |tee "ledsdemo.elf.elfcheck"
elfcheck
Xilinx EDK 14.7 Build EDK_P.20131013
Copyright (c) 1995-2012 Xilinx, Inc.  All rights reserved.

Command Line: elfcheck -hw ../../BSB_hw_platform/system.xml -pe microblaze_0
ledsdemo.elf 

ELF file	: ledsdemo.elf
elfcheck passed.
'Finished building: ledsdemo.elf.elfcheck'
' '
19:52:47 **** Auto Build of project ledsdemo_bsp ****
make -k all 
'Finished building libraries'
19:53:04 **** Incremental Build of configuration Debug for project ledsdemo ****
make all 
make: Nothing to be done for `all'.
19:53:32 **** Incremental Build of configuration Debug for project ledsdemo ****
make all 
make: Nothing to be done for `all'.
19:59:30 **** Incremental Build of configuration Debug for project ledsdemo ****
make all 
make: Nothing to be done for `all'.
20:01:26 **** Auto Build of configuration Debug for project ledsdemo ****
make all 
'Building file: ../src/helloworld.c'
'Invoking: MicroBlaze gcc compiler'
mb-gcc -Wall -O0 -g3 -c -fmessage-length=0 -I../../ledsdemo_bsp/microblaze_0/include -mxl-barrel-shift -mxl-pattern-compare -mcpu=v8.50.c -mno-xl-soft-mul -Wl,--no-relax -ffunction-sections -fdata-sections -MMD -MP -MF"src/helloworld.d" -MT"src/helloworld.d" -o "src/helloworld.o" "../src/helloworld.c"
'Finished building: ../src/helloworld.c'
' '
'Building target: ledsdemo.elf'
'Invoking: MicroBlaze gcc linker'
mb-gcc -Wl,-T -Wl,../src/lscript.ld -L../../ledsdemo_bsp/microblaze_0/lib -mxl-barrel-shift -mxl-pattern-compare -mcpu=v8.50.c -mno-xl-soft-mul -Wl,--no-relax -Wl,--gc-sections -o "ledsdemo.elf"  ./src/helloworld.o ./src/platform.o   -Wl,--start-group,-lxil,-lgcc,-lc,--end-group
'Finished building target: ledsdemo.elf'
' '
'Invoking: MicroBlaze Print Size'
mb-size ledsdemo.elf  |tee "ledsdemo.elf.size"
   text	   data	    bss	    dec	    hex	filename
   5390	    272	   2080	   7742	   1e3e	ledsdemo.elf
'Finished building: ledsdemo.elf.size'
' '
'Invoking: Xilinx ELF Check'
elfcheck ledsdemo.elf -hw ../../BSB_hw_platform/system.xml -pe microblaze_0  |tee "ledsdemo.elf.elfcheck"
elfcheck
Xilinx EDK 14.7 Build EDK_P.20131013
Copyright (c) 1995-2012 Xilinx, Inc.  All rights reserved.

Command Line: elfcheck -hw ../../BSB_hw_platform/system.xml -pe microblaze_0
ledsdemo.elf 

ELF file	: ledsdemo.elf
elfcheck passed.
'Finished building: ledsdemo.elf.elfcheck'
' '
20:01:31 **** Incremental Build of configuration Debug for project ledsdemo ****
make all 
make: Nothing to be done for `all'.
20:03:19 **** Auto Build of configuration Debug for project ledsdemo ****
make all 
'Building file: ../src/helloworld.c'
'Invoking: MicroBlaze gcc compiler'
mb-gcc -Wall -O0 -g3 -c -fmessage-length=0 -I../../ledsdemo_bsp/microblaze_0/include -mxl-barrel-shift -mxl-pattern-compare -mcpu=v8.50.c -mno-xl-soft-mul -Wl,--no-relax -ffunction-sections -fdata-sections -MMD -MP -MF"src/helloworld.d" -MT"src/helloworld.d" -o "src/helloworld.o" "../src/helloworld.c"
'Finished building: ../src/helloworld.c'
' '
'Building target: ledsdemo.elf'
'Invoking: MicroBlaze gcc linker'
mb-gcc -Wl,-T -Wl,../src/lscript.ld -L../../ledsdemo_bsp/microblaze_0/lib -mxl-barrel-shift -mxl-pattern-compare -mcpu=v8.50.c -mno-xl-soft-mul -Wl,--no-relax -Wl,--gc-sections -o "ledsdemo.elf"  ./src/helloworld.o ./src/platform.o   -Wl,--start-group,-lxil,-lgcc,-lc,--end-group
'Finished building target: ledsdemo.elf'
' '
'Invoking: MicroBlaze Print Size'
mb-size ledsdemo.elf  |tee "ledsdemo.elf.size"
   text	   data	    bss	    dec	    hex	filename
   5402	    272	   2086	   7760	   1e50	ledsdemo.elf
'Finished building: ledsdemo.elf.size'
' '
'Invoking: Xilinx ELF Check'
elfcheck ledsdemo.elf -hw ../../BSB_hw_platform/system.xml -pe microblaze_0  |tee "ledsdemo.elf.elfcheck"
elfcheck
Xilinx EDK 14.7 Build EDK_P.20131013
Copyright (c) 1995-2012 Xilinx, Inc.  All rights reserved.

Command Line: elfcheck -hw ../../BSB_hw_platform/system.xml -pe microblaze_0
ledsdemo.elf 

ELF file	: ledsdemo.elf
elfcheck passed.
'Finished building: ledsdemo.elf.elfcheck'
' '
20:03:25 **** Auto Build of configuration Debug for project ledsdemo ****
make all 
'Building file: ../src/helloworld.c'
'Invoking: MicroBlaze gcc compiler'
mb-gcc -Wall -O0 -g3 -c -fmessage-length=0 -I../../ledsdemo_bsp/microblaze_0/include -mxl-barrel-shift -mxl-pattern-compare -mcpu=v8.50.c -mno-xl-soft-mul -Wl,--no-relax -ffunction-sections -fdata-sections -MMD -MP -MF"src/helloworld.d" -MT"src/helloworld.d" -o "src/helloworld.o" "../src/helloworld.c"
'Finished building: ../src/helloworld.c'
' '
'Building target: ledsdemo.elf'
'Invoking: MicroBlaze gcc linker'
mb-gcc -Wl,-T -Wl,../src/lscript.ld -L../../ledsdemo_bsp/microblaze_0/lib -mxl-barrel-shift -mxl-pattern-compare -mcpu=v8.50.c -mno-xl-soft-mul -Wl,--no-relax -Wl,--gc-sections -o "ledsdemo.elf"  ./src/helloworld.o ./src/platform.o   -Wl,--start-group,-lxil,-lgcc,-lc,--end-group
'Finished building target: ledsdemo.elf'
' '
'Invoking: MicroBlaze Print Size'
mb-size ledsdemo.elf  |tee "ledsdemo.elf.size"
   text	   data	    bss	    dec	    hex	filename
   5390	    272	   2080	   7742	   1e3e	ledsdemo.elf
'Finished building: ledsdemo.elf.size'
' '
'Invoking: Xilinx ELF Check'
elfcheck ledsdemo.elf -hw ../../BSB_hw_platform/system.xml -pe microblaze_0  |tee "ledsdemo.elf.elfcheck"
elfcheck
Xilinx EDK 14.7 Build EDK_P.20131013
Copyright (c) 1995-2012 Xilinx, Inc.  All rights reserved.

Command Line: elfcheck -hw ../../BSB_hw_platform/system.xml -pe microblaze_0
ledsdemo.elf 

ELF file	: ledsdemo.elf
elfcheck passed.
'Finished building: ledsdemo.elf.elfcheck'
' '
20:03:27 **** Incremental Build of configuration Debug for project ledsdemo ****
make all 
make: Nothing to be done for `all'.
20:15:36 **** Auto Build of project ledsdemo_bsp ****
make -k all 
'Finished building libraries'
20:15:39 **** Incremental Build of configuration Debug for project ledsdemo ****
make all 
make: Nothing to be done for `all'.
20:17:39 **** Auto Build of configuration Debug for project ledsdemo ****
make all 
'Building file: ../src/helloworld.c'
'Invoking: MicroBlaze gcc compiler'
mb-gcc -Wall -O0 -g3 -c -fmessage-length=0 -I../../ledsdemo_bsp/microblaze_0/include -mxl-barrel-shift -mxl-pattern-compare -mcpu=v8.50.c -mno-xl-soft-mul -Wl,--no-relax -ffunction-sections -fdata-sections -MMD -MP -MF"src/helloworld.d" -MT"src/helloworld.d" -o "src/helloworld.o" "../src/helloworld.c"
'Finished building: ../src/helloworld.c'
' '
'Building target: ledsdemo.elf'
'Invoking: MicroBlaze gcc linker'
mb-gcc -Wl,-T -Wl,../src/lscript.ld -L../../ledsdemo_bsp/microblaze_0/lib -mxl-barrel-shift -mxl-pattern-compare -mcpu=v8.50.c -mno-xl-soft-mul -Wl,--no-relax -Wl,--gc-sections -o "ledsdemo.elf"  ./src/helloworld.o ./src/platform.o   -Wl,--start-group,-lxil,-lgcc,-lc,--end-group
'Finished building target: ledsdemo.elf'
' '
'Invoking: MicroBlaze Print Size'
mb-size ledsdemo.elf  |tee "ledsdemo.elf.size"
   text	   data	    bss	    dec	    hex	filename
   5270	    272	   2080	   7622	   1dc6	ledsdemo.elf
'Finished building: ledsdemo.elf.size'
' '
'Invoking: Xilinx ELF Check'
elfcheck ledsdemo.elf -hw ../../BSB_hw_platform/system.xml -pe microblaze_0  |tee "ledsdemo.elf.elfcheck"
elfcheck
Xilinx EDK 14.7 Build EDK_P.20131013
Copyright (c) 1995-2012 Xilinx, Inc.  All rights reserved.

Command Line: elfcheck -hw ../../BSB_hw_platform/system.xml -pe microblaze_0
ledsdemo.elf 

ELF file	: ledsdemo.elf
elfcheck passed.
'Finished building: ledsdemo.elf.elfcheck'
' '
20:17:43 **** Incremental Build of configuration Debug for project ledsdemo ****
make all 
make: Nothing to be done for `all'.
